08-16 07:44:29.382  2875  2910 I ContactLocale: AddressBook Labels [en-US]: [, A, B, C, D, E, F, G, H, I, J, K, L, M, N, O, P, Q, R, S, T, U, V, W, X, Y, Z, , , , , , , , , , , , , , , , , , , , , , , , , , , , , , , , , , , , , , , , , , , , , , , , , , , , , , , , , , , , , , , , , , , , , , , , , , , , , , , , , , , , , , , , , , , , , , , , , , , , , , , , , , , , , , , , , , , , , , , , , , , , , , , , , , , , , , , , , , , , , , , , , , , , , , , , , , , , , , , , , , , , , , , , , , , , , , , , , , , , , , , , , , , #, ]
08-16 07:44:29.394   896  1322 D ActivityManager: cleanUpApplicationRecord -- 2172
08-16 07:44:29.398  1643  2915 D PackageBroadcastService: Received broadcast action=android.intent.action.PACKAGE_CHANGED and uri=com.google.android.gms
08-16 07:44:29.403  1643  2915 I PackageBroadcastService: Null package name or gms related package.  Ignoreing.
08-16 07:44:29.404  2373  2916 I UpdateIcingCorporaServi: Updating corpora: APPS=com.google.android.gms, CONTACTS=MAYBE
08-16 07:44:29.414   896   907 I ActivityManager: Start proc 2918:de.robv.android.xposed.installer/u0a85 for broadcast de.robv.android.xposed.installer/.receivers.PackageChangeReceiver
08-16 07:44:29.432  1643  2345 I Icing   : updateResources: need to parse f{com.google.android.gms}
08-16 07:44:29.446  2918  2918 W System  : ClassLoader referenced unknown path: /data/app/de.robv.android.xposed.installer-1/lib/arm
08-16 07:44:29.471  2373  2916 I UpdateIcingCorporaServi: UpdateCorporaTask done [took 66 ms] updated apps [took 66 ms] 
08-16 07:44:29.475   896   915 D ActivityRecognitionProxy: AR HW instance not available, binding will be a no-op.
08-16 07:44:29.597   896  1697 I ActivityManager: Killing 2194:com.android.managedprovisioning/u0a17 (adj 15): empty #17
08-16 07:44:29.605  2875  2910 D ContactDirectoryManager: Found com.google.contacts.gal.provider
08-16 07:44:29.605  2875  2910 D ContactDirectoryManager: Found com.google.android.gm.exchange.directory.provider
08-16 07:44:29.624   896  1693 D ActivityManager: cleanUpApplicationRecord -- 2194
08-16 07:44:29.678  2875  2910 I ContactDirectoryManager: deleted 0 stale rows which don't have any relevant directory
08-16 07:44:29.686  2875  2910 I ContactDirectoryManager: Discovered 0 contact directories in 196ms
08-16 07:44:31.112  1055  1055 W Binder_3: type=1400 audit(0.0:44): avc: denied { ioctl } for path="socket:[21755]" dev="sockfs" ino=21755 ioctlcmd=7704 scontext=u:r:system_server:s0 tcontext=u:r:system_server:s0 tclass=unix_stream_socket permissive=0
08-16 07:44:31.112  1055  1055 W Binder_3: type=1400 audit(0.0:45): avc: denied { ioctl } for path="socket:[21755]" dev="sockfs" ino=21755 ioctlcmd=7704 scontext=u:r:system_server:s0 tcontext=u:r:system_server:s0 tclass=unix_stream_socket permissive=0
08-16 07:44:33.969   896   916 I ActivityManager: Waited long enough for: ServiceRecord{f4b49bd u0 com.google.android.gms/.config.ConfigFetchService}
08-16 07:44:34.331   896  1356 I ActivityManager: Killing 2359:com.lge.SprintHiddenMenu/1000 (adj 15): empty #17
08-16 07:44:34.406   896   906 D ActivityManager: cleanUpApplicationRecord -- 2359
08-16 07:44:34.970   896   916 I ActivityManager: Waited long enough for: ServiceRecord{6e75055 u0 com.google.android.calendar/com.android.calendar.alerts.InitAlarmsService}
08-16 07:44:37.049   896   916 I ActivityManager: Waited long enough for: ServiceRecord{31a0584 u0 com.qualcomm.qcrilmsgtunnel/.QcrilMsgTunnelService}
08-16 07:44:39.108  1643  2332 I CheckinService: Done disabling old GoogleServicesFramework version
08-16 07:44:39.582  1055  1055 W Binder_3: type=1400 audit(0.0:46): avc: denied { ioctl } for path="socket:[21782]" dev="sockfs" ino=21782 ioctlcmd=7704 scontext=u:r:system_server:s0 tcontext=u:r:system_server:s0 tclass=unix_stream_socket permissive=0
08-16 07:44:39.582  1055  1055 W Binder_3: type=1400 audit(0.0:47): avc: denied { ioctl } for path="socket:[21782]" dev="sockfs" ino=21782 ioctlcmd=7704 scontext=u:r:system_server:s0 tcontext=u:r:system_server:s0 tclass=unix_stream_socket permissive=0
08-16 07:44:40.125   896   999 D WifiConfigStore: Retrieve network priorities after PNO.
08-16 07:44:50.114   896  1055 I ActivityManager: Killing 1535:com.google.android.partnersetup/u0a16 (adj 15): empty #17
08-16 07:44:50.158   896   905 I art     : Background partial concurrent mark sweep GC freed 41180(2MB) AllocSpace objects, 3(60KB) LOS objects, 33% free, 22MB/34MB, paused 754us total 112.728ms
08-16 07:44:50.227   896   923 I PowerManagerService: Going to sleep due to screen timeout (uid 1000)...
08-16 07:44:50.674   896   907 D ActivityManager: cleanUpApplicationRecord -- 1535
08-16 07:44:50.675   896   923 I PowerManagerService: Sleeping (uid 1000)...
08-16 07:44:50.681  2373  2383 W SearchService: Abort, client detached.
08-16 07:44:50.672   906   906 W Binder_1: type=1400 audit(0.0:48): avc: denied { ioctl } for path="socket:[19609]" dev="sockfs" ino=19609 ioctlcmd=7704 scontext=u:r:system_server:s0 tcontext=u:r:system_server:s0 tclass=unix_stream_socket permissive=0
08-16 07:44:50.687   896   923 I Adreno-EGL: <qeglDrvAPI_eglInitialize:379>: QUALCOMM Build: 10/21/15, 369a2ea, I96aee987eb
08-16 07:44:50.695  2373  2373 I HotwordDetector: Closing mic
08-16 07:44:50.696  2373  2607 I MicrophoneInputStream: mic_close com.google.android.apps.gsa.speech.audio.x@588b8c4
08-16 07:44:50.696  2373  2615 E AudioRecord-JNI: Error -4 during AudioRecord native read
08-16 07:44:50.710   896   896 W ProcessCpuTracker: Skipping unknown process pid 2965
08-16 07:44:50.716   896   896 W ProcessCpuTracker: Skipping unknown process pid 2969
08-16 07:44:50.719   896   896 W ProcessCpuTracker: Skipping unknown process pid 2982
08-16 07:44:50.672   906   906 W Binder_1: type=1400 audit(0.0:49): avc: denied { ioctl } for path="socket:[19609]" dev="sockfs" ino=19609 ioctlcmd=7704 scontext=u:r:system_server:s0 tcontext=u:r:system_server:s0 tclass=unix_stream_socket permissive=0
08-16 07:44:50.720   896   896 W ProcessCpuTracker: Skipping unknown process pid 2983
08-16 07:44:50.722   283  1713 D PermissionCache: checking android.permission.READ_FRAME_BUFFER for uid=1000 => granted (210 us)
08-16 07:44:50.760   290  2621 D audio_hw_primary: disable_audio_route: reset and update mixer path: audio-record
08-16 07:44:50.760   290  2621 D audio_hw_primary: disable_snd_device: snd_device(61: voice-rec-mic)
08-16 07:44:50.766  2373  2614 I MicroRecognitionRnrImpl: Detection finished
08-16 07:44:50.767  2373  2612 I MicroRecognitionRnrImpl: Stopping hotword detection.
08-16 07:44:50.783  1315  1315 I Keyboard.Facilitator: onFinishInput()
08-16 07:44:50.842   896  1354 I ActivityManager: Killing 2437:com.google.process.gapps/u0a47 (adj 15): empty #17
08-16 07:44:50.914   896  1322 D ActivityManager: cleanUpApplicationRecord -- 2437
08-16 07:44:50.927  1374  1669 D GCoreFlp: FLP HAL exists but batch size is <= 0.  Disabling FLP HAL.
08-16 07:44:50.927   283   283 D SurfaceFlinger: shader cache generated - 24 shaders in 193.010468 ms
08-16 07:44:51.407   896   923 V KeyguardServiceDelegate: onScreenTurnedOff()
08-16 07:44:51.420   896   923 E libEGL  : call to OpenGL ES API with no current context (logged once per thread)
08-16 07:44:51.423   896   921 I DisplayManagerService: Display device changed state: "Built-in Screen", OFF
08-16 07:44:51.428   283   283 D SurfaceFlinger: Set power mode=0, type=0 flinger=0xb6a64000
08-16 07:44:51.428   283   283 D qdhwcomposer: hwc_blank: Blanking display: 0
08-16 07:44:51.714   283   283 D qdhwcomposer: hwc_blank: Done blanking display: 0
08-16 07:44:51.724   896  1016 D SurfaceControl: Excessive delay in setPowerMode(): 300ms
08-16 07:44:51.725  2014  2018 E ANDR-PERF-LOCK: Failed to apply optimization for resource: 4 level: 0
08-16 07:44:51.788   290   939 D audio_hw_primary: adev_set_parameters: enter: screen_state=on
08-16 07:44:51.794   896   999 D WifiConfigStore: Retrieve network priorities after PNO.
08-16 07:44:51.797   896   999 E native  : do suspend false
08-16 07:44:51.802   896   999 D WifiConfigStore: No blacklist allowed without epno enabled
08-16 07:44:51.836   290  1007 D audio_hw_primary: adev_set_parameters: enter: screen_state=off
08-16 07:44:51.840   896   999 D WifiConfigStore: Retrieve network priorities before PNO. Max priority: 1
08-16 07:44:51.844  1387  3022 D NfcService: Discovery configuration equal, not updating.
08-16 07:44:51.895   896   999 E native  : do suspend true
08-16 07:44:52.297   896   999 D WifiStateMachine: Disconnected CMD_START_SCAN source -2 6, 7 -> obsolete
08-16 07:44:55.130   896   999 D WifiStateMachine: Disconnected CMD_START_SCAN source -2 4, 7 -> obsolete
08-16 07:44:55.740   301   387 I ThermalEngine: TM Id 'SKIN_THERMAL_management_1' Sensor 'xo_therm_pu2' - alarm cleared 1 at 38.0 degC
08-16 07:44:55.740   301   387 I ThermalEngine: ACTION: CPU - Setting CPU[0] to 2265600
08-16 07:44:55.740   301   387 I ThermalEngine: ACTION: CPU - Setting CPU[1] to 2265600
08-16 07:44:55.740   301   387 I ThermalEngine: ACTION: CPU - Setting CPU[2] to 2265600
08-16 07:44:55.740   301   387 I ThermalEngine: ACTION: CPU - Setting CPU[3] to 2265600
08-16 07:44:55.740   301   387 I ThermalEngine: ACTION: LCD - Setting max LCD brightness to 255
08-16 07:44:55.744  1048  1048 D PhoneStatusBar: disable: < expand ICONS* alerts SYSTEM_INFO* back home recent clock search quick_settings >
08-16 07:44:55.800  1048  1048 D PhoneStatusBar: disable: < expand ICONS alerts SYSTEM_INFO back HOME* RECENT* clock SEARCH* quick_settings >
08-16 07:45:10.817   896   991 I PowerManagerService: Waking up from sleep (uid 1000)...
08-16 07:45:10.818   896   923 I DisplayPowerController: Blocking screen on until initial contents have been drawn.
08-16 07:45:10.818   896   923 V KeyguardServiceDelegate: onScreenTurnedOn(showListener = com.android.server.policy.PhoneWindowManager$2@d10968a)
08-16 07:45:10.822   896   896 V KeyguardServiceDelegate: onStartedWakingUp()
08-16 07:45:10.828   290   290 D audio_hw_primary: adev_set_parameters: enter: screen_state=on
08-16 07:45:10.830   896   907 V KeyguardServiceDelegate: **** SHOWN CALLED ****
08-16 07:45:10.841   896   999 D WifiConfigStore: Retrieve network priorities after PNO.
08-16 07:45:10.845   896   999 E native  : do suspend false
08-16 07:45:10.900   896   999 D WifiConfigStore: No blacklist allowed without epno enabled
08-16 07:45:10.900  2014  2018 E ANDR-PERF-LOCK: Failed to reset optimization for resource: 4 level: 0
08-16 07:45:10.900   896   921 I DisplayManagerService: Display device changed state: "Built-in Screen", ON
08-16 07:45:10.901   283   283 D SurfaceFlinger: Set power mode=2, type=0 flinger=0xb6a64000
08-16 07:45:10.901   283   283 D qdhwcomposer: hwc_blank: Unblanking display: 0
08-16 07:45:10.938   896  1000 D WifiService: New client listening to asynchronous messages
08-16 07:45:10.944  2373  3072 W EventLoggerService: Unable to send logs
08-16 07:45:10.944  2373  3072 W EventLoggerService: com.google.android.apps.gsa.shared.exception.GsaIOException: Error code: 262160 | The connection was not attempted due to lack of network connectivity.
08-16 07:45:10.944  2373  3072 W EventLoggerService: 	at com.google.android.apps.gsa.search.core.j.a.c(AbstractHttpEngine.java:309)
08-16 07:45:10.944  2373  3072 W EventLoggerService: 	at com.google.android.apps.gsa.search.core.j.a.a(AbstractHttpEngine.java:94)
08-16 07:45:10.944  2373  3072 W EventLoggerService: 	at com.google.android.apps.gsa.shared.io.k.a(HttpHelper.java:209)
08-16 07:45:10.944  2373  3072 W EventLoggerService: 	at com.google.android.apps.gsa.speech.i.b.a(S3LogSender.java:104)
08-16 07:45:10.944  2373  3072 W EventLoggerService: 	at com.google.android.apps.gsa.speech.i.b.br(S3LogSender.java:79)
08-16 07:45:10.944  2373  3072 W EventLoggerService: 	at com.google.android.apps.gsa.eventlogger.EventLoggerService.a(EventLoggerService.java:575)
08-16 07:45:10.944  2373  3072 W EventLoggerService: 	at com.google.android.apps.gsa.eventlogger.EventLoggerService.i(EventLoggerService.java:320)
08-16 07:45:10.944  2373  3072 W EventLoggerService: 	at com.google.android.apps.gsa.eventlogger.EventLoggerService.gB(EventLoggerService.java:245)
08-16 07:45:10.944  2373  3072 W EventLoggerService: 	at com.google.android.apps.gsa.eventlogger.EventLoggerService.onHandleIntent(EventLoggerService.java:236)
08-16 07:45:10.944  2373  3072 W EventLoggerService: 	at android.app.IntentService$ServiceHandler.handleMessage(IntentService.java:66)
08-16 07:45:10.944  2373  3072 W EventLoggerService: 	at android.os.Handler.dispatchMessage(Handler.java:102)
08-16 07:45:10.944  2373  3072 W EventLoggerService: 	at android.os.Looper.loop(Looper.java:148)
08-16 07:45:10.944  2373  3072 W EventLoggerService: 	at android.os.HandlerThread.run(HandlerThread.java:61)
08-16 07:45:10.945  2373  3072 W ErrorReporter: reportError [type: 211, code: 262160]: Error code: 262160 | The connection was not attempted due to lack of network connectivity.
08-16 07:45:11.042  1387  1494 D BrcmNfcJni: RoutingManager::nfaEeCallback: NFA_EE_SET_TECH_CFG_EVT; status=0x0
08-16 07:45:11.042  1387  1494 D BrcmNfcJni: RoutingManager::nfaEeCallback: NFA_EE_SET_PROTO_CFG_EVT; status=0x0
08-16 07:45:11.043  1387  3096 D BrcmNfcJni: RoutingManager::commitRouting
08-16 07:45:11.043  1387  1494 D BrcmNfcJni: RoutingManager::nfaEeCallback: NFA_EE_UPDATED_EVT
08-16 07:45:11.069   896   923 I DisplayPowerController: Unblocked screen on after 251 ms
08-16 07:45:11.070   896   923 V KeyguardServiceDelegate: onScreenTurnedOn()
08-16 07:45:11.138   283   283 D qdhwcomposer: hwc_blank: Done unblanking display: 0
08-16 07:45:11.139   896  1016 D SurfaceControl: Excessive delay in setPowerMode(): 238ms
08-16 07:45:11.344   896   999 D WifiConfigStore: Retrieve network priorities after PNO.
08-16 07:45:13.077   896   917 W WindowManager: performLayoutAndPlaceSurfacesLocked called while in layout. Callers=com.android.server.wm.WindowManagerService.performLayoutAndPlaceSurfacesLocked:8937 com.android.server.wm.WindowManagerService.reevaluateStatusBarVisibility:11059 com.android.server.policy.PhoneWindowManager.clearClearableFlagsLw:6760 
08-16 07:45:13.928   896   917 W WindowManager: performLayoutAndPlaceSurfacesLocked called while in layout. Callers=com.android.server.wm.WindowManagerService.performLayoutAndPlaceSurfacesLocked:8937 com.android.server.wm.WindowManagerService.reevaluateStatusBarVisibility:11059 com.android.server.policy.PhoneWindowManager.clearClearableFlagsLw:6760 
08-16 07:45:14.076  1048  1048 D PhoneStatusBar: disable: < expand ICONS alerts SYSTEM_INFO back HOME RECENT clock SEARCH quick_settings >
08-16 07:45:14.097   290   932 D audio_hw_primary: out_set_parameters: enter: usecase(1: low-latency-playback) kvpairs: routing=2
08-16 07:45:14.098  1048  1048 D PhoneStatusBar: disable: < expand icons* alerts system_info* back HOME RECENT clock SEARCH quick_settings >
08-16 07:45:14.107   290   932 D audio_hw_primary: select_devices: out_snd_device(2: speaker) in_snd_device(0: none)
08-16 07:45:14.107   290   932 D msm8974_platform: platform_send_audio_calibration: sending audio calibration for snd_device(2) acdb_id(15)
08-16 07:45:14.107   290   932 D audio_hw_primary: enable_snd_device: snd_device(2: speaker)
08-16 07:45:14.110   290   932 D audio_hw_primary: enable_audio_route: apply and update mixer path: low-latency-playback
08-16 07:45:14.141  1048  1048 D PhoneStatusBar: disable: < expand icons alerts system_info back home* recent* clock search* quick_settings >
08-16 07:45:14.150  1374  1374 V UserPresentBroadcastReceiver: Received Intent { act=android.intent.action.USER_PRESENT flg=0x24000010 cmp=com.google.android.gms/.auth.trustagent.UserPresentBroadcastReceiver }.
08-16 07:45:14.163   896   906 W InputMethodManagerService: Window already focused, ignoring focus gain of: com.android.internal.view.IInputMethodClient$Stub$Proxy@5b2254 attribute=android.view.inputmethod.EditorInfo@c3b65fd, token = android.os.BinderProxy@8afc707
08-16 07:45:14.162   906   906 W Binder_1: type=1400 audit(0.0:50): avc: denied { ioctl } for path="socket:[19609]" dev="sockfs" ino=19609 ioctlcmd=7704 scontext=u:r:system_server:s0 tcontext=u:r:system_server:s0 tclass=unix_stream_socket permissive=0
08-16 07:45:14.162   906   906 W Binder_1: type=1400 audit(0.0:51): avc: denied { ioctl } for path="socket:[19609]" dev="sockfs" ino=19609 ioctlcmd=7704 scontext=u:r:system_server:s0 tcontext=u:r:system_server:s0 tclass=unix_stream_socket permissive=0
08-16 07:45:14.178  1315  1315 I Keyboard.Facilitator: onFinishInput()
08-16 07:45:14.193  1387  1494 E BrcmNfcJni: nfaConnectionCallback: unknown event ????
08-16 07:45:14.193  1387  1494 D BrcmNfcJni: RoutingManager::nfaEeCallback: NFA_EE_SET_TECH_CFG_EVT; status=0x0
08-16 07:45:14.193  1387  1494 D BrcmNfcJni: RoutingManager::nfaEeCallback: NFA_EE_SET_PROTO_CFG_EVT; status=0x0
08-16 07:45:14.193  1387  1489 D BrcmNfcJni: RoutingManager::commitRouting
08-16 07:45:14.193  1387  1494 D BrcmNfcJni: RoutingManager::nfaEeCallback: NFA_EE_UPDATED_EVT
08-16 07:45:14.200  2373  2373 W ThreadPoolDumper: Queue length for executor AudioRouter with 1 threads is now 8. Perhaps some tasks are too long, or the pool is too small.
08-16 07:45:14.218  2373  2373 W LocationOracleImpl: Best location was null
08-16 07:45:14.231  1374  1669 W GCoreFlp: No location to return for getLastLocation()
08-16 07:45:14.249  1374  1669 W GCoreFlp: No location to return for getLastLocation()
08-16 07:45:14.251  2373  3128 I MicroRecognitionRnrImpl: Starting detection.
08-16 07:45:14.254  2373  3130 I MicrophoneInputStream: mic_starting com.google.android.apps.gsa.speech.audio.x@46898d2
08-16 07:45:14.259   290  3132 I AudioFlinger: AudioFlinger's thread 0xb2680000 ready to run
08-16 07:45:14.273  1374  1669 W GCoreFlp: No location to return for getLastLocation()
08-16 07:45:14.273  2373  3130 I MicrophoneInputStream: mic_started com.google.android.apps.gsa.speech.audio.x@46898d2
08-16 07:45:14.277  1374  1669 W GCoreFlp: No location to return for getLastLocation()
08-16 07:45:14.283   290  3132 D audio_hw_primary: select_devices: out_snd_device(0: none) in_snd_device(61: voice-rec-mic)
08-16 07:45:14.283   290  3132 D msm8974_platform: platform_send_audio_calibration: sending audio calibration for snd_device(61) acdb_id(62)
08-16 07:45:14.283   290  3132 D         : Failed to fetch the lookup information of the device 0000003E 
08-16 07:45:14.283   290  3132 E ACDB-LOADER: Error: ACDB AudProc vol returned = -19
08-16 07:45:14.283   290  3132 D audio_hw_primary: enable_snd_device: snd_device(61: voice-rec-mic)
08-16 07:45:14.288   290  3132 D audio_hw_primary: enable_audio_route: apply and update mixer path: audio-record
08-16 07:45:14.294  1374  1669 D GCoreFlp: FLP HAL exists but batch size is <= 0.  Disabling FLP HAL.
08-16 07:45:14.304  1374  1669 W GCoreFlp: No location to return for getLastLocation()
08-16 07:45:14.305  1374  1669 W GCoreFlp: No location to return for getLastLocation()
08-16 07:45:14.361  2373  2373 I HotwordWorkerImpl: onReady
08-16 07:45:15.165  2373  2373 I HotwordDetector: Closing mic
08-16 07:45:15.165  2373  2607 I MicrophoneInputStream: mic_close com.google.android.apps.gsa.speech.audio.x@46898d2
08-16 07:45:15.165  2373  3130 E AudioRecord-JNI: Error -4 during AudioRecord native read
08-16 07:45:15.191   290   932 D audio_hw_primary: out_set_parameters: enter: usecase(1: low-latency-playback) kvpairs: routing=2
08-16 07:45:15.205   290  3132 D audio_hw_primary: disable_audio_route: reset and update mixer path: audio-record
08-16 07:45:15.205   290  3132 D audio_hw_primary: disable_snd_device: snd_device(61: voice-rec-mic)
08-16 07:45:15.225  2373  2612 I MicroRecognitionRnrImpl: Stopping hotword detection.
08-16 07:45:15.226  2373  3128 I MicroRecognitionRnrImpl: Detection finished
08-16 07:45:15.232  1355  1355 W Binder_6: type=1400 audit(0.0:52): avc: denied { ioctl } for path="socket:[19609]" dev="sockfs" ino=19609 ioctlcmd=7704 scontext=u:r:system_server:s0 tcontext=u:r:system_server:s0 tclass=unix_stream_socket permissive=0
08-16 07:45:15.232  1355  1355 W Binder_6: type=1400 audit(0.0:53): avc: denied { ioctl } for path="socket:[19609]" dev="sockfs" ino=19609 ioctlcmd=7704 scontext=u:r:system_server:s0 tcontext=u:r:system_server:s0 tclass=unix_stream_socket permissive=0
08-16 07:45:15.242  1315  1315 I Keyboard.Facilitator: onFinishInput()
08-16 07:45:15.258   290   932 D AudioFlinger: mixer(0xb41c0000) throttle end: throttle time(11)
08-16 07:45:15.270  1374  1669 D GCoreFlp: FLP HAL exists but batch size is <= 0.  Disabling FLP HAL.
08-16 07:45:17.664   896  1055 I ActivityManager: START u0 {act=android.intent.action.MAIN cat=[android.intent.category.LAUNCHER] flg=0x10200000 cmp=de.robv.android.xposed.installer/.WelcomeActivity (has extras)} from uid 10026 on display 0
08-16 07:45:17.676   290   932 D audio_hw_primary: out_set_parameters: enter: usecase(1: low-latency-playback) kvpairs: routing=2
08-16 07:45:17.713   290   932 D AudioFlinger: mixer(0xb41c0000) throttle end: throttle time(4)
08-16 07:45:17.962   437   437 W Binder_1: type=1400 audit(0.0:54): avc: denied { ioctl } for path="socket:[20695]" dev="sockfs" ino=20695 ioctlcmd=7704 scontext=u:r:surfaceflinger:s0 tcontext=u:r:surfaceflinger:s0 tclass=unix_stream_socket permissive=0
08-16 07:45:17.962   437   437 W Binder_1: type=1400 audit(0.0:55): avc: denied { ioctl } for path="socket:[20695]" dev="sockfs" ino=20695 ioctlcmd=7704 scontext=u:r:surfaceflinger:s0 tcontext=u:r:surfaceflinger:s0 tclass=unix_stream_socket permissive=0
08-16 07:45:17.962   437   437 W Binder_1: type=1400 audit(0.0:56): avc: denied { ioctl } for path="socket:[20697]" dev="sockfs" ino=20697 ioctlcmd=7704 scontext=u:r:surfaceflinger:s0 tcontext=u:r:surfaceflinger:s0 tclass=unix_stream_socket permissive=0
08-16 07:45:17.971  2918  3189 D OpenGLRenderer: Use EGL_SWAP_BEHAVIOR_PRESERVED: true
08-16 07:45:17.962   437   437 W Binder_1: type=1400 audit(0.0:57): avc: denied { ioctl } for path="socket:[20697]" dev="sockfs" ino=20697 ioctlcmd=7704 scontext=u:r:surfaceflinger:s0 tcontext=u:r:surfaceflinger:s0 tclass=unix_stream_socket permissive=0
08-16 07:45:17.972  1355  1355 W Binder_6: type=1400 audit(0.0:58): avc: denied { ioctl } for path="socket:[20700]" dev="sockfs" ino=20700 ioctlcmd=7704 scontext=u:r:system_server:s0 tcontext=u:r:system_server:s0 tclass=unix_stream_socket permissive=0
08-16 07:45:17.972  1355  1355 W Binder_6: type=1400 audit(0.0:59): avc: denied { ioctl } for path="socket:[20700]" dev="sockfs" ino=20700 ioctlcmd=7704 scontext=u:r:system_server:s0 tcontext=u:r:system_server:s0 tclass=unix_stream_socket permissive=0
08-16 07:45:18.001  2918  3189 I Adreno-EGL: <qeglDrvAPI_eglInitialize:379>: QUALCOMM Build: 10/21/15, 369a2ea, I96aee987eb
08-16 07:45:18.002  2918  3189 I OpenGLRenderer: Initialized EGL, version 1.4
08-16 07:45:18.072  1322  1322 W Binder_4: type=1400 audit(0.0:60): avc: denied { ioctl } for path="socket:[22079]" dev="sockfs" ino=22079 ioctlcmd=7704 scontext=u:r:system_server:s0 tcontext=u:r:system_server:s0 tclass=unix_stream_socket permissive=0
08-16 07:45:18.072  1322  1322 W Binder_4: type=1400 audit(0.0:61): avc: denied { ioctl } for path="socket:[22079]" dev="sockfs" ino=22079 ioctlcmd=7704 scontext=u:r:system_server:s0 tcontext=u:r:system_server:s0 tclass=unix_stream_socket permissive=0
08-16 07:45:18.080  1315  1315 I Keyboard.Facilitator: onFinishInput()
08-16 07:45:18.072  1696  1696 W Binder_9: type=1400 audit(0.0:62): avc: denied { ioctl } for path="socket:[22078]" dev="sockfs" ino=22078 ioctlcmd=7704 scontext=u:r:system_server:s0 tcontext=u:r:system_server:s0 tclass=unix_stream_socket permissive=0
08-16 07:45:18.072  1696  1696 W Binder_9: type=1400 audit(0.0:63): avc: denied { ioctl } for path="socket:[22078]" dev="sockfs" ino=22078 ioctlcmd=7704 scontext=u:r:system_server:s0 tcontext=u:r:system_server:s0 tclass=unix_stream_socket permissive=0
08-16 07:45:18.117   896   921 I ActivityManager: Displayed de.robv.android.xposed.installer/.WelcomeActivity: +420ms
08-16 07:45:18.212  1055  1055 W Binder_3: type=1400 audit(0.0:64): avc: denied { ioctl } for path="socket:[22087]" dev="sockfs" ino=22087 ioctlcmd=7704 scontext=u:r:system_server:s0 tcontext=u:r:system_server:s0 tclass=unix_stream_socket permissive=0
08-16 07:45:18.212  1055  1055 W Binder_3: type=1400 audit(0.0:65): avc: denied { ioctl } for path="socket:[22087]" dev="sockfs" ino=22087 ioctlcmd=7704 scontext=u:r:system_server:s0 tcontext=u:r:system_server:s0 tclass=unix_stream_socket permissive=0
08-16 07:45:18.360  1315  1315 I Keyboard.Facilitator: onFinishInput()
08-16 07:45:18.352   906   906 W Binder_1: type=1400 audit(0.0:66): avc: denied { ioctl } for path="socket:[22078]" dev="sockfs" ino=22078 ioctlcmd=7704 scontext=u:r:system_server:s0 tcontext=u:r:system_server:s0 tclass=unix_stream_socket permissive=0
08-16 07:45:18.352   906   906 W Binder_1: type=1400 audit(0.0:67): avc: denied { ioctl } for path="socket:[22078]" dev="sockfs" ino=22078 ioctlcmd=7704 scontext=u:r:system_server:s0 tcontext=u:r:system_server:s0 tclass=unix_stream_socket permissive=0
08-16 07:45:20.844   290   932 D audio_hw_primary: disable_audio_route: reset and update mixer path: low-latency-playback
08-16 07:45:20.844   290   932 D audio_hw_primary: disable_snd_device: snd_device(2: speaker)
08-16 07:45:20.846   290   932 D audio_hw_primary: out_set_parameters: enter: usecase(1: low-latency-playback) kvpairs: routing=2
08-16 07:45:20.856   290   932 D audio_hw_primary: select_devices: out_snd_device(2: speaker) in_snd_device(0: none)
08-16 07:45:20.856   290   932 D msm8974_platform: platform_send_audio_calibration: sending audio calibration for snd_device(2) acdb_id(15)
08-16 07:45:20.856   290   932 D audio_hw_primary: enable_snd_device: snd_device(2: speaker)
08-16 07:45:20.857   290   932 D audio_hw_primary: enable_audio_route: apply and update mixer path: low-latency-playback
08-16 07:45:20.859  1315  1315 I Keyboard.Facilitator: onFinishInput()
08-16 07:45:20.852  1322  1322 W Binder_4: type=1400 audit(0.0:68): avc: denied { ioctl } for path="socket:[22078]" dev="sockfs" ino=22078 ioctlcmd=7704 scontext=u:r:system_server:s0 tcontext=u:r:system_server:s0 tclass=unix_stream_socket permissive=0
08-16 07:45:20.852  1322  1322 W Binder_4: type=1400 audit(0.0:69): avc: denied { ioctl } for path="socket:[22078]" dev="sockfs" ino=22078 ioctlcmd=7704 scontext=u:r:system_server:s0 tcontext=u:r:system_server:s0 tclass=unix_stream_socket permissive=0
08-16 07:45:20.917   290   932 D AudioFlinger: mixer(0xb41c0000) throttle end: throttle time(10)
08-16 07:45:24.081   290   932 D audio_hw_primary: disable_audio_route: reset and update mixer path: low-latency-playback
08-16 07:45:24.081   290   932 D audio_hw_primary: disable_snd_device: snd_device(2: speaker)
08-16 07:45:25.330  2373  3221 W EventLoggerService: Unable to send logs
08-16 07:45:25.330  2373  3221 W EventLoggerService: com.google.android.apps.gsa.shared.exception.GsaIOException: Error code: 262160 | The connection was not attempted due to lack of network connectivity.
08-16 07:45:25.330  2373  3221 W EventLoggerService: 	at com.google.android.apps.gsa.search.core.j.a.c(AbstractHttpEngine.java:309)
08-16 07:45:25.330  2373  3221 W EventLoggerService: 	at com.google.android.apps.gsa.search.core.j.a.a(AbstractHttpEngine.java:94)
08-16 07:45:25.330  2373  3221 W EventLoggerService: 	at com.google.android.apps.gsa.shared.io.k.a(HttpHelper.java:209)
08-16 07:45:25.330  2373  3221 W EventLoggerService: 	at com.google.android.apps.gsa.speech.i.b.a(S3LogSender.java:104)
08-16 07:45:25.330  2373  3221 W EventLoggerService: 	at com.google.android.apps.gsa.speech.i.b.br(S3LogSender.java:79)
08-16 07:45:25.330  2373  3221 W EventLoggerService: 	at com.google.android.apps.gsa.eventlogger.EventLoggerService.a(EventLoggerService.java:575)
08-16 07:45:25.330  2373  3221 W EventLoggerService: 	at com.google.android.apps.gsa.eventlogger.EventLoggerService.i(EventLoggerService.java:320)
08-16 07:45:25.330  2373  3221 W EventLoggerService: 	at com.google.android.apps.gsa.eventlogger.EventLoggerService.gB(EventLoggerService.java:245)
08-16 07:45:25.330  2373  3221 W EventLoggerService: 	at com.google.android.apps.gsa.eventlogger.EventLoggerService.onHandleIntent(EventLoggerService.java:236)
08-16 07:45:25.330  2373  3221 W EventLoggerService: 	at android.app.IntentService$ServiceHandler.handleMessage(IntentService.java:66)
08-16 07:45:25.330  2373  3221 W EventLoggerService: 	at android.os.Handler.dispatchMessage(Handler.java:102)
08-16 07:45:25.330  2373  3221 W EventLoggerService: 	at android.os.Looper.loop(Looper.java:148)
08-16 07:45:25.330  2373  3221 W EventLoggerService: 	at android.os.HandlerThread.run(HandlerThread.java:61)
08-16 07:45:25.330  2373  3221 W ErrorReporter: reportError [type: 211, code: 262160]: Error code: 262160 | The connection was not attempted due to lack of network connectivity.
08-16 07:45:26.359   896   999 D WifiConfigStore: Retrieve network priorities after PNO.
08-16 07:45:35.488   290   932 D audio_hw_primary: out_set_parameters: enter: usecase(1: low-latency-playback) kvpairs: routing=2
08-16 07:45:35.498   290   932 D audio_hw_primary: select_devices: out_snd_device(2: speaker) in_snd_device(0: none)
08-16 07:45:35.498   290   932 D msm8974_platform: platform_send_audio_calibration: sending audio calibration for snd_device(2) acdb_id(15)
08-16 07:45:35.498   290   932 D audio_hw_primary: enable_snd_device: snd_device(2: speaker)
08-16 07:45:35.501   290   932 D audio_hw_primary: enable_audio_route: apply and update mixer path: low-latency-playback
08-16 07:45:35.532  1356  1356 W Binder_7: type=1400 audit(0.0:70): avc: denied { ioctl } for path="socket:[22078]" dev="sockfs" ino=22078 ioctlcmd=7704 scontext=u:r:system_server:s0 tcontext=u:r:system_server:s0 tclass=unix_stream_socket permissive=0
08-16 07:45:35.535  1315  1315 I Keyboard.Facilitator: onFinishInput()
08-16 07:45:35.532  1356  1356 W Binder_7: type=1400 audit(0.0:71): avc: denied { ioctl } for path="socket:[22078]" dev="sockfs" ino=22078 ioctlcmd=7704 scontext=u:r:system_server:s0 tcontext=u:r:system_server:s0 tclass=unix_stream_socket permissive=0
08-16 07:45:36.775   290   932 D audio_hw_primary: out_set_parameters: enter: usecase(1: low-latency-playback) kvpairs: routing=2
08-16 07:45:37.182  1693  1693 W Binder_8: type=1400 audit(0.0:72): avc: denied { ioctl } for path="socket:[22078]" dev="sockfs" ino=22078 ioctlcmd=7704 scontext=u:r:system_server:s0 tcontext=u:r:system_server:s0 tclass=unix_stream_socket permissive=0
08-16 07:45:37.182  1693  1693 W Binder_8: type=1400 audit(0.0:73): avc: denied { ioctl } for path="socket:[22078]" dev="sockfs" ino=22078 ioctlcmd=7704 scontext=u:r:system_server:s0 tcontext=u:r:system_server:s0 tclass=unix_stream_socket permissive=0
08-16 07:45:37.192  1315  1315 I Keyboard.Facilitator: onFinishInput()
08-16 07:45:39.947   290   932 D audio_hw_primary: disable_audio_route: reset and update mixer path: low-latency-playback
08-16 07:45:39.948   290   932 D audio_hw_primary: disable_snd_device: snd_device(2: speaker)
08-16 07:45:41.375   896   999 D WifiConfigStore: Retrieve network priorities after PNO.
08-16 07:45:45.066   290   932 D audio_hw_primary: out_set_parameters: enter: usecase(1: low-latency-playback) kvpairs: routing=2
08-16 07:45:45.067  1315  1315 D EmojiAltPhysicalKeyDetector: onKeyUp() : KeyEvent { action=ACTION_UP, keyCode=KEYCODE_BACK, scanCode=0, metaState=0, flags=0x48, repeatCount=0, eventTime=114481, downTime=114399, deviceId=-1, source=0x101 }
08-16 07:45:45.067  1315  1315 D EmojiAltPhysicalKeyDetector: onKeyUp() : Not Mapped: 4
08-16 07:45:45.076   290   932 D audio_hw_primary: select_devices: out_snd_device(2: speaker) in_snd_device(0: none)
08-16 07:45:45.076   290   932 D msm8974_platform: platform_send_audio_calibration: sending audio calibration for snd_device(2) acdb_id(15)
08-16 07:45:45.076   290   932 D audio_hw_primary: enable_snd_device: snd_device(2: speaker)
08-16 07:45:45.080   290   932 D audio_hw_primary: enable_audio_route: apply and update mixer path: low-latency-playback
08-16 07:45:45.150  1315  1315 I Keyboard.Facilitator: onFinishInput()
08-16 07:45:45.132  1356  1356 W Binder_7: type=1400 audit(0.0:74): avc: denied { ioctl } for path="socket:[19609]" dev="sockfs" ino=19609 ioctlcmd=7704 scontext=u:r:system_server:s0 tcontext=u:r:system_server:s0 tclass=unix_stream_socket permissive=0
08-16 07:45:45.132  1356  1356 W Binder_7: type=1400 audit(0.0:75): avc: denied { ioctl } for path="socket:[19609]" dev="sockfs" ino=19609 ioctlcmd=7704 scontext=u:r:system_server:s0 tcontext=u:r:system_server:s0 tclass=unix_stream_socket permissive=0
08-16 07:45:47.267   896  1356 I ActivityManager: START u0 {act=android.intent.action.MAIN cat=[android.intent.category.LAUNCHER] flg=0x10200000 cmp=de.robv.android.xposed.installer/.WelcomeActivity (has extras)} from uid 10026 on display 0
08-16 07:45:47.275   290   932 D audio_hw_primary: out_set_parameters: enter: usecase(1: low-latency-playback) kvpairs: routing=2
08-16 07:45:47.342  1355  1355 W Binder_6: type=1400 audit(0.0:76): avc: denied { ioctl } for path="socket:[22173]" dev="sockfs" ino=22173 ioctlcmd=7704 scontext=u:r:system_server:s0 tcontext=u:r:system_server:s0 tclass=unix_stream_socket permissive=0
08-16 07:45:47.342  1355  1355 W Binder_6: type=1400 audit(0.0:77): avc: denied { ioctl } for path="socket:[22173]" dev="sockfs" ino=22173 ioctlcmd=7704 scontext=u:r:system_server:s0 tcontext=u:r:system_server:s0 tclass=unix_stream_socket permissive=0
08-16 07:45:47.412  1696  1696 W Binder_9: type=1400 audit(0.0:78): avc: denied { ioctl } for path="socket:[22078]" dev="sockfs" ino=22078 ioctlcmd=7704 scontext=u:r:system_server:s0 tcontext=u:r:system_server:s0 tclass=unix_stream_socket permissive=0
08-16 07:45:47.412  1696  1696 W Binder_9: type=1400 audit(0.0:79): avc: denied { ioctl } for path="socket:[22078]" dev="sockfs" ino=22078 ioctlcmd=7704 scontext=u:r:system_server:s0 tcontext=u:r:system_server:s0 tclass=unix_stream_socket permissive=0
08-16 07:45:47.420  1315  1315 I Keyboard.Facilitator: onFinishInput()
08-16 07:45:47.433   896   921 I ActivityManager: Displayed de.robv.android.xposed.installer/.WelcomeActivity: +131ms
08-16 07:45:47.672  1322  1322 W Binder_4: type=1400 audit(0.0:80): avc: denied { ioctl } for path="socket:[19122]" dev="sockfs" ino=19122 ioctlcmd=7704 scontext=u:r:system_server:s0 tcontext=u:r:system_server:s0 tclass=unix_stream_socket permissive=0
08-16 07:45:47.672  1322  1322 W Binder_4: type=1400 audit(0.0:81): avc: denied { ioctl } for path="socket:[19122]" dev="sockfs" ino=19122 ioctlcmd=7704 scontext=u:r:system_server:s0 tcontext=u:r:system_server:s0 tclass=unix_stream_socket permissive=0
08-16 07:45:47.732  1055  1055 W Binder_3: type=1400 audit(0.0:82): avc: denied { ioctl } for path="socket:[22078]" dev="sockfs" ino=22078 ioctlcmd=7704 scontext=u:r:system_server:s0 tcontext=u:r:system_server:s0 tclass=unix_stream_socket permissive=0
08-16 07:45:47.732  1055  1055 W Binder_3: type=1400 audit(0.0:83): avc: denied { ioctl } for path="socket:[22078]" dev="sockfs" ino=22078 ioctlcmd=7704 scontext=u:r:system_server:s0 tcontext=u:r:system_server:s0 tclass=unix_stream_socket permissive=0
08-16 07:45:47.744  1315  1315 I Keyboard.Facilitator: onFinishInput()
08-16 07:45:50.451   290   932 D audio_hw_primary: disable_audio_route: reset and update mixer path: low-latency-playback
08-16 07:45:50.452   290   932 D audio_hw_primary: disable_snd_device: snd_device(2: speaker)
08-16 07:45:56.390   896   999 D WifiConfigStore: Retrieve network priorities after PNO.
08-16 07:46:11.406   896   999 D WifiConfigStore: Retrieve network priorities after PNO.
08-16 07:46:17.188   896   923 I PowerManagerService: Going to sleep due to screen timeout (uid 1000)...
08-16 07:46:17.190   896   923 I PowerManagerService: Sleeping (uid 1000)...
08-16 07:46:17.242   907   907 W Binder_2: type=1400 audit(0.0:84): avc: denied { ioctl } for path="socket:[22078]" dev="sockfs" ino=22078 ioctlcmd=7704 scontext=u:r:system_server:s0 tcontext=u:r:system_server:s0 tclass=unix_stream_socket permissive=0
08-16 07:46:17.242   907   907 W Binder_2: type=1400 audit(0.0:85): avc: denied { ioctl } for path="socket:[22078]" dev="sockfs" ino=22078 ioctlcmd=7704 scontext=u:r:system_server:s0 tcontext=u:r:system_server:s0 tclass=unix_stream_socket permissive=0
08-16 07:46:17.361  1315  1315 I Keyboard.Facilitator: onFinishInput()
08-16 07:46:17.368   896   905 I art     : Background partial concurrent mark sweep GC freed 13494(921KB) AllocSpace objects, 3(60KB) LOS objects, 33% free, 22MB/33MB, paused 978us total 131.193ms
08-16 07:46:17.783   896   923 V KeyguardServiceDelegate: onScreenTurnedOff()
08-16 07:46:17.837   896   921 I DisplayManagerService: Display device changed state: "Built-in Screen", OFF
08-16 07:46:17.841   283   283 D SurfaceFlinger: Set power mode=0, type=0 flinger=0xb6a64000
08-16 07:46:17.841   283   283 D qdhwcomposer: hwc_blank: Blanking display: 0
08-16 07:46:18.117   283   283 D qdhwcomposer: hwc_blank: Done blanking display: 0
08-16 07:46:18.117   896  1016 D SurfaceControl: Excessive delay in setPowerMode(): 280ms
08-16 07:46:18.118  2014  2018 E ANDR-PERF-LOCK: Failed to apply optimization for resource: 4 level: 0
08-16 07:46:18.123   290   290 D audio_hw_primary: adev_set_parameters: enter: screen_state=off
08-16 07:46:18.139   896   999 D WifiConfigStore: Retrieve network priorities before PNO. Max priority: 1
08-16 07:46:18.197   896   999 E native  : do suspend true
08-16 07:46:22.392  1048  1048 D PhoneStatusBar: disable: < expand ICONS* alerts SYSTEM_INFO* back home recent clock search quick_settings >
08-16 07:46:22.441  1048  1048 D PhoneStatusBar: disable: < expand ICONS alerts SYSTEM_INFO back HOME* RECENT* clock SEARCH* quick_settings >
08-16 07:46:26.415   896   999 D WifiStateMachine: Disconnected CMD_START_SCAN source -2 14, 15 -> obsolete
08-16 07:47:14.195  1374  2793 I ClearcutLoggerApiImpl: disconnect managed GoogleApiClient
08-16 07:47:17.401  1315  1444 I Keyboard.Facilitator.LanguageModelFlusher: run()
08-16 07:47:17.401  1315  1444 I Keyboard.Facilitator: flushDynamicLanguageModels()
08-16 07:48:35.839   301   387 I ThermalEngine: TM Id 'battery_LCD_monitor' Sensor 'batt_therm' - alarm cleared 2 at 330.0 degC
08-16 07:48:35.839   301   387 E ThermalEngine: override action 10000
08-16 07:48:35.839   301   387 E ThermalEngine: Thermal-Server: Thermal received msg override 10000
08-16 07:48:35.839   301   387 E ThermalEngine: override_notify : SS mode 1 override 10000
08-16 07:49:55.777  3400  3400 D AndroidRuntime: >>>>>> START com.android.internal.os.RuntimeInit uid 0 <<<<<<
08-16 07:49:55.782  3400  3400 D AndroidRuntime: CheckJNI is OFF
08-16 07:49:55.782  3400  3400 W app_process: type=1400 audit(0.0:86): avc: denied { write } for name="system@framework@boot.art" dev="mmcblk0p28" ino=105877 scontext=u:r:shell:s0 tcontext=u:object_r:dalvikcache_data_file:s0 tclass=file permissive=0
08-16 07:49:55.826  3400  3400 D ICU     : No timezone override file found: /data/misc/zoneinfo/current/icu/icu_tzdata.dat
08-16 07:49:55.832  3400  3400 W main    : type=1400 audit(0.0:87): avc: denied { write } for name="arm" dev="mmcblk0p28" ino=105875 scontext=u:r:shell:s0 tcontext=u:object_r:dalvikcache_data_file:s0 tclass=dir permissive=0
08-16 07:49:55.870  3400  3400 I Radio-JNI: register_android_hardware_Radio DONE
08-16 07:49:55.889  3400  3400 D AndroidRuntime: Calling main entry com.android.commands.am.Am
08-16 07:49:55.882  3413  3413 W Binder_1: type=1400 audit(0.0:88): avc: denied { sys_nice } for capability=23 scontext=u:r:shell:s0 tcontext=u:r:shell:s0 tclass=capability permissive=0
08-16 07:49:55.882  3413  3413 W Binder_1: type=1400 audit(0.0:89): avc: denied { sys_nice } for capability=23 scontext=u:r:shell:s0 tcontext=u:r:shell:s0 tclass=capability permissive=0
08-16 07:49:55.882  3414  3414 W Binder_2: type=1400 audit(0.0:90): avc: denied { sys_nice } for capability=23 scontext=u:r:shell:s0 tcontext=u:r:shell:s0 tclass=capability permissive=0
08-16 07:49:55.882  3414  3414 W Binder_2: type=1400 audit(0.0:91): avc: denied { sys_nice } for capability=23 scontext=u:r:shell:s0 tcontext=u:r:shell:s0 tclass=capability permissive=0
08-16 07:49:56.132  3413  3413 W Binder_1: type=1400 audit(0.0:92): avc: denied { sys_nice } for capability=23 scontext=u:r:shell:s0 tcontext=u:r:shell:s0 tclass=capability permissive=0
08-16 07:49:56.141  3400  3400 D AndroidRuntime: Shutting down VM
08-16 07:49:56.157  2777  3433 D OpenGLRenderer: Use EGL_SWAP_BEHAVIOR_PRESERVED: true
08-16 07:49:56.152   895   895 W Binder_3: type=1400 audit(0.0:93): avc: denied { ioctl } for path="socket:[22528]" dev="sockfs" ino=22528 ioctlcmd=7704 scontext=u:r:surfaceflinger:s0 tcontext=u:r:surfaceflinger:s0 tclass=unix_stream_socket permissive=0
08-16 07:49:56.152   895   895 W Binder_3: type=1400 audit(0.0:94): avc: denied { ioctl } for path="socket:[22528]" dev="sockfs" ino=22528 ioctlcmd=7704 scontext=u:r:surfaceflinger:s0 tcontext=u:r:surfaceflinger:s0 tclass=unix_stream_socket permissive=0
08-16 07:49:56.152   895   895 W Binder_3: type=1400 audit(0.0:95): avc: denied { ioctl } for path="socket:[22531]" dev="sockfs" ino=22531 ioctlcmd=7704 scontext=u:r:surfaceflinger:s0 tcontext=u:r:surfaceflinger:s0 tclass=unix_stream_socket permissive=0
08-16 07:49:56.152   895   895 W Binder_3: type=1400 audit(0.0:96): avc: denied { ioctl } for path="socket:[22531]" dev="sockfs" ino=22531 ioctlcmd=7704 scontext=u:r:surfaceflinger:s0 tcontext=u:r:surfaceflinger:s0 tclass=unix_stream_socket permissive=0
08-16 07:49:56.162  1354  1354 W Binder_5: type=1400 audit(0.0:97): avc: denied { ioctl } for path="socket:[22537]" dev="sockfs" ino=22537 ioctlcmd=7704 scontext=u:r:system_server:s0 tcontext=u:r:system_server:s0 tclass=unix_stream_socket permissive=0
08-16 07:49:56.162  1354  1354 W Binder_5: type=1400 audit(0.0:98): avc: denied { ioctl } for path="socket:[22537]" dev="sockfs" ino=22537 ioctlcmd=7704 scontext=u:r:system_server:s0 tcontext=u:r:system_server:s0 tclass=unix_stream_socket permissive=0
08-16 07:49:56.206  2777  3433 I Adreno-EGL: <qeglDrvAPI_eglInitialize:379>: QUALCOMM Build: 10/21/15, 369a2ea, I96aee987eb
08-16 07:49:56.208  2777  3433 I OpenGLRenderer: Initialized EGL, version 1.4
08-16 07:49:56.280  2777  3433 V RenderScript: 0xaef5c000 Launching thread(s), CPUs 4
