08-16 07:44:02.741   896   896 W PackageManager: Permission com.google.android.googleapps.permission.GOOGLE_AUTH.groups2 from package com.google.android.gsf in an unknown group android.permission-group.ACCOUNTS
08-16 07:44:02.741   896   896 W PackageManager: Permission com.google.android.googleapps.permission.GOOGLE_AUTH.health from package com.google.android.gsf in an unknown group android.permission-group.ACCOUNTS
08-16 07:44:02.741   896   896 W PackageManager: Permission com.google.android.googleapps.permission.GOOGLE_AUTH.jotspot from package com.google.android.gsf in an unknown group android.permission-group.ACCOUNTS
08-16 07:44:02.741   896   896 W PackageManager: Permission com.google.android.googleapps.permission.GOOGLE_AUTH.knol from package com.google.android.gsf in an unknown group android.permission-group.ACCOUNTS
08-16 07:44:02.741   896   896 W PackageManager: Permission com.google.android.googleapps.permission.GOOGLE_AUTH.news from package com.google.android.gsf in an unknown group android.permission-group.ACCOUNTS
08-16 07:44:02.741   896   896 W PackageManager: Permission com.google.android.googleapps.permission.GOOGLE_AUTH.orkut from package com.google.android.gsf in an unknown group android.permission-group.ACCOUNTS
08-16 07:44:02.741   896   896 W PackageManager: Permission com.google.android.googleapps.permission.GOOGLE_AUTH.print from package com.google.android.gsf in an unknown group android.permission-group.ACCOUNTS
08-16 07:44:02.741   896   896 W PackageManager: Permission com.google.android.googleapps.permission.GOOGLE_AUTH.sitemaps from package com.google.android.gsf in an unknown group android.permission-group.ACCOUNTS
08-16 07:44:02.741   896   896 W PackageManager: Permission com.google.android.googleapps.permission.GOOGLE_AUTH.wifi from package com.google.android.gsf in an unknown group android.permission-group.ACCOUNTS
08-16 07:44:02.741   896   896 W PackageManager: Permission com.google.android.googleapps.permission.GOOGLE_AUTH.finance from package com.google.android.gsf in an unknown group android.permission-group.ACCOUNTS
08-16 07:44:02.741   896   896 W PackageManager: Permission com.google.android.googleapps.permission.GOOGLE_AUTH.local from package com.google.android.gsf in an unknown group android.permission-group.ACCOUNTS
08-16 07:44:02.741   896   896 W PackageManager: Permission com.google.android.googleapps.permission.GOOGLE_AUTH.ah from package com.google.android.gsf in an unknown group android.permission-group.ACCOUNTS
08-16 07:44:02.741   896   896 W PackageManager: Permission com.google.android.googleapps.permission.GOOGLE_AUTH.notebook from package com.google.android.gsf in an unknown group android.permission-group.ACCOUNTS
08-16 07:44:02.741   896   896 W PackageManager: Permission com.google.android.googleapps.permission.GOOGLE_AUTH.writely from package com.google.android.gsf in an unknown group android.permission-group.ACCOUNTS
08-16 07:44:02.741   896   896 W PackageManager: Permission com.google.android.googleapps.permission.GOOGLE_AUTH.wise from package com.google.android.gsf in an unknown group android.permission-group.ACCOUNTS
08-16 07:44:02.741   896   896 W PackageManager: Permission com.google.android.googleapps.permission.GOOGLE_AUTH.grandcentral from package com.google.android.gsf in an unknown group android.permission-group.ACCOUNTS
08-16 07:44:02.741   896   896 W PackageManager: Permission com.google.android.googleapps.permission.GOOGLE_AUTH.speechpersonalization from package com.google.android.gsf in an unknown group android.permission-group.ACCOUNTS
08-16 07:44:02.741   896   896 W PackageManager: Permission com.google.android.googleapps.permission.GOOGLE_AUTH.speech from package com.google.android.gsf in an unknown group android.permission-group.ACCOUNTS
08-16 07:44:02.741   896   896 W PackageManager: Permission com.google.android.providers.talk.permission.READ_ONLY from package com.google.android.gsf in an unknown group android.permission-group.MESSAGES
08-16 07:44:02.741   896   896 W PackageManager: Permission com.google.android.providers.talk.permission.WRITE_ONLY from package com.google.android.gsf in an unknown group android.permission-group.MESSAGES
08-16 07:44:02.741   896   896 W PackageManager: Permission com.google.android.gtalkservice.permission.GTALK_SERVICE from package com.google.android.gsf in an unknown group android.permission-group.MESSAGES
08-16 07:44:02.741   896   896 W PackageManager: Permission com.google.android.gtalkservice.permission.SEND_HEARTBEAT from package com.google.android.gsf in an unknown group android.permission-group.NETWORK
08-16 07:44:02.741   896   896 W PackageManager: Permission com.google.android.permission.BROADCAST_DATA_MESSAGE from package com.google.android.gsf in an unknown group android.permission-group.NETWORK
08-16 07:44:02.741   896   896 W PackageManager: Permission com.google.android.c2dm.permission.SEND from package com.google.android.gsf in an unknown group android.permission-group.NETWORK
08-16 07:44:02.741   896   896 W PackageManager: Permission com.google.android.c2dm.permission.RECEIVE from package com.google.android.gsf in an unknown group android.permission-group.NETWORK
08-16 07:44:02.742   896   896 W PackageManager: Permission com.google.android.xmpp.permission.BROADCAST from package com.google.android.gsf in an unknown group android.permission-group.NETWORK
08-16 07:44:02.742   896   896 W PackageManager: Permission com.google.android.xmpp.permission.SEND_RECEIVE from package com.google.android.gsf in an unknown group android.permission-group.NETWORK
08-16 07:44:02.742   896   896 W PackageManager: Permission com.google.android.xmpp.permission.XMPP_ENDPOINT_BROADCAST from package com.google.android.gsf in an unknown group android.permission-group.NETWORK
08-16 07:44:02.742   896   896 W PackageManager: Permission com.google.android.xmpp.permission.USE_XMPP_ENDPOINT from package com.google.android.gsf in an unknown group android.permission-group.NETWORK
08-16 07:44:02.742   896   896 W PackageManager: Permission com.google.android.providers.gsf.permission.READ_GSERVICES from package com.google.android.gsf in an unknown group android.permission-group.ACCOUNTS
08-16 07:44:02.770   896   896 W PackageManager: Failed to parse /system/priv-app/Launcher2: Missing base APK in /system/priv-app/Launcher2
08-16 07:44:02.880   896   896 W PackageParser: No actions in intent filter at /system/priv-app/OmaDmclient/OmaDmclient.apk Binary XML file line #31
08-16 07:44:02.881   896   896 W PackageParser: No actions in intent filter at /system/priv-app/OmaDmclient/OmaDmclient.apk Binary XML file line #41
08-16 07:44:02.887   896   896 W PackageParser: Ignoring duplicate uses-permissions/uses-permissions-sdk-m: android.permission.ACCESS_NETWORK_STATE in package: com.redbend.vdmc at: Binary XML file line #301
08-16 07:44:02.888   896   896 W PackageParser: Ignoring duplicate uses-permissions/uses-permissions-sdk-m: android.permission.SYSTEM_ALERT_WINDOW in package: com.redbend.vdmc at: Binary XML file line #331
08-16 07:44:03.004   896   896 W PackageManager: Permission com.android.vending.CHECK_LICENSE from package com.android.vending in an unknown group android.permission-group.NETWORK
08-16 07:44:03.004   896   896 W PackageManager: Permission com.android.vending.BILLING from package com.android.vending in an unknown group android.permission-group.NETWORK
08-16 07:44:03.168   896   896 W PackageParser: Ignoring duplicate uses-permissions/uses-permissions-sdk-m: android.permission.SYSTEM_ALERT_WINDOW in package: com.google.android.gms at: Binary XML file line #77
08-16 07:44:03.169   896   896 W PackageParser: Ignoring duplicate uses-permissions/uses-permissions-sdk-m: android.permission.SUBSCRIBED_FEEDS_READ in package: com.google.android.gms at: Binary XML file line #90
08-16 07:44:03.169   896   896 W PackageParser: Ignoring duplicate uses-permissions/uses-permissions-sdk-m: android.permission.SUBSCRIBED_FEEDS_WRITE in package: com.google.android.gms at: Binary XML file line #91
08-16 07:44:03.169   896   896 W PackageParser: Ignoring duplicate uses-permissions/uses-permissions-sdk-m: android.permission.WRITE_SETTINGS in package: com.google.android.gms at: Binary XML file line #134
08-16 07:44:03.170   896   896 W PackageParser: Ignoring duplicate uses-permissions/uses-permissions-sdk-m: android.permission.SYSTEM_ALERT_WINDOW in package: com.google.android.gms at: Binary XML file line #160
08-16 07:44:03.170   896   896 W PackageParser: Ignoring duplicate uses-permissions/uses-permissions-sdk-m: android.permission.READ_SYNC_SETTINGS in package: com.google.android.gms at: Binary XML file line #164
08-16 07:44:03.170   896   896 W PackageParser: Ignoring duplicate uses-permissions/uses-permissions-sdk-m: android.permission.WRITE_SYNC_SETTINGS in package: com.google.android.gms at: Binary XML file line #165
08-16 07:44:03.170   896   896 W PackageParser: Ignoring duplicate uses-permissions/uses-permissions-sdk-m: android.permission.VIBRATE in package: com.google.android.gms at: Binary XML file line #167
08-16 07:44:03.171   896   896 W PackageParser: Ignoring duplicate uses-permissions/uses-permissions-sdk-m: android.permission.VIBRATE in package: com.google.android.gms at: Binary XML file line #209
08-16 07:44:03.171   896   896 W PackageParser: Ignoring duplicate uses-permissions/uses-permissions-sdk-m: android.permission.ACCESS_FINE_LOCATION in package: com.google.android.gms at: Binary XML file line #224
08-16 07:44:03.171   896   896 W PackageParser: Ignoring duplicate uses-permissions/uses-permissions-sdk-m: android.permission.OBSERVE_GRANT_REVOKE_PERMISSIONS in package: com.google.android.gms at: Binary XML file line #230
08-16 07:44:03.172   896   896 W PackageParser: Ignoring duplicate uses-permissions/uses-permissions-sdk-m: android.permission.READ_CONTACTS in package: com.google.android.gms at: Binary XML file line #268
08-16 07:44:03.173   896   896 W PackageParser: Ignoring duplicate uses-permissions/uses-permissions-sdk-m: android.permission.WRITE_SETTINGS in package: com.google.android.gms at: Binary XML file line #300
08-16 07:44:03.173   896   896 W PackageParser: Ignoring duplicate uses-permissions/uses-permissions-sdk-m: android.permission.CAPTURE_AUDIO_OUTPUT in package: com.google.android.gms at: Binary XML file line #315
08-16 07:44:03.173   896   896 W PackageParser: Ignoring duplicate uses-permissions/uses-permissions-sdk-m: android.permission.CAPTURE_VIDEO_OUTPUT in package: com.google.android.gms at: Binary XML file line #316
08-16 07:44:03.311   896   896 W PackageManager: Permission com.google.android.gms.permission.ACTIVITY_RECOGNITION from package com.google.android.gms in an unknown group android.permission-group.PERSONAL_INFO
08-16 07:44:03.408   896   896 W PackageParser: Ignoring duplicate uses-permissions/uses-permissions-sdk-m: android.permission.USE_CREDENTIALS in package: com.android.settings at: Binary XML file line #55
08-16 07:44:03.408   896   896 W PackageParser: Ignoring duplicate uses-permissions/uses-permissions-sdk-m: android.permission.READ_SYNC_SETTINGS in package: com.android.settings at: Binary XML file line #60
08-16 07:44:03.408   896   896 W PackageParser: Ignoring duplicate uses-permissions/uses-permissions-sdk-m: android.permission.WRITE_SYNC_SETTINGS in package: com.android.settings at: Binary XML file line #61
08-16 07:44:03.495   896   896 W PackageParser: No actions in intent filter at /system/priv-app/SetupWizard/SetupWizard.apk Binary XML file line #184
08-16 07:44:03.530   896   896 W PackageParser: Ignoring duplicate uses-permissions/uses-permissions-sdk-m: android.permission.INSTALL_GRANT_RUNTIME_PERMISSIONS in package: com.android.shell at: Binary XML file line #101
08-16 07:44:03.555   896   896 W PackageParser: Ignoring duplicate uses-permissions/uses-permissions-sdk-m: android.permission.WRITE_SETTINGS in package: com.lge.SprintHiddenMenu at: Binary XML file line #29
08-16 07:44:03.555   896   896 W PackageParser: Ignoring duplicate uses-permissions/uses-permissions-sdk-m: android.permission.WRITE_SECURE_SETTINGS in package: com.lge.SprintHiddenMenu at: Binary XML file line #30
08-16 07:44:03.603   896   896 W PackageParser: Ignoring duplicate uses-permissions/uses-permissions-sdk-m: android.permission.CONFIGURE_WIFI_DISPLAY in package: com.android.systemui at: Binary XML file line #120
08-16 07:44:03.854   896   896 W PackageManager: Permission com.google.android.launcher.permission.READ_SETTINGS from package com.google.android.googlequicksearchbox in an unknown group android.permission-group.SYSTEM_TOOLS
08-16 07:44:03.854   896   896 W PackageManager: Permission com.google.android.launcher.permission.WRITE_SETTINGS from package com.google.android.googlequicksearchbox in an unknown group android.permission-group.SYSTEM_TOOLS
08-16 07:44:03.854   896   896 W PackageManager: Permission com.android.launcher.permission.INSTALL_SHORTCUT from package com.google.android.googlequicksearchbox in an unknown group android.permission-group.SYSTEM_TOOLS
08-16 07:44:03.905   896   896 W PackageParser: Ignoring duplicate uses-permissions/uses-permissions-sdk-m: android.permission.READ_CONTACTS in package: com.android.bluetooth at: Binary XML file line #58
08-16 07:44:03.909   896   896 W PackageParser: No actions in intent filter at /system/app/Bluetooth/Bluetooth.apk Binary XML file line #216
08-16 07:44:04.132   896   896 W PackageManager: Permission com.android.chrome.permission.DEBUG from package com.android.chrome in an unknown group android.permission-group.DEVELOPMENT_TOOLS
08-16 07:44:04.274   896   896 W PackageManager: Permission com.google.android.apps.docs.permission.READ_MY_DATA from package com.google.android.apps.docs in an unknown group android.permission-group.PERSONAL_INFO
08-16 07:44:04.274   896   896 W PackageManager: Permission com.google.android.apps.docs.permission.SYNC_STATUS from package com.google.android.apps.docs in an unknown group android.permission-group.PERSONAL_INFO
08-16 07:44:04.349   896   896 W PackageParser: No actions in intent filter at /system/app/FitnessPrebuilt/FitnessPrebuilt.apk Binary XML file line #202
08-16 07:44:04.618   896   896 W PackageParser: Ignoring duplicate uses-permissions/uses-permissions-sdk-m: android.permission.INTERNET in package: com.google.android.talk at: Binary XML file line #161
08-16 07:44:04.619   896   896 W PackageParser: Ignoring duplicate uses-permissions/uses-permissions-sdk-m: android.permission.USE_CREDENTIALS in package: com.google.android.talk at: Binary XML file line #164
08-16 07:44:04.619   896   896 W PackageParser: Ignoring duplicate uses-permissions/uses-permissions-sdk-m: android.permission.ACCESS_NETWORK_STATE in package: com.google.android.talk at: Binary XML file line #166
08-16 07:44:04.850   896   896 W PackageParser: Ignoring duplicate uses-permissions/uses-permissions-sdk-m: android.permission.WAKE_LOCK in package: com.google.android.apps.maps at: Binary XML file line #95
08-16 07:44:05.131   896   896 W PackageParser: Ignoring duplicate uses-permissions/uses-permissions-sdk-m: android.permission.CHANGE_WIFI_STATE in package: com.android.nfc at: Binary XML file line #47
08-16 07:44:05.131   896   896 W PackageParser: Ignoring duplicate uses-permissions/uses-permissions-sdk-m: android.permission.ACCESS_WIFI_STATE in package: com.android.nfc at: Binary XML file line #48
08-16 07:44:05.208   896   896 W PackageParser: Problem in package /system/app/Photos/Photos.apk:
08-16 07:44:05.208   896   896 W PackageParser: Unknown element under <activity>: category at /system/app/Photos/Photos.apk Binary XML file line #649
08-16 07:44:05.240   896   896 W PackageManager: Permission com.google.android.apps.photos.permission.GOOGLE_PHOTOS_PROVIDER from package com.google.android.apps.photos in an unknown group android.permission-group.PERSONAL_INFO
08-16 07:44:05.308   896   896 W PackageParser: Unknown element under <activity-alias>: category at /system/app/PlusOne/PlusOne.apk Binary XML file line #35
08-16 07:44:05.449   896   896 W PackageManager: Permission com.google.android.gm.email.permission.READ_ATTACHMENT from package com.google.android.gm in an unknown group android.permission-group.MESSAGES
08-16 07:44:05.449   896   896 W PackageManager: Permission com.google.android.gm.permission.READ_GMAIL from package com.google.android.gm in an unknown group android.permission-group.MESSAGES
08-16 07:44:05.449   896   896 W PackageManager: Permission com.google.android.gm.permission.WRITE_GMAIL from package com.google.android.gm in an unknown group android.permission-group.MESSAGES
08-16 07:44:05.449   896   896 W PackageManager: Permission com.google.android.gm.permission.AUTO_SEND from package com.google.android.gm in an unknown group android.permission-group.MESSAGES
08-16 07:44:05.449   896   896 W PackageManager: Permission com.google.android.gm.permission.READ_CONTENT_PROVIDER from package com.google.android.gm in an unknown group android.permission-group.MESSAGES
08-16 07:44:05.559   896   896 W PackageParser: Ignoring duplicate uses-permissions/uses-permissions-sdk-m: android.permission.READ_PHONE_STATE in package: com.google.android.videos at: Binary XML file line #7
08-16 07:44:05.720   896   896 W PackageParser: Unknown element under <application>: uses-permission at /system/app/shutdownlistener/shutdownlistener.apk Binary XML file line #11
08-16 07:44:05.756   896   896 D PackageManager: No files in app dir /system/vendor/app
08-16 07:44:05.756   896   896 D PackageManager: No files in app dir /oem/app
08-16 07:44:05.781   896   896 I SELinux : SELinux: Loaded file_contexts contexts from /file_contexts.
08-16 07:44:05.817   896   896 W PackageParser: Unknown element under <manifest>: meta-data at /data/app/com.example.exposed.exposed1-2/base.apk Binary XML file line #11
08-16 07:44:05.820   896   896 D PackageManager: No files in app dir /data/app-private
08-16 07:44:05.821   896   896 W PackageManager: Package com.google.android.gms desires unavailable shared library com.google.android.ble; ignoring!
08-16 07:44:05.821   896   896 W PackageManager: Package com.google.android.GoogleCamera desires unavailable shared library com.google.android.gestureservice; ignoring!
08-16 07:44:05.821   896   896 I PackageManager: Adjusting ABI for : com.google.android.gsf.login to armeabi-v7a
08-16 07:44:05.821   896   896 I PackageManager: Adjusting ABI for : com.google.android.backuptransport to armeabi-v7a
08-16 07:44:05.821   896   896 I PackageManager: Adjusting ABI for : com.google.android.gsf to armeabi-v7a
08-16 07:44:05.822   896   896 I PackageManager: Adjusting ABI for : com.android.location.fused to armeabi-v7a
08-16 07:44:05.822   896   896 I PackageManager: Adjusting ABI for : com.android.keychain to armeabi-v7a
08-16 07:44:05.822   896   896 I PackageManager: Adjusting ABI for : com.android.providers.settings to armeabi-v7a
08-16 07:44:05.822   896   896 I PackageManager: Adjusting ABI for : com.android.settings to armeabi-v7a
08-16 07:44:05.823   896   896 I PackageManager: Adjusting ABI for : com.lge.SprintHiddenMenu to armeabi-v7a
08-16 07:44:05.823   896   896 I PackageManager: Adjusting ABI for : com.android.inputdevices to armeabi-v7a
08-16 07:44:05.823   896   896 I PackageManager: Adjusting ABI for : com.android.server.telecom to armeabi-v7a
08-16 07:44:05.827   896   896 I PackageManager: Time to scan packages: 4.095 seconds
08-16 07:44:05.828   896   896 W PackageManager: Not granting permission android.permission.MANAGE_DOCUMENTS to package com.google.android.youtube (protectionLevel=2 flags=0x38583e45)
08-16 07:44:05.828   896   896 W PackageManager: Not granting permission com.google.android.googleapps.permission.GOOGLE_AUTH to package com.google.android.youtube (protectionLevel=2 flags=0x38583e45)
08-16 07:44:05.828   896   896 W PackageManager: Not granting permission com.google.android.googleapps.permission.GOOGLE_AUTH.youtube to package com.google.android.youtube (protectionLevel=2 flags=0x38583e45)
08-16 07:44:05.828   896   896 W PackageManager: Not granting permission com.google.android.googleapps.permission.GOOGLE_AUTH.YouTubeUser to package com.google.android.youtube (protectionLevel=2 flags=0x38583e45)
08-16 07:44:05.829   896   896 W PackageManager: Unknown permission com.google.android.voicesearch.SHORTCUTS_ACCESS in package com.google.android.googlequicksearchbox
08-16 07:44:05.829   896   896 W PackageManager: Unknown permission com.google.android.voicesearch.ACCESS_SETTINGS in package com.google.android.googlequicksearchbox
08-16 07:44:05.829   896   896 W PackageManager: Unknown permission com.android.browser.permission.PRELOAD in package com.google.android.googlequicksearchbox
08-16 07:44:05.829   896   896 W PackageManager: Unknown permission com.google.android.ears.permission.WRITE in package com.google.android.googlequicksearchbox
08-16 07:44:05.829   896   896 W PackageManager: Unknown permission com.google.android.apps.googlevoice.permission.AUTO_SEND in package com.google.android.googlequicksearchbox
08-16 07:44:05.829   896   896 W PackageManager: Unknown permission com.android.chrome.PRERENDER_URL in package com.google.android.googlequicksearchbox
08-16 07:44:05.829   896   896 W PackageManager: Not granting permission com.google.android.googleapps.permission.GOOGLE_AUTH to package com.android.providers.calendar (protectionLevel=2 flags=0x30083e45)
08-16 07:44:05.829   896   896 W PackageManager: Not granting permission com.google.android.googleapps.permission.GOOGLE_AUTH.cl to package com.android.providers.calendar (protectionLevel=2 flags=0x30083e45)
08-16 07:44:05.829   896   896 W PackageManager: Not granting permission android.permission.WRITE_SECURE_SETTINGS to package com.google.android.apps.enterprise.dmagent (protectionLevel=50 flags=0x38083e05)
08-16 07:44:05.829   896   896 W PackageManager: Not granting permission android.permission.CONNECTIVITY_INTERNAL to package com.google.android.apps.enterprise.dmagent (protectionLevel=18 flags=0x38083e05)
08-16 07:44:05.829   896   896 W PackageManager: Not granting permission android.permission.MANAGE_USB to package com.google.android.apps.enterprise.dmagent (protectionLevel=18 flags=0x38083e05)
08-16 07:44:05.829   896   896 W PackageManager: Not granting permission android.permission.CHANGE_COMPONENT_ENABLED_STATE to package com.google.android.apps.enterprise.dmagent (protectionLevel=18 flags=0x38083e05)
08-16 07:44:05.829   896   896 W PackageManager: Not granting permission android.permission.MANAGE_CA_CERTIFICATES to package com.google.android.apps.enterprise.dmagent (protectionLevel=18 flags=0x38083e05)
08-16 07:44:05.829   896   896 W PackageManager: Not granting permission android.permission.MANAGE_USERS to package com.google.android.apps.enterprise.dmagent (protectionLevel=18 flags=0x38083e05)
08-16 07:44:05.830   896   896 W PackageManager: Not granting permission android.permission.WRITE_EXTERNAL_STORAGE to package de.robv.android.xposed.installer because it was previously installed without
08-16 07:44:05.830   896   896 W PackageManager: Not granting permission android.permission.READ_EXTERNAL_STORAGE to package de.robv.android.xposed.installer because it was previously installed without
08-16 07:44:05.830   896   896 W PackageManager: Not granting permission android.permission.SEND_DOWNLOAD_COMPLETED_INTENTS to package com.android.vending (protectionLevel=2 flags=0x384abe45)
08-16 07:44:05.830   896   896 W PackageManager: Unknown permission android.permission.SEND_SMS_NO_CONFIRMATION in package com.android.vending
08-16 07:44:05.830   896   896 I PackageManager: Un-granting permission android.permission.INSTALL_GRANT_RUNTIME_PERMISSIONS from package com.android.vending (protectionLevel=770 flags=0x384abe45)
08-16 07:44:05.830   896   896 I PackageManager: Un-granting permission android.permission.GRANT_RUNTIME_PERMISSIONS from package com.android.vending (protectionLevel=770 flags=0x384abe45)
08-16 07:44:05.830   896   896 I PackageManager: Un-granting permission android.permission.REVOKE_RUNTIME_PERMISSIONS from package com.android.vending (protectionLevel=770 flags=0x384abe45)
08-16 07:44:05.830   896   896 W PackageManager: Unknown permission com.sprint.internal.permission.SYSTEMPROPERTIES in package com.lge.SprintHiddenMenu
08-16 07:44:05.830   896   896 W PackageManager: Unknown permission com.sprint.internal.permission.SYSTEMPROPERTIES_WRITE in package com.lge.SprintHiddenMenu
08-16 07:44:05.830   896   896 W PackageManager: Unknown permission com.sprint.internal.permission.CONNECTIONMANAGER in package com.lge.SprintHiddenMenu
08-16 07:44:05.831   896   896 W PackageManager: Unknown permission com.sprint.internal.permission.PLATFORM in package com.lge.SprintHiddenMenu
08-16 07:44:05.831   896   896 W PackageManager: Unknown permission com.sprint.internal.permission.OMADM in package com.lge.SprintHiddenMenu
08-16 07:44:05.831   896   896 W PackageManager: Unknown permission android.permission.FACTORY in package com.lge.SprintHiddenMenu
08-16 07:44:05.831   896   896 W PackageManager: Unknown permission com.lge.permission.LGHIDDEN in package com.lge.SprintHiddenMenu
08-16 07:44:05.831   896   896 W PackageManager: Unknown permission android.permission.MMS_PUSH in package com.lge.SprintHiddenMenu
08-16 07:44:05.831   896   896 W PackageManager: Unknown permission android.permission.NFC_UNLOCK in package com.android.nfc
08-16 07:44:05.831   896   896 W PackageManager: Unknown permission com.android.launcher.permission.READ_SETTINGS in package com.google.android.launcher
08-16 07:44:05.831   896   896 W PackageManager: Unknown permission com.android.launcher.permission.WRITE_SETTINGS in package com.google.android.launcher
08-16 07:44:05.831   896   896 W PackageManager: Unknown permission com.google.android.email.permission.ACCESS_PROVIDER in package com.google.android.gm
08-16 07:44:05.831   896   896 W PackageManager: Unknown permission android.permission.READ_OWNER_DATA in package com.google.android.setupwizard
08-16 07:44:05.831   896   896 W PackageManager: Unknown permission android.permission.WRITE_OWNER_DATA in package com.google.android.setupwizard
08-16 07:44:05.832   896   896 W PackageManager: Unknown permission com.sprint.internal.permission.SYSTEMPROPERTIES in package com.redbend.vdmc
08-16 07:44:05.832   896   896 W PackageManager: Unknown permission com.sprint.internal.permission.SYSTEMPROPERTIES_WRITE in package com.redbend.vdmc
08-16 07:44:05.832   896   896 W PackageManager: Unknown permission com.sprint.internal.permission.CONNECTIONMANAGER in package com.redbend.vdmc
08-16 07:44:05.832   896   896 W PackageManager: Unknown permission com.sprint.internal.permission.PLATFORM in package com.redbend.vdmc
08-16 07:44:05.832   896   896 W PackageManager: Unknown permission android.permission.WRITE_SYNC_STATS in package com.google.android.apps.docs
08-16 07:44:05.832   896   896 W PackageManager: Unknown permission com.google.android.permission.PROVIDE_BACKGROUND in package com.google.android.apps.fitness
08-16 07:44:05.832   896   896 W PackageManager: Not granting permission android.permission.INTERACT_ACROSS_USERS to package com.google.android.syncadapters.contacts (protectionLevel=50 flags=0x38083e45)
08-16 07:44:05.832   896   896 W PackageManager: Unknown permission com.google.android.gms.permission.CONTACTS_SYNC_DELEGATION in package com.google.android.syncadapters.contacts
08-16 07:44:05.832   896   896 W PackageManager: Unknown permission com.chrome.permission.DEVICE_EXTRAS in package com.android.chrome
08-16 07:44:05.833   896   896 W PackageManager: Unknown permission com.sec.enterprise.knox.MDM_CONTENT_PROVIDER in package com.android.chrome
08-16 07:44:05.833   896   896 I PackageManager: Un-granting permission android.permission.CLEAR_APP_USER_DATA from package com.google.android.packageinstaller (protectionLevel=258 flags=0x38483e45)
08-16 07:44:05.833   896   896 I PackageManager: Un-granting permission android.permission.GRANT_RUNTIME_PERMISSIONS from package com.google.android.packageinstaller (protectionLevel=770 flags=0x38483e45)
08-16 07:44:05.833   896   896 I PackageManager: Un-granting permission android.permission.REVOKE_RUNTIME_PERMISSIONS from package com.google.android.packageinstaller (protectionLevel=770 flags=0x38483e45)
08-16 07:44:05.833   896   896 I PackageManager: Un-granting permission android.permission.INSTALL_GRANT_RUNTIME_PERMISSIONS from package com.google.android.packageinstaller (protectionLevel=770 flags=0x38483e45)
08-16 07:44:05.833   896   896 I PackageManager: Un-granting permission android.permission.INTERACT_ACROSS_USERS_FULL from package com.google.android.packageinstaller (protectionLevel=258 flags=0x38483e45)
08-16 07:44:05.833   896   896 I PackageManager: Un-granting permission android.permission.KILL_UID from package com.google.android.packageinstaller (protectionLevel=258 flags=0x38483e45)
08-16 07:44:05.833   896   896 W PackageManager: Unknown permission com.google.android.wearable.READ_SETTINGS in package com.google.android.gms
08-16 07:44:05.833   896   896 W PackageManager: Not granting permission android.permission.MANAGE_DOCUMENTS to package com.google.android.gms (protectionLevel=2 flags=0xb8483e45)
08-16 07:44:05.834   896   896 W PackageManager: Unknown permission com.android.launcher.permission.PRELOAD_WORKSPACE in package com.google.android.partnersetup
08-16 07:44:05.834   896   896 W PackageManager: Not granting permission com.google.android.googleapps.permission.GOOGLE_AUTH to package com.google.android.videos (protectionLevel=2 flags=0x38583e45)
08-16 07:44:05.834   896   896 W PackageManager: Unknown permission com.google.android.gallery3d.permission.PICASA_STORE in package com.google.android.apps.photos
08-16 07:44:05.834   896   896 W PackageManager: Not granting permission android.permission.CONTROL_KEYGUARD to package com.google.android.gsf.login (protectionLevel=2 flags=0x3048be45)
08-16 07:44:05.834   896   896 W PackageManager: Unknown permission com.android.vending.billing.IBillingAccountService.BIND2 in package com.google.android.gsf.login
08-16 07:44:05.834   896   896 W PackageManager: Unknown permission com.android.launcher.permission.READ_SETTINGS in package com.android.settings
08-16 07:44:05.834   896   896 W PackageManager: Unknown permission com.android.launcher.permission.WRITE_SETTINGS in package com.android.settings
08-16 07:44:05.835   896   896 W PackageManager: Not granting permission android.permission.REGISTER_CONNECTION_MANAGER to package com.google.android.talk (protectionLevel=18 flags=0x3849be45)
08-16 07:44:05.835   896   896 W PackageManager: Not granting permission android.permission.REBOOT to package eu.chainfire.supersu (protectionLevel=18 flags=0x38083e04)
08-16 07:44:05.835   896   896 W PackageManager: Unknown permission com.android.smspush.WAPPUSH_MANAGER_BIND in package com.android.phone
08-16 07:44:05.836   896   896 W PackageManager: Unknown permission com.android.gallery3d.permission.GALLERY_PROVIDER in package com.android.bluetooth
08-16 07:44:05.836   896   896 W PackageManager: Not granting permission android.permission.BIND_WALLPAPER to package com.google.android.GoogleCamera (protectionLevel=18 flags=0x38583c45)
08-16 07:44:05.928   896   896 I art     : Starting a blocking GC Explicit
08-16 07:44:05.956   896   896 I art     : Explicit concurrent mark sweep GC freed 39746(2MB) AllocSpace objects, 2(40KB) LOS objects, 33% free, 19MB/29MB, paused 341us total 28.025ms
08-16 07:44:05.957   896   896 I SystemServer: User Service
08-16 07:44:05.962   281   281 I lowmemorykiller: ActivityManager connected
08-16 07:44:05.963   896   896 D SensorService: nuSensorService starting...
08-16 07:44:05.975   896   896 I libsensor1: sensor1_init_once: Setting log level to 4
08-16 07:44:05.975   896   896 I qti_sensors_hal: enableLogging: Setting log level to 4
08-16 07:44:05.979   896   896 E qti_sensors_hal: SensorsContext: Hal opened lib /system/lib/hw/sensors.oem.so failed!
08-16 07:44:06.009   896   896 W qti_sensors_hal: addSensor : Add not supported sensors!
08-16 07:44:06.009   896   896 W qti_sensors_hal: addSensor : Add not supported sensors!
08-16 07:44:06.035   896   896 W qti_sensors_hal: addSensor : Add not supported sensors!
08-16 07:44:06.041   896   896 E qti_sensors_hal: OEMAddSensors : The OEM_module is NULL!
08-16 07:44:06.046   896   896 W qti_sensors_hal: sensors_get_sensors_list: handle 39 is not registered!
08-16 07:44:06.046   896   896 W qti_sensors_hal: sensors_get_sensors_list: handle 40 is not registered!
08-16 07:44:06.046   896   896 W qti_sensors_hal: sensors_get_sensors_list: handle 19 is not registered!
08-16 07:44:06.046   896   896 W qti_sensors_hal: sensors_get_sensors_list: handle 20 is not registered!
08-16 07:44:06.046   896   896 W qti_sensors_hal: sensors_get_sensors_list: handle 23 is not registered!
08-16 07:44:06.046   896   896 W qti_sensors_hal: sensors_get_sensors_list: handle 29 is not registered!
08-16 07:44:06.046   896   896 W qti_sensors_hal: sensors_get_sensors_list: handle 34 is not registered!
08-16 07:44:06.046   896   896 W qti_sensors_hal: sensors_get_sensors_list: handle 42 is not registered!
08-16 07:44:06.047   896   896 I SystemServiceManager: Starting com.android.server.BatteryService
08-16 07:44:06.047   896   985 D SensorService: new thread SensorEventAckReceiver
08-16 07:44:06.048   896   986 D SensorService: nuSensorService thread starting...
08-16 07:44:06.068   896   896 I SystemServiceManager: Starting com.android.server.usage.UsageStatsService
08-16 07:44:06.080   896   896 I SystemServiceManager: Starting com.android.server.webkit.WebViewUpdateService
08-16 07:44:06.083   896   896 I SystemServer: Reading configuration...
08-16 07:44:06.083   896   896 I SystemServer: Scheduling Policy
08-16 07:44:06.085   896   896 I SystemServiceManager: Starting com.android.server.telecom.TelecomLoaderService
08-16 07:44:06.089   896   896 I SystemServer: Telephony Registry
08-16 07:44:06.096   896   896 I SystemServer: Entropy Mixer
08-16 07:44:06.106   896   896 I EntropyMixer: Added HW RNG output to entropy pool
08-16 07:44:06.106   896   896 I EntropyMixer: Writing entropy...
08-16 07:44:06.116   896   896 I SystemServer: Camera Service
08-16 07:44:06.116   896   896 I SystemServiceManager: Starting com.android.server.camera.CameraService
08-16 07:44:06.124   896   896 I SystemServer: Account Manager
08-16 07:44:06.131   896   896 I SystemServer: Content Manager
08-16 07:44:06.136   896   896 I SystemServer: System Content Providers
08-16 07:44:06.141   896   896 W System  : ClassLoader referenced unknown path: /system/priv-app/SettingsProvider/lib/arm
08-16 07:44:06.166   896   896 I SystemServer: Vibrator Service
08-16 07:44:06.168   896   896 I SystemServer: Consumer IR Service
08-16 07:44:06.168   896   896 E ConsumerIrService: Can't open consumer IR HW Module, error: -2
08-16 07:44:06.169   896   896 I SystemServiceManager: Starting com.android.server.AlarmManagerService
08-16 07:44:06.178   896   896 D AlarmManagerService: Kernel timezone updated to 240 minutes west of GMT
08-16 07:44:06.182   896   896 I SystemServer: Init Watchdog
08-16 07:44:06.183   896   896 I SystemServer: Input Manager
08-16 07:44:06.184   896   896 I InputManager: Initializing input manager, mUseDevInputEventForAudioJack=true
08-16 07:44:06.197   896   896 I SystemServer: Window Manager
08-16 07:44:06.232   895   895 W Binder_3: type=1400 audit(0.0:10): avc: denied { ioctl } for path="socket:[9972]" dev="sockfs" ino=9972 ioctlcmd=7704 scontext=u:r:surfaceflinger:s0 tcontext=u:r:surfaceflinger:s0 tclass=unix_stream_socket permissive=0
08-16 07:44:06.232   895   895 W Binder_3: type=1400 audit(0.0:11): avc: denied { ioctl } for path="socket:[9972]" dev="sockfs" ino=9972 ioctlcmd=7704 scontext=u:r:surfaceflinger:s0 tcontext=u:r:surfaceflinger:s0 tclass=unix_stream_socket permissive=0
08-16 07:44:06.247   896   921 I WindowManager: No existing display settings /data/system/display_settings.xml; starting empty
08-16 07:44:06.338   896   896 I InputManager: Starting input manager
08-16 07:44:06.341   896   896 I SystemServer: Bluetooth Service
08-16 07:44:06.342   896   896 I SystemServiceManager: Starting com.android.server.BluetoothService
08-16 07:44:06.343   896   991 D EventHub: No input device configuration file found for device 'msm8974-taiko-mtp-snd-card Headset Jack'.
08-16 07:44:06.343   896   991 I EventHub: New device: id=1, fd=102, path='/dev/input/event5', name='msm8974-taiko-mtp-snd-card Headset Jack', classes=0x80, configuration='', keyLayout='', keyCharacterMap='', builtinKeyboard=false, wakeMechanism=EVIOCSSUSPENDBLOCK, usingClockIoctl=true
08-16 07:44:06.343   896   991 D EventHub: No input device configuration file found for device 'msm8974-taiko-mtp-snd-card Button Jack'.
08-16 07:44:06.346   896   991 W EventHub: Unable to disable kernel key repeat for /dev/input/event4: Function not implemented
08-16 07:44:06.346   896   991 I EventHub: New device: id=2, fd=103, path='/dev/input/event4', name='msm8974-taiko-mtp-snd-card Button Jack', classes=0x1, configuration='', keyLayout='/system/usr/keylayout/msm8974-taiko-mtp-snd-card_Button_Jack.kl', keyCharacterMap='/system/usr/keychars/msm8974-taiko-mtp-snd-card_Button_Jack.kcm', builtinKeyboard=false, wakeMechanism=EVIOCSSUSPENDBLOCK, usingClockIoctl=true
08-16 07:44:06.347   896   991 D EventHub: No input device configuration file found for device 'hs_detect'.
08-16 07:44:06.349   896   991 W EventHub: Unable to disable kernel key repeat for /dev/input/event3: Function not implemented
08-16 07:44:06.349   896   991 I EventHub: New device: id=3, fd=104, path='/dev/input/event3', name='hs_detect', classes=0x81, configuration='', keyLayout='/system/usr/keylayout/hs_detect.kl', keyCharacterMap='/system/usr/keychars/hs_detect.kcm', builtinKeyboard=false, wakeMechanism=EVIOCSSUSPENDBLOCK, usingClockIoctl=true
08-16 07:44:06.350   896   991 I EventHub: New device: id=4, fd=105, path='/dev/input/event1', name='touch_dev', classes=0x14, configuration='/system/usr/idc/touch_dev.idc', keyLayout='', keyCharacterMap='', builtinKeyboard=false, wakeMechanism=EVIOCSSUSPENDBLOCK, usingClockIoctl=true
08-16 07:44:06.350   896   991 D EventHub: No input device configuration file found for device 'qpnp_pon'.
08-16 07:44:06.351   896   991 W EventHub: Unable to disable kernel key repeat for /dev/input/event0: Function not implemented
08-16 07:44:06.351   896   991 I EventHub: New device: id=5, fd=106, path='/dev/input/event0', name='qpnp_pon', classes=0x1, configuration='', keyLayout='/system/usr/keylayout/qpnp_pon.kl', keyCharacterMap='/system/usr/keychars/qpnp_pon.kcm', builtinKeyboard=false, wakeMechanism=EVIOCSSUSPENDBLOCK, usingClockIoctl=true
08-16 07:44:06.351   896   991 D EventHub: No input device configuration file found for device 'gpio-keys'.
08-16 07:44:06.353   896   991 W EventHub: Unable to disable kernel key repeat for /dev/input/event2: Function not implemented
08-16 07:44:06.353   896   991 I EventHub: New device: id=6, fd=107, path='/dev/input/event2', name='gpio-keys', classes=0x81, configuration='', keyLayout='/system/usr/keylayout/gpio-keys.kl', keyCharacterMap='/system/usr/keychars/gpio-keys.kcm', builtinKeyboard=false, wakeMechanism=EVIOCSSUSPENDBLOCK, usingClockIoctl=true
08-16 07:44:06.361   896   896 D BluetoothService: onStart: publishing BluetoothManagerService
08-16 07:44:06.362   896   896 I SystemServer: Input Method Service
08-16 07:44:06.365   896   991 I InputReader: Device added: id=-1, name='Virtual', sources=0x00000301
08-16 07:44:06.366   896   991 I InputReader: Device added: id=6, name='gpio-keys', sources=0x80000101
08-16 07:44:06.366   896   991 I InputReader: Device added: id=5, name='qpnp_pon', sources=0x00000101
08-16 07:44:06.367   896   991 I InputReader:   Touch device 'touch_dev' could not query the properties of its associated display.  The device will be inoperable until the display size becomes available.
08-16 07:44:06.368   896   991 I InputReader: Device added: id=4, name='touch_dev', sources=0x00001002
08-16 07:44:06.368   896   991 I InputReader: Device added: id=3, name='hs_detect', sources=0x80000101
08-16 07:44:06.368   896   991 I InputReader: Device added: id=2, name='msm8974-taiko-mtp-snd-card Button Jack', sources=0x00000101
08-16 07:44:06.368   896   991 I InputReader: Device added: id=1, name='msm8974-taiko-mtp-snd-card Headset Jack', sources=0x80000000
08-16 07:44:06.420   896   896 I SystemServer: Accessibility Manager
08-16 07:44:06.428   896   896 I ActivityManager: Config changes=1df8 {1.0 ?mcc?mnc en_US ldltr sw360dp w360dp h640dp 480dpi nrml long port ?uimode ?night -touch -keyb/v/h -nav/h s.2}
08-16 07:44:06.435   896   991 I InputReader: Reconfiguring input devices.  changes=0x00000004
08-16 07:44:06.435   896   991 I InputReader: Device reconfigured: id=4, name='touch_dev', size 1080x1920, orientation 0, mode 1, display id 0
08-16 07:44:06.453   896   896 I ActivityManager: Config changes=508 {1.0 ?mcc?mnc en_US ldltr sw360dp w360dp h568dp 480dpi nrml port ?uimode ?night finger -keyb/v/h -nav/h s.3}
08-16 07:44:06.455   896   896 I SystemServiceManager: Starting com.android.server.MountService$Lifecycle
08-16 07:44:06.469   896   992 D MountService: Thinking about reset, mSystemReady=false, mDaemonConnected=true
08-16 07:44:06.469   896   992 D MountService: Thinking about reset, mSystemReady=false, mDaemonConnected=true
08-16 07:44:06.469   896   915 I UsageStatsService: User[0] Rollover scheduled @ 2017-08-16 20:00:00(1502928000000)
08-16 07:44:06.470   896   992 D CryptdConnector: SND -> {1 cryptfs getfield SystemLocale}
08-16 07:44:06.472   896   896 I SystemServiceManager: Starting com.android.server.UiModeManagerService
08-16 07:44:06.474   150   184 I Ext4Crypt: ext4 crypto complete called on /data
08-16 07:44:06.474   150   184 I Ext4Crypt: No master key, so not ext4enc
08-16 07:44:06.475   896   896 I ActivityManager: Config changes=200 {1.0 ?mcc?mnc en_US ldltr sw360dp w360dp h568dp 480dpi nrml port finger -keyb/v/h -nav/h s.4}
08-16 07:44:06.475   896   994 D CryptdConnector: RCV <- {200 1 -1}
08-16 07:44:06.477   896   992 W MountService: No primary storage mounted!
08-16 07:44:06.477   896   992 D VoldConnector: SND -> {1 asec list}
08-16 07:44:06.484   896   993 D VoldConnector: RCV <- {200 1 asec operation succeeded}
08-16 07:44:06.485   896   992 I PackageManager: No secure containers found
08-16 07:44:06.486   896   896 I SystemServer: LockSettingsService
08-16 07:44:06.486   896   992 W PackageManager: Not granting permission android.permission.MANAGE_DOCUMENTS to package com.google.android.youtube (protectionLevel=2 flags=0x38583e45)
08-16 07:44:06.486   896   992 W PackageManager: Not granting permission com.google.android.googleapps.permission.GOOGLE_AUTH to package com.google.android.youtube (protectionLevel=2 flags=0x38583e45)
08-16 07:44:06.486   896   992 W PackageManager: Not granting permission com.google.android.googleapps.permission.GOOGLE_AUTH.youtube to package com.google.android.youtube (protectionLevel=2 flags=0x38583e45)
08-16 07:44:06.486   896   992 W PackageManager: Not granting permission com.google.android.googleapps.permission.GOOGLE_AUTH.YouTubeUser to package com.google.android.youtube (protectionLevel=2 flags=0x38583e45)
08-16 07:44:06.486   896   992 W PackageManager: Unknown permission com.google.android.voicesearch.SHORTCUTS_ACCESS in package com.google.android.googlequicksearchbox
08-16 07:44:06.486   896   992 W PackageManager: Unknown permission com.google.android.voicesearch.ACCESS_SETTINGS in package com.google.android.googlequicksearchbox
08-16 07:44:06.486   896   992 W PackageManager: Unknown permission com.android.browser.permission.PRELOAD in package com.google.android.googlequicksearchbox
08-16 07:44:06.486   896   992 W PackageManager: Unknown permission com.google.android.ears.permission.WRITE in package com.google.android.googlequicksearchbox
08-16 07:44:06.487   896   992 W PackageManager: Unknown permission com.google.android.apps.googlevoice.permission.AUTO_SEND in package com.google.android.googlequicksearchbox
08-16 07:44:06.487   896   992 W PackageManager: Unknown permission com.android.chrome.PRERENDER_URL in package com.google.android.googlequicksearchbox
08-16 07:44:06.487   896   992 W PackageManager: Not granting permission com.google.android.googleapps.permission.GOOGLE_AUTH to package com.android.providers.calendar (protectionLevel=2 flags=0x30083e45)
08-16 07:44:06.487   896   992 W PackageManager: Not granting permission com.google.android.googleapps.permission.GOOGLE_AUTH.cl to package com.android.providers.calendar (protectionLevel=2 flags=0x30083e45)
08-16 07:44:06.487   896   992 W PackageManager: Not granting permission android.permission.WRITE_SECURE_SETTINGS to package com.google.android.apps.enterprise.dmagent (protectionLevel=50 flags=0x38083e05)
08-16 07:44:06.487   896   992 W PackageManager: Not granting permission android.permission.CONNECTIVITY_INTERNAL to package com.google.android.apps.enterprise.dmagent (protectionLevel=18 flags=0x38083e05)
08-16 07:44:06.487   896   992 W PackageManager: Not granting permission android.permission.MANAGE_USB to package com.google.android.apps.enterprise.dmagent (protectionLevel=18 flags=0x38083e05)
08-16 07:44:06.487   896   992 W PackageManager: Not granting permission android.permission.CHANGE_COMPONENT_ENABLED_STATE to package com.google.android.apps.enterprise.dmagent (protectionLevel=18 flags=0x38083e05)
08-16 07:44:06.487   896   992 W PackageManager: Not granting permission android.permission.MANAGE_CA_CERTIFICATES to package com.google.android.apps.enterprise.dmagent (protectionLevel=18 flags=0x38083e05)
08-16 07:44:06.487   896   992 W PackageManager: Not granting permission android.permission.MANAGE_USERS to package com.google.android.apps.enterprise.dmagent (protectionLevel=18 flags=0x38083e05)
08-16 07:44:06.488   896   992 W PackageManager: Not granting permission android.permission.WRITE_EXTERNAL_STORAGE to package de.robv.android.xposed.installer because it was previously installed without
08-16 07:44:06.488   896   992 W PackageManager: Not granting permission android.permission.READ_EXTERNAL_STORAGE to package de.robv.android.xposed.installer because it was previously installed without
08-16 07:44:06.488   896   992 W PackageManager: Not granting permission android.permission.SEND_DOWNLOAD_COMPLETED_INTENTS to package com.android.vending (protectionLevel=2 flags=0x384abe45)
08-16 07:44:06.488   896   992 W PackageManager: Unknown permission android.permission.SEND_SMS_NO_CONFIRMATION in package com.android.vending
08-16 07:44:06.488   896   992 W PackageManager: Unknown permission com.sprint.internal.permission.SYSTEMPROPERTIES in package com.lge.SprintHiddenMenu
08-16 07:44:06.488   896   992 W PackageManager: Unknown permission com.sprint.internal.permission.SYSTEMPROPERTIES_WRITE in package com.lge.SprintHiddenMenu
08-16 07:44:06.488   896   992 W PackageManager: Unknown permission com.sprint.internal.permission.CONNECTIONMANAGER in package com.lge.SprintHiddenMenu
08-16 07:44:06.488   896   992 W PackageManager: Unknown permission com.sprint.internal.permission.PLATFORM in package com.lge.SprintHiddenMenu
08-16 07:44:06.488   896   992 W PackageManager: Unknown permission com.sprint.internal.permission.OMADM in package com.lge.SprintHiddenMenu
08-16 07:44:06.488   896   992 W PackageManager: Unknown permission android.permission.FACTORY in package com.lge.SprintHiddenMenu
08-16 07:44:06.488   896   992 W PackageManager: Unknown permission com.lge.permission.LGHIDDEN in package com.lge.SprintHiddenMenu
08-16 07:44:06.488   896   992 W PackageManager: Unknown permission android.permission.MMS_PUSH in package com.lge.SprintHiddenMenu
08-16 07:44:06.488   896   992 W PackageManager: Unknown permission android.permission.NFC_UNLOCK in package com.android.nfc
08-16 07:44:06.488   896   992 W PackageManager: Unknown permission com.android.launcher.permission.READ_SETTINGS in package com.google.android.launcher
08-16 07:44:06.488   896   992 W PackageManager: Unknown permission com.android.launcher.permission.WRITE_SETTINGS in package com.google.android.launcher
08-16 07:44:06.489   896   992 W PackageManager: Unknown permission com.google.android.email.permission.ACCESS_PROVIDER in package com.google.android.gm
08-16 07:44:06.489   896   992 W PackageManager: Unknown permission android.permission.READ_OWNER_DATA in package com.google.android.setupwizard
08-16 07:44:06.489   896   992 W PackageManager: Unknown permission android.permission.WRITE_OWNER_DATA in package com.google.android.setupwizard
08-16 07:44:06.489   896   992 W PackageManager: Unknown permission com.sprint.internal.permission.SYSTEMPROPERTIES in package com.redbend.vdmc
08-16 07:44:06.489   896   992 W PackageManager: Unknown permission com.sprint.internal.permission.SYSTEMPROPERTIES_WRITE in package com.redbend.vdmc
08-16 07:44:06.489   896   992 W PackageManager: Unknown permission com.sprint.internal.permission.CONNECTIONMANAGER in package com.redbend.vdmc
08-16 07:44:06.489   896   992 W PackageManager: Unknown permission com.sprint.internal.permission.PLATFORM in package com.redbend.vdmc
08-16 07:44:06.489   896   992 W PackageManager: Unknown permission android.permission.WRITE_SYNC_STATS in package com.google.android.apps.docs
08-16 07:44:06.490   896   992 W PackageManager: Unknown permission com.google.android.permission.PROVIDE_BACKGROUND in package com.google.android.apps.fitness
08-16 07:44:06.490   896   992 W PackageManager: Not granting permission android.permission.INTERACT_ACROSS_USERS to package com.google.android.syncadapters.contacts (protectionLevel=50 flags=0x38883e45)
