08-16 07:43:56.666   290   290 E Camera2-Metadata: Update metadata entry: Unknown tag -2147418111
08-16 07:43:56.666   290   290 E Camera2-Metadata: Update metadata entry: Unknown tag -2147418112
08-16 07:43:56.666   290   290 D mm-camera-intf: mm_camera_open: dev name = /dev/video2, cam_idx = 2
08-16 07:43:56.667   304   304 I mm-camera-sensor: module_sensor_start_session:584 session 2
08-16 07:43:56.731   283   283 I qdutils : Right Split=0
08-16 07:43:56.732   283   283 D qdhwcomposer: int qhwc::adRead(): /sys/class/graphics/fb2/ad could not be opened : No such file or directory
08-16 07:43:56.733   283   283 I qdhwcomposer: Initializing Qualcomm Hardware Composer
08-16 07:43:56.733   283   283 I qdhwcomposer: MDP version: 500
08-16 07:43:56.733   283   283 I SurfaceFlinger: Using composer version 1.3
08-16 07:43:56.733   283   283 I qdhwcomposer: hwc_registerProcs
08-16 07:43:56.733   283   283 I qdhwcomposer: Initializing UEVENT Thread
08-16 07:43:56.734   283   283 I qdhwcomposer: Initializing VSYNC Thread
08-16 07:43:56.734   283   283 D qdhwcomposer: hwc_getDisplayAttributes disp = 0, width = 1080
08-16 07:43:56.734   283   283 D qdhwcomposer: hwc_getDisplayAttributes disp = 0, height = 1920
08-16 07:43:56.744   283   502 I qdhwcomposer: vsync_loop: Reading vsync for dpy=0 from /sys/class/graphics/fb0/vsync_event
08-16 07:43:56.744   283   502 I qdhwcomposer: vsync_loop: Reading vsync for dpy=1 from /sys/class/graphics/fb1/vsync_event
08-16 07:43:56.883   283   283 I SurfaceFlinger: EGL information:
08-16 07:43:56.884   283   283 I SurfaceFlinger: vendor    : Android
08-16 07:43:56.884   283   283 I SurfaceFlinger: version   : 1.4 Android META-EGL
08-16 07:43:56.884   283   283 I SurfaceFlinger: extensions: EGL_KHR_get_all_proc_addresses EGL_ANDROID_presentation_time EGL_KHR_swap_buffers_with_damage EGL_KHR_image EGL_KHR_image_base EGL_KHR_lock_surface EGL_KHR_gl_texture_2D_image EGL_KHR_gl_texture_3D_image EGL_KHR_gl_texture_cubemap_image EGL_KHR_gl_renderbuffer_image EGL_KHR_fence_sync EGL_KHR_create_context EGL_EXT_create_context_robustness EGL_ANDROID_image_native_buffer EGL_KHR_wait_sync EGL_ANDROID_recordable EGL_KHR_partial_update 
08-16 07:43:56.884   283   283 I SurfaceFlinger: Client API: OpenGL_ES
08-16 07:43:56.884   283   283 I SurfaceFlinger: EGLSurface: 8-8-8-8, config=0x5
08-16 07:43:56.886   283   283 I SurfaceFlinger: OpenGL ES informations:
08-16 07:43:56.886   283   283 I SurfaceFlinger: vendor    : Qualcomm
08-16 07:43:56.886   283   283 I SurfaceFlinger: renderer  : Adreno (TM) 330
08-16 07:43:56.886   283   283 I SurfaceFlinger: version   : OpenGL ES 3.0 V@127.0 AU@  (GIT@I96aee987eb)
08-16 07:43:56.886   283   283 I SurfaceFlinger: extensions: GL_AMD_compressed_ATC_texture GL_AMD_performance_monitor GL_AMD_program_binary_Z400 GL_EXT_debug_label GL_EXT_debug_marker GL_EXT_discard_framebuffer GL_EXT_robustness GL_EXT_texture_format_BGRA8888 GL_EXT_texture_type_2_10_10_10_REV GL_NV_fence GL_OES_compressed_ETC1_RGB8_texture GL_OES_depth_texture GL_OES_depth24 GL_OES_EGL_image GL_OES_EGL_sync GL_OES_EGL_image_external GL_OES_element_index_uint GL_OES_fbo_render_mipmap GL_OES_fragment_precision_high GL_OES_get_program_binary GL_OES_packed_depth_stencil GL_OES_depth_texture_cube_map GL_OES_rgb8_rgba8 GL_OES_standard_derivatives GL_OES_texture_3D GL_OES_texture_float GL_OES_texture_half_float GL_OES_texture_half_float_linear GL_OES_texture_npot GL_OES_vertex_half_float GL_OES_vertex_type_10_10_10_2 GL_OES_vertex_array_object GL_QCOM_alpha_test GL_QCOM_binning_control GL_QCOM_driver_control GL_QCOM_perfmon_global_mode GL_QCOM_extended_get GL_QCOM_extended_get2 GL_QCOM_tiled_rendering GL_QCOM_writeonly_rendering GL_EXT_sRGB GL_EXT_sRGB_write_con
08-16 07:43:56.886   283   283 I SurfaceFlinger: GL_MAX_TEXTURE_SIZE = 4096
08-16 07:43:56.886   283   283 I SurfaceFlinger: GL_MAX_VIEWPORT_DIMS = 4096
08-16 07:43:56.894   304   304 I mm-camera-sensor: module_sensor_init_session:478 ois device is not supported
08-16 07:43:56.894   304   304 I mm-camera-sensor: 
08-16 07:43:56.895   283   283 I SurfaceFlinger: EGL information:
08-16 07:43:56.895   283   283 I SurfaceFlinger: vendor    : Android
08-16 07:43:56.895   283   283 I SurfaceFlinger: version   : 1.4 Android META-EGL
08-16 07:43:56.895   283   283 I SurfaceFlinger: extensions: EGL_KHR_get_all_proc_addresses EGL_ANDROID_presentation_time EGL_KHR_swap_buffers_with_damage EGL_KHR_image EGL_KHR_image_base EGL_KHR_lock_surface EGL_KHR_gl_texture_2D_image EGL_KHR_gl_texture_3D_image EGL_KHR_gl_texture_cubemap_image EGL_KHR_gl_renderbuffer_image EGL_KHR_fence_sync EGL_KHR_create_context EGL_EXT_create_context_robustness EGL_ANDROID_image_native_buffer EGL_KHR_wait_sync EGL_ANDROID_recordable EGL_KHR_partial_update 
08-16 07:43:56.895   283   283 I SurfaceFlinger: Client API: OpenGL_ES
08-16 07:43:56.895   283   283 I SurfaceFlinger: EGLSurface: 8-8-8-8, config=0x5
08-16 07:43:56.902   304   304 I mm-camera: gyro_module_start_session: Enter
08-16 07:43:56.903   304   304 I mm-camera: gyro_module_start_session: Init DSPS
08-16 07:43:56.903   304   304 E mm-camera: Failed to open sensor1 port
08-16 07:43:56.903   304   304 I mm-camera: gyro_module_start_session: dsps_proc_init() failed
08-16 07:43:56.903   304   304 I mm-camera: gyro_module_get_port: Exit failure
08-16 07:43:56.903   304   304 I mm-camera: cpp_module_start_session:352, info: starting session 2
08-16 07:43:56.926   283   283 D SurfaceFlinger: Set power mode=2, type=0 flinger=0xb6a64000
08-16 07:43:56.926   283   283 D qdhwcomposer: hwc_blank: Unblanking display: 0
08-16 07:43:56.926   283   283 D qdhwcomposer: hwc_blank: Done unblanking display: 0
08-16 07:43:56.926   283   514 E qdhwcomposer: hwc_vsync_control: vsync control failed. Dpy=0, enable=1 : Operation not supported on transport endpoint
08-16 07:43:56.926   283   514 E SurfaceFlinger: eventControl(0, 1) failed Operation not supported on transport endpoint
08-16 07:43:56.943   304   304 I mm-camera: cpp_module_start_session:433, info: cpp_thread created.
08-16 07:43:56.943   304   516 I mm-camera: cpp_thread_func:55: cpp_thread entering the polling loop...
08-16 07:43:56.943   304   304 I mm-camera: cpp_module_start_session:436, info: session 2 started.
08-16 07:43:56.943   304   304 I mm-camera: c2d_module_start_session:246, info: starting session 2
08-16 07:43:56.946   304   304 I mm-camera: c2d_module_start_session:284, info: c2d_thread created.
08-16 07:43:56.946   304   517 I mm-camera: c2d_thread_func:39: c2d_thread entering the polling loop...
08-16 07:43:56.950   304   304 I mm-camera: c2d_module_start_session:306, info: session 2 started.
08-16 07:43:56.966   304   304 I mm-camera-sensor: module_module_set_session_data:2667 max delay 2 report dSelay 1
08-16 07:43:56.966   304   304 D mm-camera: module_faceproc_set_session_data:1987] Per frame control 2 1
08-16 07:43:56.966   290   290 D mm-camera-intf: mm_camera_open:  opened, break out while loop
08-16 07:43:56.968   304   521 I mm-camera: mct_pipeline_process_set:command=800000b
08-16 07:43:56.969   304   521 E mm-camera: mct_pipeline_get_stream: no children
08-16 07:43:56.969   304   521 E mm-camera: mct_pipeline_process_set:1451: Couldn't find stream
08-16 07:43:56.969   304   304 I mm-camera-sensor: module_sensor_stop_session:637 session 2
08-16 07:43:57.057   515   534 D libEGL  : loaded /vendor/lib/egl/libEGL_adreno.so
08-16 07:43:57.059   515   534 D libEGL  : loaded /vendor/lib/egl/libGLESv1_CM_adreno.so
08-16 07:43:57.059   304   304 I mm-camera: stats_module_stop_session: list =0xb6b5b630, remove port =0xb6b92280 name=stats_sink from module=0xb6b910e0, name=stats
08-16 07:43:57.059   304   304 I mm-camera: stats_module_stop_session: 1 port =0xb6b92280 name=stats_sink 
08-16 07:43:57.059   304   304 I mm-camera: stats_module_stop_session: 2 port =0xb6b92280 name=stats_sink 
08-16 07:43:57.060   304   304 I mm-camera: gyro_module_stop_session: Enter
08-16 07:43:57.060   304   304 I mm-camera: stats_module_stop_session: 3 port =0xb6b92280 name=stats_sink 
08-16 07:43:57.060   304   304 I mm-camera: cpp_module_stop_session:464, info: stopping session 2 ...
08-16 07:43:57.060   304   516 I mm-camera: cpp_thread_process_pipe_message:359, CPP_THREAD_MSG_ABORT: cpp_thread exiting..
08-16 07:43:57.063   304   304 I mm-camera: cpp_module_stop_session:508, info: session 2 stopped.
08-16 07:43:57.063   304   304 I mm-camera: c2d_module_stop_session:322, info: stopping session 2 ...
08-16 07:43:57.063   304   517 I mm-camera: c2d_thread_process_pipe_message:503, C2D_THREAD_MSG_ABORT: c2d_thread exiting..
08-16 07:43:57.063   304   304 I mm-camera: c2d_module_stop_session:361, info: session 2 stopped.
08-16 07:43:57.064   290   290 D QCamera3HWI: static int32_t qcamera::QCamera3HardwareInterface::lookupFwkName(const qcamera::QCamera3HardwareInterface::QCameraMap*, int, int): Cannot find matching framework type
08-16 07:43:57.064   290   290 D QCamera3HWI: static int32_t qcamera::QCamera3HardwareInterface::lookupFwkName(const qcamera::QCamera3HardwareInterface::QCameraMap*, int, int): Cannot find matching framework type
08-16 07:43:57.064   290   290 D QCamera3HWI: static int32_t qcamera::QCamera3HardwareInterface::lookupFwkName(const qcamera::QCamera3HardwareInterface::QCameraMap*, int, int): Cannot find matching framework type
08-16 07:43:57.064   290   290 D QCamera3HWI: static int32_t qcamera::QCamera3HardwareInterface::lookupFwkName(const qcamera::QCamera3HardwareInterface::QCameraMap*, int, int): Cannot find matching framework type
08-16 07:43:57.064   290   290 D QCamera3HWI: static int32_t qcamera::QCamera3HardwareInterface::lookupFwkName(const qcamera::QCamera3HardwareInterface::QCameraMap*, int, int): Cannot find matching framework type
08-16 07:43:57.064   290   290 D QCamera3HWI: static int32_t qcamera::QCamera3HardwareInterface::lookupFwkName(const qcamera::QCamera3HardwareInterface::QCameraMap*, int, int): Cannot find matching framework type
08-16 07:43:57.064   290   290 D QCamera3HWI: static int32_t qcamera::QCamera3HardwareInterface::lookupFwkName(const qcamera::QCamera3HardwareInterface::QCameraMap*, int, int): Cannot find matching framework type
08-16 07:43:57.064   290   290 D QCamera3HWI: static int32_t qcamera::QCamera3HardwareInterface::lookupFwkName(const qcamera::QCamera3HardwareInterface::QCameraMap*, int, int): Cannot find matching framework type
08-16 07:43:57.064   290   290 E Camera2-Metadata: Update metadata entry: Unknown tag -2147418111
08-16 07:43:57.064   290   290 E Camera2-Metadata: Update metadata entry: Unknown tag -2147418112
08-16 07:43:57.064   290   290 I CameraService: Loaded "QCamera Module" camera module
08-16 07:43:57.066   290   290 I ServiceManager: Waiting for service media.camera.proxy...
08-16 07:43:57.076   515   534 D libEGL  : loaded /vendor/lib/egl/libGLESv2_adreno.so
08-16 07:43:57.083   515   534 I Adreno-EGL: <qeglDrvAPI_eglInitialize:379>: QUALCOMM Build: 10/21/15, 369a2ea, I96aee987eb
08-16 07:43:57.095   302   302 D XposedStartupMarker: Current time: 1502883837, PID: 302
08-16 07:43:57.095   302   302 I Xposed  : -----------------
08-16 07:43:57.095   302   302 I Xposed  : Starting Xposed version 87, compiled for SDK 23
08-16 07:43:57.095   302   302 I Xposed  : Device: Nexus 5 (LGE), Android version 6.0.1 (SDK 23)
08-16 07:43:57.095   302   302 I Xposed  : ROM: M4B30Z
08-16 07:43:57.095   302   302 I Xposed  : Build fingerprint: google/hammerhead/hammerhead:6.0.1/M4B30Z/3437181:user/release-keys
08-16 07:43:57.095   302   302 I Xposed  : Platform: armeabi-v7a, 32-bit binary, system server: yes
08-16 07:43:57.095   302   302 I Xposed  : SELinux enabled: yes, enforcing: yes
08-16 07:43:57.123   302   302 W zygote  : type=1400 audit(0.0:7): avc: denied { read } for name="input" dev="tmpfs" ino=6115 scontext=u:r:zygote:s0 tcontext=u:object_r:input_device:s0 tclass=dir permissive=0
08-16 07:43:57.126   515   534 E BootAnimation: couldn't find audio_conf.txt
08-16 07:43:57.129   302   302 I Xposed  : -----------------
08-16 07:43:57.130   302   302 I Xposed  : Added Xposed (/system/framework/XposedBridge.jar) to CLASSPATH
08-16 07:43:57.130   302   302 D AndroidRuntime: >>>>>> START de.robv.android.xposed.XposedBridge uid 0 <<<<<<
08-16 07:43:57.167   302   302 D AndroidRuntime: CheckJNI is OFF
08-16 07:43:57.178   302   302 I art     : option[0]=-Xzygote
08-16 07:43:57.178   302   302 I art     : option[1]=-Xstacktracefile:/data/anr/traces.txt
08-16 07:43:57.178   302   302 I art     : option[2]=exit
08-16 07:43:57.178   302   302 I art     : option[3]=vfprintf
08-16 07:43:57.178   302   302 I art     : option[4]=sensitiveThread
08-16 07:43:57.178   302   302 I art     : option[5]=-verbose:gc
08-16 07:43:57.178   302   302 I art     : option[6]=-Xms8m
08-16 07:43:57.178   302   302 I art     : option[7]=-Xmx512m
08-16 07:43:57.178   302   302 I art     : option[8]=-XX:HeapGrowthLimit=192m
08-16 07:43:57.178   302   302 I art     : option[9]=-XX:HeapMinFree=512k
08-16 07:43:57.178   302   302 I art     : option[10]=-XX:HeapMaxFree=8m
08-16 07:43:57.178   302   302 I art     : option[11]=-XX:HeapTargetUtilization=0.75
08-16 07:43:57.178   302   302 I art     : option[12]=-agentlib:jdwp=transport=dt_android_adb,suspend=n,server=y
08-16 07:43:57.178   302   302 I art     : option[13]=-Ximage-compiler-option
08-16 07:43:57.178   302   302 I art     : option[14]=--runtime-arg
08-16 07:43:57.178   302   302 I art     : option[15]=-Ximage-compiler-option
08-16 07:43:57.178   302   302 I art     : option[16]=-Xms64m
08-16 07:43:57.178   302   302 I art     : option[17]=-Ximage-compiler-option
08-16 07:43:57.178   302   302 I art     : option[18]=--runtime-arg
08-16 07:43:57.178   302   302 I art     : option[19]=-Ximage-compiler-option
08-16 07:43:57.178   302   302 I art     : option[20]=-Xmx64m
08-16 07:43:57.178   302   302 I art     : option[21]=-Ximage-compiler-option
08-16 07:43:57.178   302   302 I art     : option[22]=--image-classes=/system/etc/preloaded-classes
08-16 07:43:57.178   302   302 I art     : option[23]=-Xcompiler-option
08-16 07:43:57.178   302   302 I art     : option[24]=--runtime-arg
08-16 07:43:57.179   302   302 I art     : option[25]=-Xcompiler-option
08-16 07:43:57.179   302   302 I art     : option[26]=-Xms64m
08-16 07:43:57.179   302   302 I art     : option[27]=-Xcompiler-option
08-16 07:43:57.179   302   302 I art     : option[28]=--runtime-arg
08-16 07:43:57.179   302   302 I art     : option[29]=-Xcompiler-option
08-16 07:43:57.179   302   302 I art     : option[30]=-Xmx512m
08-16 07:43:57.179   302   302 I art     : option[31]=-Ximage-compiler-option
08-16 07:43:57.179   302   302 I art     : option[32]=--instruction-set-variant=krait
08-16 07:43:57.179   302   302 I art     : option[33]=-Xcompiler-option
08-16 07:43:57.179   302   302 I art     : option[34]=--instruction-set-variant=krait
08-16 07:43:57.179   302   302 I art     : option[35]=-Ximage-compiler-option
08-16 07:43:57.179   302   302 I art     : option[36]=--instruction-set-features=default
08-16 07:43:57.179   302   302 I art     : option[37]=-Xcompiler-option
08-16 07:43:57.179   302   302 I art     : option[38]=--instruction-set-features=default
08-16 07:43:57.179   302   302 I art     : option[39]=-Duser.locale=en-US
08-16 07:43:57.179   302   302 I art     : option[40]=--cpu-abilist=armeabi-v7a,armeabi
08-16 07:43:57.179   302   302 I art     : option[41]=-Xfingerprint:google/hammerhead/hammerhead:6.0.1/M4B30Z/3437181:user/release-keys
08-16 07:43:57.253   301   338 E Diag_Lib:  Diag_LSM_Init: Failed to open handle to diag driver, error = 2
08-16 07:43:57.254   305   305 E Diag_Lib:  Diag_LSM_Init: Failed to open handle to diag driver, error = 2
08-16 07:43:57.255   305   305 E QC-time-services: Daemon:genoff_modem_qmi_init: qmi_client_get_service_list returned -2num_services 0
08-16 07:43:57.365   284   284 I rmt_storage: rmt_storage_connect_cb: clnt_h=0x1 conn_h=0xb6c4a010
08-16 07:43:57.365   284   284 I rmt_storage: rmt_storage_open_cb: /boot/modem_fs1: clnt_h=0x1: req_h=0x1 msg_id=1: Client found
08-16 07:43:57.366   284   284 I rmt_storage: rmt_storage_open_cb: /boot/modem_fs1: clnt_h=0x1: req_h=0x1 msg_id=1: Send response: res=0 err=0
08-16 07:43:57.366   284   575 I rmt_storage: rmt_storage_client_thread: /boot/modem_fs1: clnt_h=0x1 Worker thread started
08-16 07:43:57.366   284   575 I rmt_storage: wake lock name: rmt_storage_-1228670672, name creation success: 23
08-16 07:43:57.366   284   284 I rmt_storage: rmt_storage_connect_cb: clnt_h=0x2 conn_h=0xb6c4a018
08-16 07:43:57.366   284   284 I rmt_storage: rmt_storage_open_cb: /boot/modem_fs2: clnt_h=0x2: req_h=0x2 msg_id=1: Client found
08-16 07:43:57.366   284   284 I rmt_storage: rmt_storage_open_cb: /boot/modem_fs2: clnt_h=0x2: req_h=0x2 msg_id=1: Send response: res=0 err=0
08-16 07:43:57.366   284   576 I rmt_storage: rmt_storage_client_thread: /boot/modem_fs2: clnt_h=0x2 Worker thread started
08-16 07:43:57.366   284   576 I rmt_storage: wake lock name: rmt_storage_-1229715152, name creation success: 23
08-16 07:43:57.366   284   284 I rmt_storage: rmt_storage_connect_cb: clnt_h=0x3 conn_h=0xb6c4a020
08-16 07:43:57.366   284   284 I rmt_storage: rmt_storage_open_cb: /boot/modem_fsg: clnt_h=0x3: req_h=0x3 msg_id=1: Client found
08-16 07:43:57.366   284   284 I rmt_storage: rmt_storage_open_cb: /boot/modem_fsg: clnt_h=0x3: req_h=0x3 msg_id=1: Send response: res=0 err=0
08-16 07:43:57.366   284   577 I rmt_storage: rmt_storage_client_thread: /boot/modem_fsg: clnt_h=0x3 Worker thread started
08-16 07:43:57.366   284   577 I rmt_storage: wake lock name: rmt_storage_-1230759632, name creation success: 23
08-16 07:43:57.367   284   284 I rmt_storage: rmt_storage_connect_cb: clnt_h=0x4 conn_h=0xb6c4a028
08-16 07:43:57.367   284   284 I rmt_storage: rmt_storage_open_cb: /boot/modem_fsc: clnt_h=0x4: req_h=0x4 msg_id=1: Client found
08-16 07:43:57.367   284   284 I rmt_storage: rmt_storage_open_cb: /boot/modem_fsc: clnt_h=0x4: req_h=0x4 msg_id=1: Send response: res=0 err=0
08-16 07:43:57.367   284   578 I rmt_storage: rmt_storage_client_thread: /boot/modem_fsc: clnt_h=0x4 Worker thread started
08-16 07:43:57.367   284   578 I rmt_storage: wake lock name: rmt_storage_-1231804112, name creation success: 23
08-16 07:43:57.367   284   284 I rmt_storage: rmt_storage_alloc_buff_cb: /boot/modem_fs1: clnt_h=0x1: req_h=0x5 msg_id=4: Alloc request received: Size: 1572864
08-16 07:43:57.367   284   284 I rmt_storage: rmt_storage_alloc_buff_cb: /boot/modem_fs1: clnt_h=0x1: req_h=0x5 msg_id=4: Send response: res=0 err=0
08-16 07:43:57.368   284   284 I rmt_storage: rmt_storage_rw_iovec_cb: /boot/modem_fs1: clnt_h=0x1: req_h=0x6 msg_id=3: R/W request received
08-16 07:43:57.368   284   284 I rmt_storage: Shared mem address set to 0xb66c4000
08-16 07:43:57.368   284   284 I rmt_storage: wakelock acquired: 1, error no: 2
08-16 07:43:57.368   284   575 I rmt_storage: rmt_storage_client_thread: /boot/modem_fs1: clnt_h=0x1 Unblock worker thread (th_id: -1228670672)
08-16 07:43:57.368   284   575 I rmt_storage: rmt_storage_client_thread: /boot/modem_fs1: clnt_h=0x1: req_h=0x6 msg_id=3: Bytes read = 512
08-16 07:43:57.368   284   575 I rmt_storage: rmt_storage_client_thread: /boot/modem_fs1: clnt_h=0x1: req_h=0x6 msg_id=3: Send response: res=0 err=0
08-16 07:43:57.369   284   575 I rmt_storage: rmt_storage_client_thread: /boot/modem_fs1: clnt_h=0x1 About to block rmt_storage client thread (th_id: -1228670672) wakelock released: 1, error no: 0
08-16 07:43:57.369   284   575 I rmt_storage: 
08-16 07:43:57.369   284   284 I rmt_storage: rmt_storage_rw_iovec_cb: /boot/modem_fs2: clnt_h=0x2: req_h=0x7 msg_id=3: R/W request received
08-16 07:43:57.369   284   284 I rmt_storage: Shared mem address set to 0xb66c4000
08-16 07:43:57.369   284   284 I rmt_storage: wakelock acquired: 1, error no: 2
08-16 07:43:57.369   284   576 I rmt_storage: rmt_storage_client_thread: /boot/modem_fs2: clnt_h=0x2 Unblock worker thread (th_id: -1229715152)
08-16 07:43:57.369   284   576 I rmt_storage: rmt_storage_client_thread: /boot/modem_fs2: clnt_h=0x2: req_h=0x7 msg_id=3: Bytes read = 512
08-16 07:43:57.369   284   576 I rmt_storage: rmt_storage_client_thread: /boot/modem_fs2: clnt_h=0x2: req_h=0x7 msg_id=3: Send response: res=0 err=0
08-16 07:43:57.370   284   576 I rmt_storage: rmt_storage_client_thread: /boot/modem_fs2: clnt_h=0x2 About to block rmt_storage client thread (th_id: -1229715152) wakelock released: 1, error no: 0
08-16 07:43:57.370   284   576 I rmt_storage: 
08-16 07:43:57.371   284   284 I rmt_storage: rmt_storage_rw_iovec_cb: /boot/modem_fs2: clnt_h=0x2: req_h=0x8 msg_id=3: R/W request received
08-16 07:43:57.371   284   284 I rmt_storage: wakelock acquired: 1, error no: 2
08-16 07:43:57.371   284   576 I rmt_storage: rmt_storage_client_thread: /boot/modem_fs2: clnt_h=0x2 Unblock worker thread (th_id: -1229715152)
08-16 07:43:57.388   284   576 I rmt_storage: rmt_storage_client_thread: /boot/modem_fs2: clnt_h=0x2: req_h=0x8 msg_id=3: Bytes read = 1571840
08-16 07:43:57.388   284   576 I rmt_storage: rmt_storage_client_thread: /boot/modem_fs2: clnt_h=0x2: req_h=0x8 msg_id=3: Send response: res=0 err=0
08-16 07:43:57.389   284   576 I rmt_storage: rmt_storage_client_thread: /boot/modem_fs2: clnt_h=0x2 About to block rmt_storage client thread (th_id: -1229715152) wakelock released: 1, error no: 0
08-16 07:43:57.389   284   576 I rmt_storage: 
08-16 07:43:57.538   302   302 D ICU     : No timezone override file found: /data/misc/zoneinfo/current/icu/icu_tzdata.dat
08-16 07:43:57.606   297   599 E Diag_Lib:  Diag_LSM_Init: Failed to open handle to diag driver, error = 2
08-16 07:43:57.681   302   302 I Xposed  : Detected ART runtime
08-16 07:43:57.703   302   302 I Xposed  : Found Xposed class 'de/robv/android/xposed/XposedBridge', now initializing
08-16 07:43:57.843   283   283 D qdutils : DEBUG_CALC_FPS: 0
08-16 07:43:57.843   283   283 D qdutils : period: 10
08-16 07:43:57.843   283   283 D qdutils : ignorethresh_us: 500000
08-16 07:43:57.881   302   302 I Radio-JNI: register_android_hardware_Radio DONE
08-16 07:43:57.941   631   631 D idmap   : error: no read access to /vendor/overlay: No such file or directory
08-16 07:43:57.957   297   564 E Sensors : sns_reg.c(255):Invalid ID: 3040
08-16 07:43:58.066   290   290 I ServiceManager: Waiting for service media.camera.proxy...
08-16 07:43:58.170   302   302 I Xposed  : Loading modules from /data/app/com.example.exposed.exposed1-2/base.apk
08-16 07:43:58.211   302   302 E Xposed  :   assets/xposed_init not found in the APK
08-16 07:43:58.218   302   302 I SamplingProfilerIntegration: Profiling disabled.
08-16 07:43:58.221   302   302 D Zygote  : begin preload
08-16 07:43:58.223   302   302 I Zygote  : Preloading classes...
08-16 07:43:58.289   286   286 V NatController: runCmd(/system/bin/iptables -w -F natctrl_FORWARD) res=0
08-16 07:43:58.307   286   286 V NatController: runCmd(/system/bin/iptables -w -A natctrl_FORWARD -j DROP) res=0
08-16 07:43:58.325   286   286 V NatController: runCmd(/system/bin/iptables -w -t nat -F natctrl_nat_POSTROUTING) res=0
08-16 07:43:58.344   286   286 V NatController: runCmd(/system/bin/iptables -w -F natctrl_tether_counters) res=1
08-16 07:43:58.359   286   286 V NatController: runCmd(/system/bin/iptables -w -X natctrl_tether_counters) res=1
08-16 07:43:58.371   286   286 V NatController: runCmd(/system/bin/iptables -w -N natctrl_tether_counters) res=0
08-16 07:43:58.381   286   286 V NatController: runCmd(/system/bin/iptables -w -t mangle -A natctrl_mangle_FORWARD -p tcp --tcp-flags SYN SYN -j TCPMSS --clamp-mss-to-pmtu) res=0
08-16 07:43:58.591   302   302 E Minikin : addFont failed to create font /system/fonts/NanumGothic.ttf
08-16 07:43:58.591   302   302 E Minikin : addFont failed to create font /system/fonts/DroidSansFallback.ttf
08-16 07:43:58.591   302   302 E Minikin : addFont failed to create font /system/fonts/MTLmr3m.ttf
08-16 07:43:58.714   302   302 V DngCreator_JNI: DngCreator_nativeClassInit:
08-16 07:43:58.896   297   750 E Sensors : sns_debug_main.c(436):Debug Config File missing in EFS!
08-16 07:43:59.019   288   385 E Diag_Lib:  Diag_LSM_Init: Failed to open handle to diag driver, error = 2
08-16 07:43:59.066   288   385 E QMI_FW  : dl_init: DLOPEN successful for libqmi_cci.so
08-16 07:43:59.067   290   290 I ServiceManager: Waiting for service media.camera.proxy...
08-16 07:43:59.084   288   385 E QMI_FW  : [LGE_VSS_QCCI][AP]Daemon:qcci_qmi_lge_vs_nv_init: qmi_client_get_service_list returned 0 num_services 1
08-16 07:43:59.090   288   385 E QMI_FW  : [LGE_VSS_QCCI][AP] qmi_client_get_service_list() returned 0 num_entries = 1 num_services = 1
08-16 07:43:59.101   288   385 E QMI_FW  : [LGE_VSS_QCCI][AP] qmi_client_init returned 0
08-16 07:43:59.163   302   302 I art     : Thread[1,tid=302,Native,Thread*=0xb4fb6500,peer=0x12c2b160,"main"] recursive attempt to load library "/system/lib/libmedia_jni.so"
08-16 07:43:59.164   302   302 D MtpDeviceJNI: register_android_mtp_MtpDevice
08-16 07:43:59.165   302   302 I art     : Thread[1,tid=302,Native,Thread*=0xb4fb6500,peer=0x12c2b160,"main"] recursive attempt to load library "/system/lib/libmedia_jni.so"
08-16 07:43:59.167   302   302 I art     : Thread[1,tid=302,Native,Thread*=0xb4fb6500,peer=0x12c2b160,"main"] recursive attempt to load library "/system/lib/libmedia_jni.so"
08-16 07:43:59.258   305   305 E QC-time-services: Daemon:genoff_modem_qmi_init: qmi_client_get_service_list returned 0num_services 1
08-16 07:43:59.261   305   305 D QC-time-services: Daemon:genoff_modem_qmi_init: Initial transaction successfull
08-16 07:43:59.261   305   862 D QC-time-services: Daemon:tod_update_ind_cb: Got Update from modem msg_id 40
08-16 07:43:59.261   301   343 I ThermalEngine: qmi: Instance id 25 for fusion TS
08-16 07:43:59.264   305   864 D QC-time-services: Daemon: Time-services: All initializations done
08-16 07:43:59.264   305   864 D QC-time-services: Daemon: Time-services: Waiting to acceptconnection
08-16 07:43:59.273   302   302 E EmojiFactory_jni: Failed to load libemoji.so: dlopen failed: library "libemoji.so" not found
08-16 07:43:59.279   301   339 I ThermalEngine: ADSP thermal mitigation available.
08-16 07:43:59.282   301   339 I ThermalEngine: ACTION: ADSP - Pending request: cpuv_restriction_cold mitigation succeeded for level 0.
08-16 07:43:59.288   301   337 I ThermalEngine: MODEM thermal mitigation available.
08-16 07:43:59.291   301   337 I ThermalEngine: ACTION: MODEM - Pending request: pa mitigation succeeded for level 0.
08-16 07:43:59.291   301   337 I ThermalEngine: ACTION: MODEM - Pending request: cpuv_restriction_cold mitigation succeeded for level 0.
08-16 07:43:59.526   284   284 I rmt_storage: rmt_storage_connect_cb: clnt_h=0x5 conn_h=0xb6c4a030
08-16 07:43:59.527   284   284 I rmt_storage: rmt_storage_rw_iovec_cb: /boot/modem_fs1: clnt_h=0x1: req_h=0x9 msg_id=3: R/W request received
08-16 07:43:59.527   284   284 I rmt_storage: wakelock acquired: 1, error no: 2
08-16 07:43:59.527   284   575 I rmt_storage: rmt_storage_client_thread: /boot/modem_fs1: clnt_h=0x1 Unblock worker thread (th_id: -1228670672)
08-16 07:43:59.599   284   575 I rmt_storage: rmt_storage_client_thread: /boot/modem_fs1: clnt_h=0x1: req_h=0x9 msg_id=3: Bytes written = 1572864
08-16 07:43:59.599   284   575 I rmt_storage: rmt_storage_client_thread: /boot/modem_fs1: clnt_h=0x1: req_h=0x9 msg_id=3: Send response: res=0 err=0
08-16 07:43:59.599   284   575 I rmt_storage: rmt_storage_client_thread: /boot/modem_fs1: clnt_h=0x1 About to block rmt_storage client thread (th_id: -1228670672) wakelock released: 1, error no: 0
08-16 07:43:59.599   284   575 I rmt_storage: 
08-16 07:43:59.599   284   284 I rmt_storage: rmt_storage_disconnect_cb: clnt_h=0x0x5 conn_h=0x0xb6c4a030
08-16 07:43:59.629   302   302 I System  : Loaded time zone names for "" in 90ms (86ms in ICU)
08-16 07:43:59.658   286   286 E Netd    : cannot find interface dummy0
08-16 07:43:59.662   286   286 D MDnsDS  : MDnsSdListener::Hander starting up
08-16 07:43:59.662   286   890 D MDnsDS  : MDnsSdListener starting to monitor
08-16 07:43:59.662   286   890 D MDnsDS  : Going to poll with pollCount 1
08-16 07:43:59.681   302   302 I System  : Loaded time zone names for "en_US" in 52ms (49ms in ICU)
08-16 07:43:59.714   302   302 I Zygote  : ...preloaded 3831 classes in 1491ms.
08-16 07:43:59.714   302   302 I art     : VMRuntime.preloadDexCaches starting
08-16 07:43:59.852   302   302 I art     : VMRuntime.preloadDexCaches strings total=244151 before=44004 after=44004
08-16 07:43:59.852   302   302 I art     : VMRuntime.preloadDexCaches types total=20147 before=6883 after=6913
08-16 07:43:59.852   302   302 I art     : VMRuntime.preloadDexCaches fields total=98418 before=35728 after=35982
08-16 07:43:59.852   302   302 I art     : VMRuntime.preloadDexCaches methods total=170378 before=70794 after=71367
08-16 07:43:59.852   302   302 I art     : VMRuntime.preloadDexCaches finished
08-16 07:43:59.852   302   302 I Zygote  : Preloading resources...
08-16 07:44:00.067   290   290 I ServiceManager: Waiting for service media.camera.proxy...
08-16 07:44:00.629   302   302 I Zygote  : ...preloaded 342 resources in 777ms.
08-16 07:44:00.648   302   302 I Zygote  : ...preloaded 41 resources in 18ms.
08-16 07:44:00.655   302   302 D libEGL  : loaded /vendor/lib/egl/libEGL_adreno.so
08-16 07:44:00.657   302   302 D libEGL  : loaded /vendor/lib/egl/libGLESv1_CM_adreno.so
08-16 07:44:00.681   302   302 D libEGL  : loaded /vendor/lib/egl/libGLESv2_adreno.so
08-16 07:44:00.692   302   302 I Zygote  : Preloading shared libraries...
08-16 07:44:00.720   302   302 D Zygote  : end preload
08-16 07:44:00.721   302   302 I art     : Starting a blocking GC Explicit
08-16 07:44:00.731   302   302 I art     : Explicit concurrent mark sweep GC freed 3383(172KB) AllocSpace objects, 0(0B) LOS objects, 40% free, 15MB/25MB, paused 135us total 8.857ms
08-16 07:44:00.733   302   302 I art     : Starting a blocking GC Explicit
08-16 07:44:00.750   302   302 I art     : Explicit concurrent mark sweep GC freed 575(23KB) AllocSpace objects, 0(0B) LOS objects, 39% free, 15MB/25MB, paused 542us total 16.507ms
08-16 07:44:00.751   302   610 I art     : Starting a blocking GC HeapTrim
08-16 07:44:00.758   302   302 I art     : Starting a blocking GC Background
08-16 07:44:00.827   302   302 I Zygote  : System server process 896 has been created
08-16 07:44:00.831   302   302 I Zygote  : Accepting command socket connections
08-16 07:44:00.847   896   896 I InstallerConnection: connecting...
08-16 07:44:00.849   291   291 I installd: new connection
08-16 07:44:00.892   896   896 I InstallerConnection: disconnecting...
08-16 07:44:00.892   291   291 E installd: eof
08-16 07:44:00.893   291   291 E installd: failed to read size
08-16 07:44:00.893   291   291 I installd: closing connection
08-16 07:44:00.966   296   296 E Diag_Lib:  Diag_LSM_Init: Failed to open handle to diag driver, error = 2
08-16 07:44:00.967   896   896 I SystemServer: Entered the Android system server!
08-16 07:44:01.049   297   756 E Sensors : sns_smr_util.c(104):Unable to initialize service 259 with QCCI, timed out (2000 ms)
08-16 07:44:01.068   290   290 I ServiceManager: Waiting for service media.camera.proxy...
08-16 07:44:01.068   896   896 I SystemServiceManager: Starting com.android.server.pm.Installer
08-16 07:44:01.076   896   896 I Installer: Waiting for installd to be ready.
08-16 07:44:01.076   896   896 I InstallerConnection: connecting...
08-16 07:44:01.078   291   291 I installd: new connection
08-16 07:44:01.080   896   896 I SystemServiceManager: Starting com.android.server.am.ActivityManagerService$Lifecycle
08-16 07:44:01.097   297   756 E Sensors : sns_acm_mr.c(472):Error getting info for service 3
08-16 07:44:01.132   896   896 I ActivityManager: Memory class: 192
08-16 07:44:01.168   896   896 D BatteryStatsImpl: Reading daily items from /data/system/batterystats-daily.xml
08-16 07:44:01.310   896   896 I IntentFirewall: Read new rules (A:0 B:0 S:0)
08-16 07:44:01.328   896   896 D AppOps  : AppOpsService published
08-16 07:44:01.331   896   896 I SystemServiceManager: Starting com.android.server.power.PowerManagerService
08-16 07:44:01.345   896   896 I PowerHAL: power_init
08-16 07:44:01.345   896   896 W libsuspend: Error writing 'on' to /sys/power/state: Invalid argument
08-16 07:44:01.345   896   896 I libsuspend: Selected wakeup count
08-16 07:44:01.345   896   896 E PowerHAL: sync_thread: failed to send: No such file or directory
08-16 07:44:01.345   896   896 E PowerHAL: touch_boost: failed to send: No such file or directory
08-16 07:44:01.355   896   896 I SystemServiceManager: Starting com.android.server.lights.LightsService
08-16 07:44:01.359   896   896 I SystemServiceManager: Starting com.android.server.display.DisplayManagerService
08-16 07:44:01.362   439   439 W Binder_2: type=1400 audit(0.0:8): avc: denied { ioctl } for path="socket:[8921]" dev="sockfs" ino=8921 ioctlcmd=7704 scontext=u:r:surfaceflinger:s0 tcontext=u:r:surfaceflinger:s0 tclass=unix_stream_socket permissive=0
08-16 07:44:01.362   439   439 W Binder_2: type=1400 audit(0.0:9): avc: denied { ioctl } for path="socket:[8921]" dev="sockfs" ino=8921 ioctlcmd=7704 scontext=u:r:surfaceflinger:s0 tcontext=u:r:surfaceflinger:s0 tclass=unix_stream_socket permissive=0
08-16 07:44:01.371   896   896 I SystemServiceManager: Starting phase 100
08-16 07:44:01.386   896   921 I DisplayManagerService: Display device added: DisplayDeviceInfo{"Built-in Screen": uniqueId="local:0", 1080 x 1920, modeId 1, defaultModeId 1, supportedModes [{id=1, width=1080, height=1920, fps=60.0}], colorTransformId 1, defaultColorTransformId 1, supportedColorTransforms [{id=1, colorTransform=0}], density 480, 442.451 x 443.345 dpi, appVsyncOff 7500000, presDeadline 12666667, touch INTERNAL, rotation 0, type BUILT_IN, state UNKNOWN, FLAG_DEFAULT_DISPLAY, FLAG_ROTATES_WITH_CONTENT, FLAG_SECURE, FLAG_SUPPORTS_PROTECTED_BUFFERS}
08-16 07:44:01.390   283   283 D SurfaceFlinger: Set power mode=2, type=0 flinger=0xb6a64000
08-16 07:44:01.390   283   283 D SurfaceFlinger: Screen type=0 is already mode=2
08-16 07:44:01.390   896   896 I SystemServer: Package Manager
08-16 07:44:01.391   896   921 I DisplayManagerService: Display device changed state: "Built-in Screen", ON
08-16 07:44:01.524   896   896 D SELinuxMMAC: Using policy file /system/etc/security/mac_permissions.xml
08-16 07:44:01.549   896   896 D PackageSettings: Read domain verification for package:com.google.android.youtube
08-16 07:44:01.559   896   896 D PackageSettings: Read domain verification for package:com.google.android.apps.docs.editors.docs
08-16 07:44:01.564   896   896 D PackageSettings: Read domain verification for package:com.google.android.apps.docs.editors.sheets
08-16 07:44:01.565   896   896 D PackageSettings: Read domain verification for package:com.google.android.apps.docs.editors.slides
08-16 07:44:01.572   896   896 D PackageSettings: Read domain verification for package:com.android.vending
08-16 07:44:01.605   896   896 D PackageSettings: Read domain verification for package:com.google.android.apps.maps
08-16 07:44:01.802   896   896 E art     : DexFile_getDexOptNeeded file '/system/framework/org.apache.http.legacy.jar' does not exist
08-16 07:44:01.803   896   896 W PackageManager: Library not found: /system/framework/org.apache.http.legacy.jar
08-16 07:44:01.930   896   896 D PackageManager: No files in app dir /vendor/overlay
08-16 07:44:01.935   896   896 W PackageManager: Failed to parse /system/framework/arm: Missing base APK in /system/framework/arm
08-16 07:44:02.012   896   896 W PackageManager: Failed to parse /system/framework/oat: Missing base APK in /system/framework/oat
08-16 07:44:02.069   290   290 I AudioPolicyService: AudioPolicyService CSTOR in new mode
08-16 07:44:02.071   290   290 I APM::ConfigParsingUtils: loadAudioPolicyConfig() loaded /system/etc/audio_policy.conf
08-16 07:44:02.085   290   290 D audio_hw_primary: adev_open: enter
08-16 07:44:02.086   290   290 D platform_info: platform_info_init: Failed to open /system/etc/audio_platform_info.xml, using defaults.
08-16 07:44:02.121   290   290 D msm8974_platform: platform_init: snd_card_name: msm8974-taiko-mtp-snd-card
08-16 07:44:02.242   290   290 D msm8974_platform: platform_init: Opened sound card:0
08-16 07:44:02.256   290   290 D         : [ACDB Command]->SW Minor/Major/Revision version mismatch warning /etc/acdbdata/MTP/MTP_Bluetooth_cal.acdb
08-16 07:44:02.257   290   290 D         : [ACDB Command]->ACDB Sw Major = 3, ACDB Sw Minor = 0, ACDB Sw Revision = 0
08-16 07:44:02.257   290   290 D         : [ACDB Command]->ACDB File Major = 3, ACDB File Minor = 0, ACDB File Revision = 2
08-16 07:44:02.258   290   290 D         : [ACDB Command]->SW Minor/Major/Revision version mismatch warning /etc/acdbdata/MTP/MTP_General_cal.acdb
08-16 07:44:02.258   290   290 D         : [ACDB Command]->ACDB Sw Major = 3, ACDB Sw Minor = 0, ACDB Sw Revision = 0
08-16 07:44:02.258   290   290 D         : [ACDB Command]->ACDB File Major = 3, ACDB File Minor = 0, ACDB File Revision = 2
08-16 07:44:02.258   290   290 D         : [ACDB Command]->SW Minor/Major/Revision version mismatch warning /etc/acdbdata/MTP/MTP_Global_cal.acdb
08-16 07:44:02.258   290   290 D         : [ACDB Command]->ACDB Sw Major = 3, ACDB Sw Minor = 0, ACDB Sw Revision = 0
08-16 07:44:02.258   290   290 D         : [ACDB Command]->ACDB File Major = 3, ACDB File Minor = 0, ACDB File Revision = 2
08-16 07:44:02.261   290   290 D         : [ACDB Command]->SW Minor/Major/Revision version mismatch warning /etc/acdbdata/MTP/MTP_Handset_cal.acdb
08-16 07:44:02.262   290   290 D         : [ACDB Command]->ACDB Sw Major = 3, ACDB Sw Minor = 0, ACDB Sw Revision = 0
08-16 07:44:02.262   290   290 D         : [ACDB Command]->ACDB File Major = 3, ACDB File Minor = 0, ACDB File Revision = 2
08-16 07:44:02.262   290   290 D         : [ACDB Command]->SW Minor/Major/Revision version mismatch warning /etc/acdbdata/MTP/MTP_Hdmi_cal.acdb
08-16 07:44:02.262   290   290 D         : [ACDB Command]->ACDB Sw Major = 3, ACDB Sw Minor = 0, ACDB Sw Revision = 0
08-16 07:44:02.262   290   290 D         : [ACDB Command]->ACDB File Major = 3, ACDB File Minor = 0, ACDB File Revision = 2
08-16 07:44:02.264   290   290 D         : [ACDB Command]->SW Minor/Major/Revision version mismatch warning /etc/acdbdata/MTP/MTP_Headset_cal.acdb
08-16 07:44:02.264   290   290 D         : [ACDB Command]->ACDB Sw Major = 3, ACDB Sw Minor = 0, ACDB Sw Revision = 0
08-16 07:44:02.264   290   290 D         : [ACDB Command]->ACDB File Major = 3, ACDB File Minor = 0, ACDB File Revision = 2
08-16 07:44:02.267   290   290 D         : [ACDB Command]->SW Minor/Major/Revision version mismatch warning /etc/acdbdata/MTP/MTP_Speaker_cal.acdb
08-16 07:44:02.267   290   290 D         : [ACDB Command]->ACDB Sw Major = 3, ACDB Sw Minor = 0, ACDB Sw Revision = 0
08-16 07:44:02.267   290   290 D         : [ACDB Command]->ACDB File Major = 3, ACDB File Minor = 0, ACDB File Revision = 2
08-16 07:44:02.267   290   290 D         : [ACPH]->Online service registered with ACPH
08-16 07:44:02.268   290   290 E Diag_Lib:  Diag_LSM_Init: Failed to open handle to diag driver, error = 2
08-16 07:44:02.268   290   290 E Diag_Lib:  diagpkt_tbl_reg: Registration failed.
08-16 07:44:02.268   290   290 D         : [ACPH]->ACPH init success
08-16 07:44:02.268   290   290 D         : [ACPH]->DSP RTC service registered with ACPH
08-16 07:44:02.268   290   290 D         : [ACPH]->ADIE RTC service registered with ACPH
08-16 07:44:02.269   290   290 D         : ACDBFILE_MGR: Property for the pid 00012E47 not found
08-16 07:44:02.269   290   290 D         : ACDB_COMMAND: Failed to fetch the property info for pid 00012E47 
08-16 07:44:02.269   290   290 E ACDB-LOADER: Error: ACDB get adm topologies returned = -18
08-16 07:44:02.279   290   290 E ext_speaker: open_speaker_bundle: DLOPEN failed for /system/lib/soundfx/libspeakerbundle.so
08-16 07:44:02.283   290   290 I AudioFlinger: loadHwModule() Loaded primary audio interface from QCOM Audio HAL (audio) handle 1
08-16 07:44:02.284   290   290 I AudioFlinger: openOutput(), module 1 Device 2, SamplingRate 48000, Format 0x000001, Channels 3, flags 2
08-16 07:44:02.284   290   290 I AudioFlinger: AudioStreamOut::open(), mHalFormatIsLinearPcm = 1
08-16 07:44:02.285   290   290 I AudioFlinger: HAL output buffer size 240 frames, normal sink buffer size 960 frames
08-16 07:44:02.307   290   290 I BufferProvider: found effect "Downmixer" from Fraunhofer IIS
08-16 07:44:02.308   290   290 E MonoPipe: Failed to fetch local time frequency when constructing a MonoPipe (res = -32).  getNextWriteTimestamp calls will be non-functional
08-16 07:44:02.308   290   290 I AudioFlinger: Using module 1 has the primary audio interface
08-16 07:44:02.308   290   932 I AudioFlinger: AudioFlinger's thread 0xb41c0000 ready to run
08-16 07:44:02.308   290   932 D audio_hw_primary: out_set_parameters: enter: usecase(1: low-latency-playback) kvpairs: routing=2
08-16 07:44:02.309   290   932 E AudioFlinger: no wake lock to update!
08-16 07:44:02.309   290   290 I AudioFlinger: openOutput(), module 1 Device 2, SamplingRate 48000, Format 0x000001, Channels 3, flags 8
08-16 07:44:02.309   290   290 I AudioFlinger: AudioStreamOut::open(), mHalFormatIsLinearPcm = 1
08-16 07:44:02.309   290   290 I AudioFlinger: HAL output buffer size 1920 frames, normal sink buffer size 1920 frames
08-16 07:44:02.309   290   933 I AudioFlinger: AudioFlinger's thread 0xb3e80000 ready to run
08-16 07:44:02.310   290   933 D audio_hw_primary: out_set_parameters: enter: usecase(0: deep-buffer-playback) kvpairs: routing=2
08-16 07:44:02.310   290   933 E AudioFlinger: no wake lock to update!
08-16 07:44:02.310   290   290 I AudioFlinger: openOutput(), module 1 Device 10000, SamplingRate 48000, Format 0x000001, Channels 3, flags 0
08-16 07:44:02.310   290   290 I AudioFlinger: AudioStreamOut::open(), mHalFormatIsLinearPcm = 1
08-16 07:44:02.310   290   290 I AudioFlinger: HAL output buffer size 768 frames, normal sink buffer size 1152 frames
08-16 07:44:02.311   290   935 I AudioFlinger: AudioFlinger's thread 0xb3cc0000 ready to run
08-16 07:44:02.311   290   935 D audio_hw_primary: out_set_parameters: enter: usecase(20: afe-proxy-playback) kvpairs: routing=65536
08-16 07:44:02.311   290   935 E AudioFlinger: no wake lock to update!
08-16 07:44:02.312   290   936 I AudioFlinger: AudioFlinger's thread 0xb3980000 ready to run
08-16 07:44:02.313   290   937 I AudioFlinger: AudioFlinger's thread 0xb3800000 ready to run
08-16 07:44:02.316   290   290 I bt_a2dp_hw: adev_open:  adev_open in A2dp_hw module
08-16 07:44:02.316   290   290 I AudioFlinger: loadHwModule() Loaded a2dp audio interface from A2DP Audio HW HAL (audio) handle 10
08-16 07:44:02.320   290   290 I AudioFlinger: loadHwModule() Loaded usb audio interface from USB audio HW HAL (audio) handle 11
08-16 07:44:02.325   290   290 I r_submix: adev_open(name=audio_hw_if)
08-16 07:44:02.325   290   290 I r_submix: adev_init_check()
08-16 07:44:02.325   290   290 I AudioFlinger: loadHwModule() Loaded r_submix audio interface from Wifi Display audio HAL (audio) handle 12
08-16 07:44:02.325   290   290 D r_submix: adev_open_input_stream(addr=0)
08-16 07:44:02.326   290   290 D r_submix: submix_audio_device_create_pipe_l(addr=0, idx=9)
08-16 07:44:02.326   290   290 D r_submix:   now using address 0 for route 9
08-16 07:44:02.326   290   938 I AudioFlinger: AudioFlinger's thread 0xb3980000 ready to run
08-16 07:44:02.326   290   290 D r_submix: adev_close_input_stream()
08-16 07:44:02.326   290   290 D r_submix: submix_audio_device_release_pipe_l(idx=9) addr=0
08-16 07:44:02.326   290   290 D r_submix: submix_audio_device_destroy_pipe_l(): pipe destroyed
08-16 07:44:02.327   290   290 E SoundTriggerHwService: couldn't load sound trigger module sound_trigger.primary (No such file or directory)
08-16 07:44:02.328   290   290 I RadioService: RadioService
08-16 07:44:02.328   290   290 I RadioService: onFirstRef
08-16 07:44:02.328   290   290 E RadioService: couldn't load radio module radio.primary (No such file or directory)
08-16 07:44:02.335   896   896 W PackageManager: Permission android.permission.DOWNLOAD_WITHOUT_NOTIFICATION from package com.android.providers.downloads in an unknown group android.permission-group.NETWORK
08-16 07:44:02.446   896   896 W PackageParser: No actions in intent filter at /system/priv-app/GoogleContacts/GoogleContacts.apk Binary XML file line #390
08-16 07:44:02.502   896   896 W PackageParser: No actions in intent filter at /system/priv-app/GoogleDialer/GoogleDialer.apk Binary XML file line #191
08-16 07:44:02.539   896   896 W PackageParser: Unknown element under <manifest>: uses-library at /system/priv-app/GoogleFeedback/GoogleFeedback.apk Binary XML file line #30
08-16 07:44:02.674   896   896 W PackageParser: Ignoring duplicate uses-permissions/uses-permissions-sdk-m: com.google.android.providers.gsf.permission.READ_GSERVICES in package: com.google.android.partnersetup at: Binary XML file line #31
08-16 07:44:02.740   896   896 W PackageManager: Permission com.google.android.googleapps.permission.GOOGLE_AUTH from package com.google.android.gsf in an unknown group android.permission-group.ACCOUNTS
08-16 07:44:02.740   896   896 W PackageManager: Permission com.google.android.googleapps.permission.GOOGLE_AUTH.ALL_SERVICES from package com.google.android.gsf in an unknown group android.permission-group.ACCOUNTS
08-16 07:44:02.740   896   896 W PackageManager: Permission com.google.android.googleapps.permission.GOOGLE_AUTH.OTHER_SERVICES from package com.google.android.gsf in an unknown group android.permission-group.ACCOUNTS
08-16 07:44:02.740   896   896 W PackageManager: Permission com.google.android.googleapps.permission.GOOGLE_AUTH.mail from package com.google.android.gsf in an unknown group android.permission-group.ACCOUNTS
08-16 07:44:02.740   896   896 W PackageManager: Permission com.google.android.googleapps.permission.GOOGLE_AUTH.cl from package com.google.android.gsf in an unknown group android.permission-group.ACCOUNTS
08-16 07:44:02.740   896   896 W PackageManager: Permission com.google.android.googleapps.permission.GOOGLE_AUTH.android from package com.google.android.gsf in an unknown group android.permission-group.ACCOUNTS
08-16 07:44:02.740   896   896 W PackageManager: Permission com.google.android.googleapps.permission.GOOGLE_AUTH.androidsecure from package com.google.android.gsf in an unknown group android.permission-group.ACCOUNTS
08-16 07:44:02.740   896   896 W PackageManager: Permission com.google.android.googleapps.permission.GOOGLE_AUTH.sierra from package com.google.android.gsf in an unknown group android.permission-group.ACCOUNTS
08-16 07:44:02.740   896   896 W PackageManager: Permission com.google.android.googleapps.permission.GOOGLE_AUTH.sierraqa from package com.google.android.gsf in an unknown group android.permission-group.ACCOUNTS
08-16 07:44:02.740   896   896 W PackageManager: Permission com.google.android.googleapps.permission.GOOGLE_AUTH.sierrasandbox from package com.google.android.gsf in an unknown group android.permission-group.ACCOUNTS
08-16 07:44:02.740   896   896 W PackageManager: Permission com.google.android.googleapps.permission.GOOGLE_AUTH.youtube from package com.google.android.gsf in an unknown group android.permission-group.ACCOUNTS
08-16 07:44:02.740   896   896 W PackageManager: Permission com.google.android.googleapps.permission.GOOGLE_AUTH.YouTubeUser from package com.google.android.gsf in an unknown group android.permission-group.ACCOUNTS
08-16 07:44:02.740   896   896 W PackageManager: Permission com.google.android.googleapps.permission.GOOGLE_AUTH.talk from package com.google.android.gsf in an unknown group android.permission-group.ACCOUNTS
08-16 07:44:02.740   896   896 W PackageManager: Permission com.google.android.googleapps.permission.GOOGLE_AUTH.ig from package com.google.android.gsf in an unknown group android.permission-group.ACCOUNTS
08-16 07:44:02.740   896   896 W PackageManager: Permission com.google.android.googleapps.permission.GOOGLE_AUTH.lh2 from package com.google.android.gsf in an unknown group android.permission-group.ACCOUNTS
08-16 07:44:02.740   896   896 W PackageManager: Permission com.google.android.googleapps.permission.GOOGLE_AUTH.mobile from package com.google.android.gsf in an unknown group android.permission-group.ACCOUNTS
08-16 07:44:02.740   896   896 W PackageManager: Permission com.google.android.googleapps.permission.GOOGLE_AUTH.cp from package com.google.android.gsf in an unknown group android.permission-group.ACCOUNTS
08-16 07:44:02.741   896   896 W PackageManager: Permission com.google.android.googleapps.permission.GOOGLE_AUTH.adsense from package com.google.android.gsf in an unknown group android.permission-group.ACCOUNTS
08-16 07:44:02.741   896   896 W PackageManager: Permission com.google.android.googleapps.permission.GOOGLE_AUTH.adwords from package com.google.android.gsf in an unknown group android.permission-group.ACCOUNTS
08-16 07:44:02.741   896   896 W PackageManager: Permission com.google.android.googleapps.permission.GOOGLE_AUTH.blogger from package com.google.android.gsf in an unknown group android.permission-group.ACCOUNTS
08-16 07:44:02.741   896   896 W PackageManager: Permission com.google.android.googleapps.permission.GOOGLE_AUTH.dodgeball from package com.google.android.gsf in an unknown group android.permission-group.ACCOUNTS
08-16 07:44:02.741   896   896 W PackageManager: Permission com.google.android.googleapps.permission.GOOGLE_AUTH.gbase from package com.google.android.gsf in an unknown group android.permission-group.ACCOUNTS
