08-16 07:44:06.490   896   992 W PackageManager: Unknown permission com.google.android.gms.permission.CONTACTS_SYNC_DELEGATION in package com.google.android.syncadapters.contacts
08-16 07:44:06.490   896   992 W PackageManager: Unknown permission com.chrome.permission.DEVICE_EXTRAS in package com.android.chrome
08-16 07:44:06.490   896   992 W PackageManager: Unknown permission com.sec.enterprise.knox.MDM_CONTENT_PROVIDER in package com.android.chrome
08-16 07:44:06.491   896   992 W PackageManager: Unknown permission com.google.android.wearable.READ_SETTINGS in package com.google.android.gms
08-16 07:44:06.491   896   992 W PackageManager: Not granting permission android.permission.MANAGE_DOCUMENTS to package com.google.android.gms (protectionLevel=2 flags=0xb8483e45)
08-16 07:44:06.491   896   992 W PackageManager: Unknown permission com.android.launcher.permission.PRELOAD_WORKSPACE in package com.google.android.partnersetup
08-16 07:44:06.491   896   992 W PackageManager: Not granting permission com.google.android.googleapps.permission.GOOGLE_AUTH to package com.google.android.videos (protectionLevel=2 flags=0x38583e45)
08-16 07:44:06.491   896   992 W PackageManager: Unknown permission com.google.android.gallery3d.permission.PICASA_STORE in package com.google.android.apps.photos
08-16 07:44:06.492   896   896 I SystemServiceManager: Starting com.android.server.DeviceIdleController
08-16 07:44:06.492   896   992 W PackageManager: Not granting permission android.permission.CONTROL_KEYGUARD to package com.google.android.gsf.login (protectionLevel=2 flags=0x3048be45)
08-16 07:44:06.492   896   992 W PackageManager: Unknown permission com.android.vending.billing.IBillingAccountService.BIND2 in package com.google.android.gsf.login
08-16 07:44:06.492   896   992 W PackageManager: Unknown permission com.android.launcher.permission.READ_SETTINGS in package com.android.settings
08-16 07:44:06.492   896   992 W PackageManager: Unknown permission com.android.launcher.permission.WRITE_SETTINGS in package com.android.settings
08-16 07:44:06.493   896   992 W PackageManager: Not granting permission android.permission.REGISTER_CONNECTION_MANAGER to package com.google.android.talk (protectionLevel=18 flags=0x3849be45)
08-16 07:44:06.493   896   992 W PackageManager: Not granting permission android.permission.REBOOT to package eu.chainfire.supersu (protectionLevel=18 flags=0x38083e04)
08-16 07:44:06.493   896   992 W PackageManager: Unknown permission com.android.smspush.WAPPUSH_MANAGER_BIND in package com.android.phone
08-16 07:44:06.494   896   992 W PackageManager: Unknown permission com.android.gallery3d.permission.GALLERY_PROVIDER in package com.android.bluetooth
08-16 07:44:06.494   896   992 W PackageManager: Not granting permission android.permission.BIND_WALLPAPER to package com.google.android.GoogleCamera (protectionLevel=18 flags=0x38583c45)
08-16 07:44:06.581   896   992 W MountService: No primary storage defined yet; hacking together a stub
08-16 07:44:06.582   896   992 W MountService: No primary storage defined yet; hacking together a stub
08-16 07:44:06.582   896   992 W MountService: No primary storage mounted!
08-16 07:44:06.583   896   992 D VoldConnector: SND -> {2 asec list}
08-16 07:44:06.584   896   993 D VoldConnector: RCV <- {200 2 asec operation succeeded}
08-16 07:44:06.588   896   896 I SystemServiceManager: Starting com.android.server.devicepolicy.DevicePolicyManagerService$Lifecycle
08-16 07:44:06.594   896   896 I SystemServer: Status Bar
08-16 07:44:06.599   896   896 I SystemServer: Clipboard Service
08-16 07:44:06.602   896   896 I SystemServer: NetworkManagement Service
08-16 07:44:06.610   896   896 I SystemServer: Text Service Manager Service
08-16 07:44:06.617   896   896 I SystemServer: Network Score Service
08-16 07:44:06.620   896   896 I SystemServer: NetworkStats Service
08-16 07:44:06.632   896   896 I SystemServer: NetworkPolicy Service
08-16 07:44:06.652   896   896 I SystemServiceManager: Starting com.android.server.wifi.p2p.WifiP2pService
08-16 07:44:06.695   896   896 I WifiP2pService: Registering wifip2p
08-16 07:44:06.696   896   896 I SystemServiceManager: Starting com.android.server.wifi.WifiService
08-16 07:44:06.833   896   896 D HS20    : Passpoint is disabled
08-16 07:44:06.848   896   896 D WifiController: isAirplaneModeOn = false, isWifiEnabled = true, isScanningAvailable = false
08-16 07:44:06.850   896   896 I WifiService: Registering wifi
08-16 07:44:06.852   896   896 I SystemServiceManager: Starting com.android.server.wifi.WifiScanningService
08-16 07:44:06.852   896   896 I WifiScanningService: Creating wifiscanner
08-16 07:44:06.853   896   896 I WifiScanningService: Starting wifiscanner
08-16 07:44:06.854   896   896 I SystemServiceManager: Starting com.android.server.wifi.RttService
08-16 07:44:06.854   896   896 I RttService: Creating rttmanager
08-16 07:44:06.854   896   896 I RttService: Starting rttmanager
08-16 07:44:06.855   896   896 I SystemServiceManager: Starting com.android.server.ethernet.EthernetService
08-16 07:44:06.858   896   896 I EthernetServiceImpl: Creating EthernetConfigStore
08-16 07:44:06.860   896   896 E IpConfigStore: Error parsing configuration: java.io.FileNotFoundException: /data/misc/ethernet/ipconfig.txt: open failed: ENOENT (No such file or directory)
08-16 07:44:06.860   896   896 W EthernetConfigStore: No Ethernet configuration found. Using default.
08-16 07:44:06.861   896   896 I EthernetServiceImpl: Read stored IP configuration: IP assignment: DHCP
08-16 07:44:06.861   896   896 I EthernetServiceImpl: Proxy settings: NONE
08-16 07:44:06.861   896   896 I EthernetService: Registering service ethernet
08-16 07:44:06.861   896   896 I SystemServer: Connectivity Service
08-16 07:44:06.866   896   896 D ConnectivityService: ConnectivityService starting up
08-16 07:44:06.871   896   896 D ConnectivityService: wifiOnly=false
08-16 07:44:06.880   896   896 I SystemServer: Network Service Discovery Service
08-16 07:44:06.883   896   896 D NsdService: Network service discovery enabled true
08-16 07:44:06.885   896   896 I SystemServer: UpdateLock Service
08-16 07:44:06.886   896   896 I SystemServiceManager: Starting com.android.server.notification.NotificationManagerService
08-16 07:44:06.916   896   896 I SystemServiceManager: Starting com.android.server.storage.DeviceStorageMonitorService
08-16 07:44:06.920   896   896 I SystemServer: Location Manager
08-16 07:44:06.924   896   896 I SystemServer: Country Detector
08-16 07:44:06.926   896   896 I SystemServer: Search Service
08-16 07:44:06.928   896   896 I SystemServer: DropBox Service
08-16 07:44:06.930   896   896 I SystemServer: Wallpaper Service
08-16 07:44:06.933   896   896 I SystemServer: Audio Service
08-16 07:44:06.941   896   896 W TelecomManager: Telecom Service not found.
08-16 07:44:06.941   290   939 D PermissionCache: checking android.permission.MODIFY_AUDIO_SETTINGS for uid=1000 => granted (412 us)
08-16 07:44:06.943   290   932 E AudioFlinger: no wake lock to update!
08-16 07:44:06.943   290   933 E AudioFlinger: no wake lock to update!
08-16 07:44:06.943   290   935 E AudioFlinger: no wake lock to update!
08-16 07:44:06.944   290   290 D audio_hw_primary: adev_set_mic_mute: state 0
08-16 07:44:06.964   896   896 I SystemServiceManager: Starting com.android.server.DockObserver
08-16 07:44:06.965   896   896 W DockObserver: This kernel does not have dock station support
08-16 07:44:06.965   896   896 I SystemServer: Wired Accessory Manager
08-16 07:44:06.966   896   896 I SystemServiceManager: Starting com.android.server.midi.MidiService$Lifecycle
08-16 07:44:06.970   896   896 I SystemServiceManager: Starting com.android.server.usb.UsbService$Lifecycle
08-16 07:44:06.982   896   896 I SystemServer: Serial Service
08-16 07:44:06.983   896   896 I SystemServiceManager: Starting com.android.server.twilight.TwilightService
08-16 07:44:06.985   896   896 I SystemServiceManager: Starting com.android.server.job.JobSchedulerService
08-16 07:44:06.991   896   896 I SystemServiceManager: Starting com.android.server.backup.BackupManagerService$Lifecycle
08-16 07:44:06.992   896   896 I SystemServiceManager: Starting com.android.server.appwidget.AppWidgetService
08-16 07:44:06.996   896   896 I SystemServiceManager: Starting com.android.server.voiceinteraction.VoiceInteractionManagerService
08-16 07:44:06.997   290   939 D PermissionCache: checking android.permission.CAPTURE_AUDIO_HOTWORD for uid=1000 => granted (173 us)
08-16 07:44:06.997   896   896 W SoundTriggerHelper: listModules status=0, # of modules=0
08-16 07:44:06.999   896   896 I SystemServer: Gesture Launcher Service
08-16 07:44:07.000   896   896 I SystemServiceManager: Starting com.android.server.GestureLauncherService
08-16 07:44:07.000   896   896 I SystemServer: DiskStats Service
08-16 07:44:07.001   896   896 I SystemServer: SamplingProfiler Service
08-16 07:44:07.009   896   896 I SystemServer: NetworkTimeUpdateService
08-16 07:44:07.009   896   896 I SystemServer: CommonTimeManagementService
08-16 07:44:07.011   896   896 I SystemServer: CertBlacklister
08-16 07:44:07.012   896   896 I SystemServiceManager: Starting com.android.server.dreams.DreamManagerService
08-16 07:44:07.015   896   896 I SystemServer: Assets Atlas Service
08-16 07:44:07.019   896   896 I SystemServiceManager: Starting com.android.server.print.PrintManagerService
08-16 07:44:07.023   896   896 I SystemServiceManager: Starting com.android.server.restrictions.RestrictionsManagerService
08-16 07:44:07.024   896   896 I SystemServiceManager: Starting com.android.server.media.MediaSessionService
08-16 07:44:07.024   896  1008 D AssetAtlas: Loaded configuration: SliceMinArea (1856x2048) flags=0x2 count=360
08-16 07:44:07.036   896   896 I SystemServer: Media Router Service
08-16 07:44:07.039   896   896 I SystemServiceManager: Starting com.android.server.trust.TrustManagerService
08-16 07:44:07.041   896   896 I SystemServiceManager: Starting com.android.server.fingerprint.FingerprintService
08-16 07:44:07.044   896   896 W FingerprintService: fingerprint service not available
08-16 07:44:07.045   896   896 V FingerprintService: Fingerprint HAL id: 0
08-16 07:44:07.045   896   896 I SystemServer: BackgroundDexOptService
08-16 07:44:07.047   896   999 D WifiApConfigStore: 2G band allowed channels are:1,6,11
08-16 07:44:07.047   896   896 I SystemServiceManager: Starting com.android.server.pm.LauncherAppsService
08-16 07:44:07.049   896   896 I SystemServiceManager: Starting com.android.server.media.projection.MediaProjectionManagerService
08-16 07:44:07.061   896   896 I WindowManager: SAFE MODE not enabled
08-16 07:44:07.065   896   896 I SystemServiceManager: Starting com.android.server.MmsServiceBroker
08-16 07:44:07.105   896   896 E LockSettingsStorage: Cannot read file java.io.FileNotFoundException: /data/system/gatekeeper.password.key: open failed: ENOENT (No such file or directory)
08-16 07:44:07.105   896   896 E LockSettingsStorage: Cannot read file java.io.FileNotFoundException: /data/system/password.key: open failed: ENOENT (No such file or directory)
08-16 07:44:07.105   896   896 E LockSettingsStorage: Cannot read file java.io.FileNotFoundException: /data/system/gatekeeper.pattern.key: open failed: ENOENT (No such file or directory)
08-16 07:44:07.106   896   896 E LockSettingsStorage: Cannot read file java.io.FileNotFoundException: /data/system/gatekeeper.gesture.key: open failed: ENOENT (No such file or directory)
08-16 07:44:07.106   896   896 E LockSettingsStorage: Cannot read file java.io.FileNotFoundException: /data/system/gesture.key: open failed: ENOENT (No such file or directory)
08-16 07:44:07.106   896   896 I SystemServiceManager: Starting phase 480
08-16 07:44:07.114   896   896 I SystemServiceManager: Starting phase 500
08-16 07:44:07.118   896   896 D BluetoothService: onBootPhase: PHASE_SYSTEM_SERVICES_READY
08-16 07:44:07.128   896   896 I WifiService: WifiService starting up with Wi-Fi enabled
08-16 07:44:07.132   896   896 D WifiService: setWifiEnabled: true pid=896, uid=1000
08-16 07:44:07.132   896   896 E WifiService: Invoking mWifiStateMachine.setWifiEnabled
08-16 07:44:07.135   896  1000 D WifiController: WifiController msg { when=-1ms what=155656 target=com.android.internal.util.StateMachine$SmHandler } deferred for 499ms
08-16 07:44:07.138   896   905 I art     : Background sticky concurrent mark sweep GC freed 31361(2MB) AllocSpace objects, 22(440KB) LOS objects, 0% free, 35MB/35MB, paused 6.200ms total 56.368ms
08-16 07:44:07.147   896  1000 D WifiService: New client listening to asynchronous messages
08-16 07:44:07.150   896   896 I WifiScanningService: Registering wifiscanner
08-16 07:44:07.158   896   896 I RttService: Registering rttmanager
08-16 07:44:07.161   896   896 I EthernetServiceImpl: Starting Ethernet service
08-16 07:44:07.166   896   896 D Ethernet: Registering NetworkFactory
08-16 07:44:07.167   896  1001 D ConnectivityService: Got NetworkFactory Messenger for Ethernet
08-16 07:44:07.168   896  1014 D Ethernet: got request NetworkRequest [ id=1, legacyType=-1, [ Capabilities: INTERNET&NOT_RESTRICTED&TRUSTED&NOT_VPN] ] with score 0
08-16 07:44:07.182   896   896 V BackupManagerService: No ancestral data
08-16 07:44:07.195   896   896 I BackupManagerService: Package com.example.xposed.clock not installed; dropping from full backup
08-16 07:44:07.217   896  1008 I Adreno-EGL: <qeglDrvAPI_eglInitialize:379>: QUALCOMM Build: 10/21/15, 369a2ea, I96aee987eb
08-16 07:44:07.217   896   896 V KeyValueBackupJob: Scheduling k/v pass in 246 minutes
08-16 07:44:07.247   896  1008 D AssetAtlas: Rendered atlas in 165.33ms (134.39+30.94ms)
08-16 07:44:07.276   896   896 V BackupManagerService: Starting with transport com.google.android.gms/.backup.BackupTransportService
08-16 07:44:07.276   896   896 V BackupManagerService: Found transports: 2
08-16 07:44:07.276   896   896 I BackupManagerService: Binding to transport host ComponentInfo{android/com.android.internal.backup.LocalTransportService}
08-16 07:44:07.279   896   896 I BackupManagerService: Binding to transport host ComponentInfo{com.google.android.gms/com.google.android.gms.backup.BackupTransportService}
08-16 07:44:07.280   896   896 I BackupManagerService: Found stale backup journal, scheduling
08-16 07:44:07.282   895   895 W Binder_3: type=1400 audit(0.0:12): avc: denied { ioctl } for path="socket:[9989]" dev="sockfs" ino=9989 ioctlcmd=7704 scontext=u:r:surfaceflinger:s0 tcontext=u:r:surfaceflinger:s0 tclass=unix_stream_socket permissive=0
08-16 07:44:07.282   895   895 W Binder_3: type=1400 audit(0.0:13): avc: denied { ioctl } for path="socket:[9989]" dev="sockfs" ino=9989 ioctlcmd=7704 scontext=u:r:surfaceflinger:s0 tcontext=u:r:surfaceflinger:s0 tclass=unix_stream_socket permissive=0
08-16 07:44:07.302   437   437 W Binder_1: type=1400 audit(0.0:14): avc: denied { ioctl } for path="socket:[12091]" dev="sockfs" ino=12091 ioctlcmd=7704 scontext=u:r:surfaceflinger:s0 tcontext=u:r:surfaceflinger:s0 tclass=unix_stream_socket permissive=0
08-16 07:44:07.302   437   437 W Binder_1: type=1400 audit(0.0:15): avc: denied { ioctl } for path="socket:[12091]" dev="sockfs" ino=12091 ioctlcmd=7704 scontext=u:r:surfaceflinger:s0 tcontext=u:r:surfaceflinger:s0 tclass=unix_stream_socket permissive=0
08-16 07:44:07.309   896   923 W KeyguardServiceDelegate: onScreenTurningOn(): no keyguard service!
08-16 07:44:07.328   896   896 I ActivityManager: System now ready
08-16 07:44:07.330   896   896 I SystemServer: Making services ready
08-16 07:44:07.331   896   896 I SystemServiceManager: Starting phase 550
08-16 07:44:07.332   896   992 D MountService: Thinking about reset, mSystemReady=true, mDaemonConnected=true
08-16 07:44:07.332   896   992 D VoldConnector: SND -> {3 volume reset}
08-16 07:44:07.332   896   916 I ActivityManager: Force stopping com.android.providers.media appid=10007 user=-1: vold reset
08-16 07:44:07.333   896   896 D UsbAlsaManager: Adding ALSA device AlsaDevice: [card: 0, device: 0, type: 2]
08-16 07:44:07.333   896   993 D VoldConnector: RCV <- {651 emulated 7}
08-16 07:44:07.333   896   896 D UsbAlsaManager: Adding ALSA device AlsaDevice: [card: 0, device: 0, type: 1]
08-16 07:44:07.333   896   896 D UsbAlsaManager: Adding ALSA device AlsaDevice: [card: 0, device: 1, type: 2]
08-16 07:44:07.333   896   993 D VoldConnector: RCV <- {659 emulated}
08-16 07:44:07.333   896   896 D UsbAlsaManager: Adding ALSA device AlsaDevice: [card: 0, device: 1, type: 1]
08-16 07:44:07.333   896   896 D UsbAlsaManager: Adding ALSA device AlsaDevice: [card: 0, device: 2, type: 2]
08-16 07:44:07.333   896   896 D UsbAlsaManager: Adding ALSA device AlsaDevice: [card: 0, device: 2, type: 1]
08-16 07:44:07.333   896   896 D UsbAlsaManager: Adding ALSA device AlsaDevice: [card: 0, device: 3, type: 2]
08-16 07:44:07.333   896   993 D VoldConnector: RCV <- {650 emulated 2 "" ""}
08-16 07:44:07.333   896   896 D UsbAlsaManager: Adding ALSA device AlsaDevice: [card: 0, device: 3, type: 1]
08-16 07:44:07.333   896   896 D UsbAlsaManager: Adding ALSA device AlsaDevice: [card: 0, device: 4, type: 1]
08-16 07:44:07.333   896   993 D VoldConnector: RCV <- {651 emulated 0}
08-16 07:44:07.333   896   896 D UsbAlsaManager: Adding ALSA device AlsaDevice: [card: 0, device: 5, type: 2]
08-16 07:44:07.333   896   896 D UsbAlsaManager: Adding ALSA device AlsaDevice: [card: 0, device: 5, type: 1]
08-16 07:44:07.333   896   896 D UsbAlsaManager: Adding ALSA device AlsaDevice: [card: 0, device: 6, type: 2]
08-16 07:44:07.333   896   896 D UsbAlsaManager: Adding ALSA device AlsaDevice: [card: 0, device: 6, type: 1]
08-16 07:44:07.333   896   993 D VoldConnector: RCV <- {200 3 Command succeeded}
08-16 07:44:07.333   896   896 D UsbAlsaManager: Adding ALSA device AlsaDevice: [card: 0, device: 7, type: 1]
08-16 07:44:07.333   896   896 D UsbAlsaManager: Adding ALSA device AlsaDevice: [card: 0, device: 8, type: 2]
08-16 07:44:07.333   896   896 D UsbAlsaManager: Adding ALSA device AlsaDevice: [card: 0, device: 10, type: 2]
08-16 07:44:07.333   896   896 D UsbAlsaManager: Adding ALSA device AlsaDevice: [card: 0, device: 10, type: 1]
08-16 07:44:07.333   896   896 D UsbAlsaManager: Adding ALSA device AlsaDevice: [card: 0, device: 11, type: 2]
08-16 07:44:07.333   896   896 D UsbAlsaManager: Adding ALSA device AlsaDevice: [card: 0, device: 11, type: 1]
08-16 07:44:07.333   896   896 D UsbAlsaManager: Adding ALSA device AlsaDevice: [card: 0, device: 12, type: 2]
08-16 07:44:07.333   896   896 D UsbAlsaManager: Adding ALSA device AlsaDevice: [card: 0, device: 12, type: 1]
08-16 07:44:07.333   896   896 D UsbAlsaManager: Adding ALSA device AlsaDevice: [card: 0, device: 13, type: 2]
08-16 07:44:07.334   896   896 D UsbAlsaManager: Adding ALSA device AlsaDevice: [card: 0, device: 13, type: 1]
08-16 07:44:07.334   896   896 D UsbAlsaManager: Adding ALSA device AlsaDevice: [card: 0, device: 14, type: 2]
08-16 07:44:07.334   896   896 D UsbAlsaManager: Adding ALSA device AlsaDevice: [card: 0, device: 14, type: 1]
08-16 07:44:07.334   896   896 D UsbAlsaManager: Adding ALSA device AlsaDevice: [card: 0, device: 15, type: 2]
08-16 07:44:07.334   896   992 D VoldConnector: SND -> {4 volume user_added 0 0}
08-16 07:44:07.334   896   896 D UsbAlsaManager: Adding ALSA device AlsaDevice: [card: 0, device: 15, type: 1]
08-16 07:44:07.334   896   896 D UsbAlsaManager: Adding ALSA device AlsaDevice: [card: 0, device: 16, type: 2]
08-16 07:44:07.334   896   896 D UsbAlsaManager: Adding ALSA device AlsaDevice: [card: 0, device: 17, type: 2]
08-16 07:44:07.334   896   896 D UsbAlsaManager: Adding ALSA device AlsaDevice: [card: 0, device: 17, type: 1]
08-16 07:44:07.334   896   896 D UsbAlsaManager: Adding ALSA device AlsaDevice: [card: 0, device: 18, type: 1]
08-16 07:44:07.334   896   896 D UsbAlsaManager: Adding ALSA device AlsaDevice: [card: 0, device: 19, type: 1]
08-16 07:44:07.334   896   896 D UsbAlsaManager: Adding ALSA device AlsaDevice: [card: 0, device: 20, type: 1]
08-16 07:44:07.334   896   896 D UsbAlsaManager: Adding ALSA device AlsaDevice: [card: 0, device: 21, type: 2]
08-16 07:44:07.334   896   993 D VoldConnector: RCV <- {200 4 Command succeeded}
08-16 07:44:07.334   896   896 D UsbAlsaManager: Adding ALSA device AlsaDevice: [card: 0, device: 22, type: 1]
08-16 07:44:07.334   896   896 D UsbAlsaManager: Adding ALSA device AlsaDevice: [card: 0, device: 23, type: 2]
08-16 07:44:07.336   896   918 V MountService: Found primary storage at VolumeInfo{emulated}:
08-16 07:44:07.336   896   918 V MountService:     type=EMULATED diskId=null partGuid=null mountFlags=0 mountUserId=-1 
08-16 07:44:07.336   896   918 V MountService:     state=UNMOUNTED 
08-16 07:44:07.336   896   918 V MountService:     fsType=null fsUuid=null fsLabel=null 
08-16 07:44:07.336   896   918 V MountService:     path=null internalPath=null 
08-16 07:44:07.336   896   992 D VoldConnector: SND -> {5 volume mount emulated 3 -1}
08-16 07:44:07.336   896   993 D VoldConnector: RCV <- {651 emulated 1}
08-16 07:44:07.337   896   993 D VoldConnector: RCV <- {656 emulated /data/media}
08-16 07:44:07.337   896   993 D VoldConnector: RCV <- {655 emulated /storage/emulated}
08-16 07:44:07.338   896   896 I SystemServer: WebViewFactory preparation
08-16 07:44:07.338   150   183 V vold    : Waiting for FUSE to spin up...
08-16 07:44:07.360   896   916 I Zygote  : Process: zygote socket opened, supported ABIS: armeabi-v7a,armeabi
08-16 07:44:07.371   896   916 I ActivityManager: Start proc 1025:android.process.media/u0a7 for broadcast com.android.providers.media/.MtpReceiver
08-16 07:44:07.382   896   896 I ActivityManager: Start proc 1035:WebViewLoader-armeabi-v7a/1037 [android.webkit.WebViewFactory$RelroFileCreator] for 
08-16 07:44:07.389   896   993 D VoldConnector: RCV <- {651 emulated 2}
08-16 07:44:07.389   896   993 D VoldConnector: RCV <- {200 5 Command succeeded}
08-16 07:44:07.393   896   896 I ActivityManager: Start proc 1048:com.android.systemui/u0a24 for service com.android.systemui/.SystemUIService
08-16 07:44:07.393   896   896 D NetworkManagement: enabling bandwidth control
08-16 07:44:07.394  1035  1035 V WebViewFactory: RelroFileCreator (64bit = false),  32-bit lib: /system/app/WebViewGoogle/WebViewGoogle.apk!/lib/armeabi-v7a/libwebviewchromium.so, 64-bit lib: 
08-16 07:44:07.404  1025  1025 W System  : ClassLoader referenced unknown path: /system/priv-app/MediaProvider/lib/arm
08-16 07:44:07.412   896   916 I ActivityManager: Start proc 1063:com.android.externalstorage/u0a8 for broadcast com.android.externalstorage/.MountReceiver
08-16 07:44:07.431  1048  1048 W System  : ClassLoader referenced unknown path: /system/priv-app/SystemUI/lib/arm
08-16 07:44:07.447  1063  1063 W System  : ClassLoader referenced unknown path: /system/priv-app/ExternalStorageProvider/lib/arm
08-16 07:44:07.462  1063  1063 D ExternalStorage: After updating volumes, found 1 active roots
08-16 07:44:07.465  1063  1063 D ExternalStorage: After updating volumes, found 1 active roots
08-16 07:44:07.467  1063  1063 D ExternalStorage: After updating volumes, found 1 active roots
08-16 07:44:07.502  1035  1035 I art     : System.exit called, status: 0
08-16 07:44:07.502  1035  1035 I AndroidRuntime: VM exiting with result code 0, cleanup skipped.
08-16 07:44:07.508  1025  1025 W System  : ClassLoader referenced unknown path: /system/priv-app/DownloadProvider/lib/arm
08-16 07:44:07.538  1048  1048 V SystemUIService: Starting SystemUI services.
08-16 07:44:07.639   896  1000 D WifiController: DEFERRED_TOGGLE handled
08-16 07:44:07.642  1025  1025 D MtpService: starting MTP server in MTP mode
08-16 07:44:07.665   290  1007 E OMXMaster: A component of name 'OMX.qcom.audio.decoder.aac' already exists, ignoring this one.
08-16 07:44:07.727   286   893 D SoftapController: Softap fwReload - Ok
08-16 07:44:07.769   286   893 I iptables: iptables: No chain/target/match by that name.
08-16 07:44:07.770   286   893 I iptables: iptables terminated by exit(1)
08-16 07:44:07.770   286   893 E Netd    : exec() res=0, status=256 for /system/bin/iptables -w -F st_penalty_log 
08-16 07:44:07.784   286   893 I ip6tables: ip6tables: No chain/target/match by that name.
08-16 07:44:07.786   286   893 I ip6tables: ip6tables terminated by exit(1)
08-16 07:44:07.787   286   893 E Netd    : exec() res=0, status=256 for /system/bin/ip6tables -w -F st_penalty_log 
08-16 07:44:07.807   286   893 I iptables: iptables: No chain/target/match by that name.
08-16 07:44:07.808   286   893 I iptables: iptables terminated by exit(1)
08-16 07:44:07.808   286   893 E Netd    : exec() res=0, status=256 for /system/bin/iptables -w -F st_penalty_reject 
08-16 07:44:07.817   286   893 I ip6tables: ip6tables: No chain/target/match by that name.
08-16 07:44:07.818   286   893 I ip6tables: ip6tables terminated by exit(1)
08-16 07:44:07.818   286   893 E Netd    : exec() res=0, status=256 for /system/bin/ip6tables -w -F st_penalty_reject 
08-16 07:44:07.825   290  1007 E OMX-VENC: Setting session priority failed
08-16 07:44:07.825   290  1007 I OMX-VENC: Component_init : OMX.qcom.video.encoder.mpeg4 : return = 0x0
08-16 07:44:07.825   290  1007 E OMX-VENC: get_parameter: OMX_IndexParamVideoProfileLevelQuerySupported nProfileIndex ret NoMore 2
08-16 07:44:07.825   290  1007 W ACodec  : do not know color format 0x7fa30c04 = 2141391876
08-16 07:44:07.826   290  1007 W ACodec  : do not know color format 0x7f000789 = 2130708361
08-16 07:44:07.829   290  1007 I OMX-VENC: Component Deinit
08-16 07:44:07.833   286   893 I iptables: iptables: No chain/target/match by that name.
08-16 07:44:07.834   286   893 I iptables: iptables terminated by exit(1)
08-16 07:44:07.834   286   893 E Netd    : exec() res=0, status=256 for /system/bin/iptables -w -F st_clear_caught 
08-16 07:44:07.847   286   893 I ip6tables: ip6tables: No chain/target/match by that name.
08-16 07:44:07.848   286   893 I ip6tables: ip6tables terminated by exit(1)
08-16 07:44:07.848   286   893 E Netd    : exec() res=0, status=256 for /system/bin/ip6tables -w -F st_clear_caught 
08-16 07:44:07.865   286   893 I iptables: iptables: No chain/target/match by that name.
08-16 07:44:07.870   286   893 I iptables: iptables terminated by exit(1)
08-16 07:44:07.871   286   893 E Netd    : exec() res=0, status=256 for /system/bin/iptables -w -F st_clear_detect 
08-16 07:44:07.883   286   893 I ip6tables: ip6tables: No chain/target/match by that name.
08-16 07:44:07.884   286   893 I ip6tables: ip6tables terminated by exit(1)
08-16 07:44:07.884   286   893 E Netd    : exec() res=0, status=256 for /system/bin/ip6tables -w -F st_clear_detect 
08-16 07:44:07.895   286   893 I iptables: iptables: No chain/target/match by that name.
08-16 07:44:07.895   286   893 I iptables: iptables terminated by exit(1)
08-16 07:44:07.895   286   893 E Netd    : exec() res=0, status=256 for /system/bin/iptables -w -X st_penalty_log 
08-16 07:44:07.903   286   893 I ip6tables: ip6tables: No chain/target/match by that name.
08-16 07:44:07.903   286   893 I ip6tables: ip6tables terminated by exit(1)
08-16 07:44:07.903   286   893 E Netd    : exec() res=0, status=256 for /system/bin/ip6tables -w -X st_penalty_log 
08-16 07:44:07.907   290  1007 E OMX-VENC: Setting session priority failed
08-16 07:44:07.908   290  1007 I OMX-VENC: Component_init : OMX.qcom.video.encoder.h263 : return = 0x0
08-16 07:44:07.913   286   893 I iptables: iptables: No chain/target/match by that name.
08-16 07:44:07.913   290  1007 E OMX-VENC: get_parameter: OMX_IndexParamVideoProfileLevelQuerySupported nProfileIndex ret NoMore 1
08-16 07:44:07.913   290  1007 W ACodec  : do not know color format 0x7fa30c04 = 2141391876
08-16 07:44:07.913   290  1007 W ACodec  : do not know color format 0x7f000789 = 2130708361
08-16 07:44:07.917   290  1007 I OMX-VENC: Component Deinit
08-16 07:44:07.924   286   893 I iptables: iptables terminated by exit(1)
08-16 07:44:07.924   286   893 E Netd    : exec() res=0, status=256 for /system/bin/iptables -w -X st_penalty_reject 
08-16 07:44:07.936   286   893 I ip6tables: ip6tables: No chain/target/match by that name.
08-16 07:44:07.936   286   893 I ip6tables: ip6tables terminated by exit(1)
08-16 07:44:07.936   286   893 E Netd    : exec() res=0, status=256 for /system/bin/ip6tables -w -X st_penalty_reject 
08-16 07:44:07.938  1048  1048 I vol.Events: writeEvent collection_started
08-16 07:44:07.943  1048  1175 I vol.Events: writeEvent external_ringer_mode_changed normal
08-16 07:44:07.943  1048  1175 I vol.Events: writeEvent internal_ringer_mode_changed normal
08-16 07:44:07.945   286   893 I iptables: iptables: No chain/target/match by that name.
08-16 07:44:07.947   286   893 I iptables: iptables terminated by exit(1)
08-16 07:44:07.947   286   893 E Netd    : exec() res=0, status=256 for /system/bin/iptables -w -X st_clear_caught 
08-16 07:44:07.957   286   893 I ip6tables: ip6tables: No chain/target/match by that name.
08-16 07:44:07.964   286   893 I ip6tables: ip6tables terminated by exit(1)
08-16 07:44:07.965   286   893 E Netd    : exec() res=0, status=256 for /system/bin/ip6tables -w -X st_clear_caught 
08-16 07:44:07.974   286   893 I iptables: iptables: No chain/target/match by that name.
08-16 07:44:07.975   286   893 I iptables: iptables terminated by exit(1)
08-16 07:44:07.975   286   893 E Netd    : exec() res=0, status=256 for /system/bin/iptables -w -X st_clear_detect 
08-16 07:44:07.984   286   893 I ip6tables: ip6tables: No chain/target/match by that name.
08-16 07:44:07.989   286   893 I ip6tables: ip6tables terminated by exit(1)
08-16 07:44:07.989   286   893 E Netd    : exec() res=0, status=256 for /system/bin/ip6tables -w -X st_clear_detect 
08-16 07:44:07.999   290  1007 E OMX-VENC: Setting session priority failed
08-16 07:44:08.000   290  1007 I OMX-VENC: Component_init : OMX.qcom.video.encoder.avc : return = 0x0
08-16 07:44:08.000   290  1007 W ACodec  : do not know color format 0x7fa30c04 = 2141391876
08-16 07:44:08.000   290  1007 W ACodec  : do not know color format 0x7f000789 = 2130708361
08-16 07:44:08.003   290  1007 I OMX-VENC: Component Deinit
08-16 07:44:08.058  1048  1175 I vol.Events: writeEvent level_changed STREAM_ALARM 6
08-16 07:44:08.059  1048  1175 I vol.Events: writeEvent level_changed STREAM_BLUETOOTH_SCO 7
08-16 07:44:08.061  1048  1175 I vol.Events: writeEvent level_changed STREAM_MUSIC 11
08-16 07:44:08.063  1048  1175 I vol.Events: writeEvent level_changed STREAM_RING 5
08-16 07:44:08.064  1048  1175 I vol.Events: writeEvent level_changed STREAM_SYSTEM 5
08-16 07:44:08.068  1048  1175 I vol.Events: writeEvent level_changed STREAM_VOICE_CALL 4
08-16 07:44:08.072  1048  1048 D StorageNotification: Notifying about private volume: VolumeInfo{private}:
08-16 07:44:08.072  1048  1048 D StorageNotification:     type=PRIVATE diskId=null partGuid=null mountFlags=0 mountUserId=-1 
08-16 07:44:08.072  1048  1048 D StorageNotification:     state=MOUNTED 
08-16 07:44:08.072  1048  1048 D StorageNotification:     fsType=null fsUuid=null fsLabel=null 
08-16 07:44:08.072  1048  1048 D StorageNotification:     path=/data internalPath=null 
08-16 07:44:08.073   290  1007 E OMX-VENC: Setting session priority failed
08-16 07:44:08.074   290  1007 I OMX-VENC: Component_init : OMX.qcom.video.encoder.vp8 : return = 0x0
08-16 07:44:08.074   290  1007 W ACodec  : do not know color format 0x7fa30c04 = 2141391876
08-16 07:44:08.074   290  1007 W ACodec  : do not know color format 0x7f000789 = 2130708361
08-16 07:44:08.078   290  1007 I OMX-VENC: Component Deinit
08-16 07:44:08.109   896   907 I StatusBarManagerService: registerStatusBar bar=com.android.internal.statusbar.IStatusBar$Stub$Proxy@3fd91e1
08-16 07:44:08.153   290  1007 I OMX-VDEC-1080P: component_init: OMX.qcom.video.decoder.avc : fd=17
08-16 07:44:08.154   290  1007 I OMX-VDEC-1080P: Capabilities: driver_name = msm_vidc_driver, card = msm_vdec_8974, bus_info = , version = 1, capabilities = 4003000
08-16 07:44:08.161   290  1007 I OMX-VDEC-1080P: omx_vdec::component_init() success : fd=17
08-16 07:44:08.161   290  1007 E OMXNodeInstance: getParameter(13:qcom.decoder.avc, ??(0x7f000044)) ERROR: UnsupportedSetting(0x80001019)
08-16 07:44:08.161   290  1007 E OMXNodeInstance: getParameter(13:qcom.decoder.avc, ??(0x7f000044)) ERROR: UnsupportedSetting(0x80001019)
08-16 07:44:08.161   290  1007 E OMX-VDEC-1080P: Extension: OMX.google.android.index.storeANWBufferInMetadata not implemented
08-16 07:44:08.162   290  1007 I OMX-VDEC-1080P: omx_vdec::component_deinit() complete
08-16 07:44:08.166   290  1007 I OMX-VDEC-1080P: Exit OMX vdec Destructor: fd=17
08-16 07:44:08.233   290  1007 I OMX-VDEC-1080P: component_init: OMX.qcom.video.decoder.avc : fd=17
08-16 07:44:08.233   290  1007 I OMX-VDEC-1080P: Capabilities: driver_name = msm_vidc_driver, card = msm_vdec_8974, bus_info = , version = 1, capabilities = 4003000
08-16 07:44:08.240   290  1007 I OMX-VDEC-1080P: omx_vdec::component_init() success : fd=17
08-16 07:44:08.240   290  1007 E OMXNodeInstance: getParameter(14:qcom.decoder.avc.secure, ??(0x7f000044)) ERROR: UnsupportedSetting(0x80001019)
08-16 07:44:08.240   290  1007 E OMXNodeInstance: getParameter(14:qcom.decoder.avc.secure, ??(0x7f000044)) ERROR: UnsupportedSetting(0x80001019)
08-16 07:44:08.240   290  1007 E OMX-VDEC-1080P: Extension: OMX.google.android.index.storeANWBufferInMetadata not implemented
08-16 07:44:08.240   290  1007 I OMX-VDEC-1080P: omx_vdec::component_deinit() complete
08-16 07:44:08.244   290  1007 I OMX-VDEC-1080P: Exit OMX vdec Destructor: fd=17
08-16 07:44:08.275   896  1000 D WifiService: New client listening to asynchronous messages
08-16 07:44:08.310   896   917 W WindowManager: Keyguard drawn timeout. Setting mKeyguardDrawComplete
08-16 07:44:08.313   290  1007 I OMX-VDEC-1080P: component_init: OMX.qcom.video.decoder.mpeg4 : fd=17
08-16 07:44:08.314   290  1007 I OMX-VDEC-1080P: Capabilities: driver_name = msm_vidc_driver, card = msm_vdec_8974, bus_info = , version = 1, capabilities = 4003000
08-16 07:44:08.316   290  1007 I OMX-VDEC-1080P: omx_vdec::component_init() success : fd=17
08-16 07:44:08.316   290  1007 E OMXNodeInstance: getParameter(15:qcom.decoder.mpeg4, ??(0x7f000044)) ERROR: UnsupportedSetting(0x80001019)
08-16 07:44:08.316   290  1007 E OMXNodeInstance: getParameter(15:qcom.decoder.mpeg4, ??(0x7f000044)) ERROR: UnsupportedSetting(0x80001019)
08-16 07:44:08.316   290  1007 E OMX-VDEC-1080P: Extension: OMX.google.android.index.storeANWBufferInMetadata not implemented
08-16 07:44:08.316   290  1007 I OMX-VDEC-1080P: omx_vdec::component_deinit() complete
08-16 07:44:08.320   290  1007 I OMX-VDEC-1080P: Exit OMX vdec Destructor: fd=17
08-16 07:44:08.384   896   896 E NetdConnector: NDC Command {5 strict enable} took too long (656ms)
08-16 07:44:08.384   286   893 D CommandListener: Setting iface cfg
08-16 07:44:08.385   286   893 D CommandListener: Trying to bring down wlan0
08-16 07:44:08.385   896   999 E NetdConnector: NDC Command {6 interface setcfg wlan0 0.0.0.0 0 multicast broadcast down} took too long (656ms)
08-16 07:44:08.385   286   893 D CommandListener: Clearing all IP addresses on wlan0
08-16 07:44:08.387   896   999 E WifiMonitor: killSupplicant p2ptrue init.svc.wpa_supplicant=unknown init.svc.p2p_supplicant=unknown
08-16 07:44:08.392   290  1007 I OMX-VDEC-1080P: component_init: OMX.qcom.video.decoder.h263 : fd=17
08-16 07:44:08.392   290  1007 I OMX-VDEC-1080P: Capabilities: driver_name = msm_vidc_driver, card = msm_vdec_8974, bus_info = , version = 1, capabilities = 4003000
08-16 07:44:08.395   290  1007 I OMX-VDEC-1080P: omx_vdec::component_init() success : fd=17
08-16 07:44:08.395   290  1007 E OMXNodeInstance: getParameter(16:qcom.decoder.h263, ??(0x7f000044)) ERROR: UnsupportedSetting(0x80001019)
08-16 07:44:08.395   290  1007 E OMXNodeInstance: getParameter(16:qcom.decoder.h263, ??(0x7f000044)) ERROR: UnsupportedSetting(0x80001019)
08-16 07:44:08.395   290  1007 E OMX-VDEC-1080P: Extension: OMX.google.android.index.storeANWBufferInMetadata not implemented
08-16 07:44:08.395   290  1007 I OMX-VDEC-1080P: omx_vdec::component_deinit() complete
08-16 07:44:08.399   290  1007 I OMX-VDEC-1080P: Exit OMX vdec Destructor: fd=17
08-16 07:44:08.475   290  1007 I OMX-VDEC-1080P: component_init: OMX.qcom.video.decoder.vp8 : fd=17
08-16 07:44:08.475   290  1007 I OMX-VDEC-1080P: Capabilities: driver_name = msm_vidc_driver, card = msm_vdec_8974, bus_info = , version = 1, capabilities = 4003000
08-16 07:44:08.477   290  1007 I OMX-VDEC-1080P: omx_vdec::component_init() success : fd=17
08-16 07:44:08.477   290  1007 E OMXNodeInstance: getParameter(17:qcom.decoder.vp8, ??(0x7f000044)) ERROR: UnsupportedSetting(0x80001019)
08-16 07:44:08.477   290  1007 E OMXNodeInstance: getParameter(17:qcom.decoder.vp8, ??(0x7f000044)) ERROR: UnsupportedSetting(0x80001019)
08-16 07:44:08.477   290  1007 E OMX-VDEC-1080P: Extension: OMX.google.android.index.storeANWBufferInMetadata not implemented
08-16 07:44:08.477   290  1007 I OMX-VDEC-1080P: omx_vdec::component_deinit() complete
08-16 07:44:08.482   290  1007 I OMX-VDEC-1080P: Exit OMX vdec Destructor: fd=17
08-16 07:44:08.491   290  1007 W OMXNodeInstance: [18:google.mpeg4.decoder] component does not support metadata mode; using fallback
08-16 07:44:08.494   290  1007 W OMXNodeInstance: [19:google.h263.decoder] component does not support metadata mode; using fallback
08-16 07:44:08.492   895   895 W Binder_3: type=1400 audit(0.0:16): avc: denied { ioctl } for path="socket:[12272]" dev="sockfs" ino=12272 ioctlcmd=7704 scontext=u:r:surfaceflinger:s0 tcontext=u:r:surfaceflinger:s0 tclass=unix_stream_socket permissive=0
08-16 07:44:08.492   895   895 W Binder_3: type=1400 audit(0.0:17): avc: denied { ioctl } for path="socket:[12272]" dev="sockfs" ino=12272 ioctlcmd=7704 scontext=u:r:surfaceflinger:s0 tcontext=u:r:surfaceflinger:s0 tclass=unix_stream_socket permissive=0
08-16 07:44:08.506   290  1007 W OMXNodeInstance: [1a:google.h264.decoder] component does not support metadata mode; using fallback
08-16 07:44:08.522   290  1007 W OMXNodeInstance: [1b:google.hevc.decoder] component does not support metadata mode; using fallback
08-16 07:44:08.532   290  1007 W OMXNodeInstance: [1c:google.vp8.decoder] component does not support metadata mode; using fallback
08-16 07:44:08.534   290  1007 W OMXNodeInstance: [1d:google.vp9.decoder] component does not support metadata mode; using fallback
08-16 07:44:08.535   896   896 D PermissionMonitor: Monitoring
08-16 07:44:08.537   896   920 D BluetoothManagerService: Added callback: android.bluetooth.IBluetoothManagerCallback$Stub$Proxy@88db713:true
08-16 07:44:08.543   290  1007 I SoftMPEG4Encoder: Construct SoftMPEG4Encoder
08-16 07:44:08.543   290  1007 W ACodec  : do not know color format 0x7f000789 = 2130708361
08-16 07:44:08.546   896   896 D PermissionMonitor: Users: 1, Apps: 88
08-16 07:44:08.550  1048  1048 D LocalBluetoothProfileManager: Adding local MAP profile
08-16 07:44:08.550   290   290 D audio_hw_primary: adev_set_parameters: enter: A2dpSuspended=false
08-16 07:44:08.550   896   896 I SystemServiceManager: Starting phase 600
08-16 07:44:08.550   896   920 D BluetoothManagerService: Added callback: android.bluetooth.BluetoothAdapter$1@b262dbd:true
08-16 07:44:08.552  1048  1048 D BluetoothMap: Create BluetoothMap proxy object
08-16 07:44:08.554   896   896 I BackupManagerService: Backup enabled => false
08-16 07:44:08.555   290   939 I AudioFlinger: systemReady
08-16 07:44:08.556  1048  1048 D LocalBluetoothProfileManager: LocalBluetoothProfileManager construction complete
08-16 07:44:08.556   290  1007 W ACodec  : do not know color format 0x7f000789 = 2130708361
08-16 07:44:08.558   290  1007 I SoftMPEG4Encoder: Construct SoftMPEG4Encoder
08-16 07:44:08.558   290  1007 W ACodec  : do not know color format 0x7f000789 = 2130708361
08-16 07:44:08.565   896   907 D ConnectivityService: listenForNetwork for Listen from uid/pid:10024/1048 for NetworkRequest [ id=3, legacyType=-1, [] ]
08-16 07:44:08.569   290  1007 W ACodec  : do not know color format 0x7f000789 = 2130708361
08-16 07:44:08.573  1048  1048 I CameraManagerGlobal: Connecting to camera service
08-16 07:44:08.575   290  1007 W MediaCodecList: unable to open media codecs configuration xml file: /data/misc/media/media_codecs_profiling_results.xml
08-16 07:44:08.577  1048  1108 I OMXClient: Using client-side OMX mux.
08-16 07:44:08.580  1048  1108 E OMXMaster: A component of name 'OMX.qcom.audio.decoder.aac' already exists, ignoring this one.
08-16 07:44:08.585   896   896 I ActivityManager: Start proc 1295:com.google.android.googlequicksearchbox:interactor/u0a26 for service com.google.android.googlequicksearchbox/com.google.android.voiceinteraction.GsaVoiceInteractionService
08-16 07:44:08.597   896   896 E InputMethodManagerService: Ignoring updateSystemUiLocked due to an invalid token. uid:1000 token:null
08-16 07:44:08.624   896  1310 I OMXClient: Using client-side OMX mux.
08-16 07:44:08.627   896  1310 E OMXMaster: A component of name 'OMX.qcom.audio.decoder.aac' already exists, ignoring this one.
08-16 07:44:08.632  1048  1314 I OMXClient: Using client-side OMX mux.
08-16 07:44:08.635  1048  1314 E OMXMaster: A component of name 'OMX.qcom.audio.decoder.aac' already exists, ignoring this one.
08-16 07:44:08.636   896   896 I ActivityManager: Start proc 1315:com.google.android.inputmethod.latin/u0a56 for service com.google.android.inputmethod.latin/com.android.inputmethod.latin.LatinIME
08-16 07:44:08.636   896   896 V InputMethodManagerService: Adding window token: android.os.Binder@1c1d822
08-16 07:44:08.696   896   906 I ActivityManager: Start proc 1334:android.process.acore/u0a2 for content provider com.android.providers.contacts/.ContactsProvider2
08-16 07:44:08.692   437   437 W Binder_1: type=1400 audit(0.0:18): avc: denied { ioctl } for path="socket:[15374]" dev="sockfs" ino=15374 ioctlcmd=7704 scontext=u:r:surfaceflinger:s0 tcontext=u:r:surfaceflinger:s0 tclass=unix_stream_socket permissive=0
08-16 07:44:08.700  1048  1341 D OpenGLRenderer: Use EGL_SWAP_BEHAVIOR_PRESERVED: true
08-16 07:44:08.701  1048  1341 D OpenGLRenderer: profile bars disabled
08-16 07:44:08.701  1048  1341 D OpenGLRenderer: ambientRatio = 1.50
08-16 07:44:08.692   437   437 W Binder_1: type=1400 audit(0.0:19): avc: denied { ioctl } for path="socket:[15374]" dev="sockfs" ino=15374 ioctlcmd=7704 scontext=u:r:surfaceflinger:s0 tcontext=u:r:surfaceflinger:s0 tclass=unix_stream_socket permissive=0
08-16 07:44:08.712  1055  1055 W Binder_3: type=1400 audit(0.0:20): avc: denied { ioctl } for path="socket:[15377]" dev="sockfs" ino=15377 ioctlcmd=7704 scontext=u:r:system_server:s0 tcontext=u:r:system_server:s0 tclass=unix_stream_socket permissive=0
08-16 07:44:08.712  1055  1055 W Binder_3: type=1400 audit(0.0:21): avc: denied { ioctl } for path="socket:[15377]" dev="sockfs" ino=15377 ioctlcmd=7704 scontext=u:r:system_server:s0 tcontext=u:r:system_server:s0 tclass=unix_stream_socket permissive=0
08-16 07:44:08.718  1048  1048 D PhoneStatusBar: disable: < expand icons alerts system_info back home recent clock search quick_settings >
08-16 07:44:08.723  1334  1334 W System  : ClassLoader referenced unknown path: /system/priv-app/ContactsProvider/lib/arm
08-16 07:44:08.722  1055  1055 W Binder_3: type=1400 audit(0.0:22): avc: denied { ioctl } for path="socket:[15384]" dev="sockfs" ino=15384 ioctlcmd=7704 scontext=u:r:system_server:s0 tcontext=u:r:system_server:s0 tclass=unix_stream_socket permissive=0
08-16 07:44:08.722  1055  1055 W Binder_3: type=1400 audit(0.0:23): avc: denied { ioctl } for path="socket:[15384]" dev="sockfs" ino=15384 ioctlcmd=7704 scontext=u:r:system_server:s0 tcontext=u:r:system_server:s0 tclass=unix_stream_socket permissive=0
08-16 07:44:08.722  1055  1055 W Binder_3: type=1400 audit(0.0:24): avc: denied { ioctl } for path="socket:[15386]" dev="sockfs" ino=15386 ioctlcmd=7704 scontext=u:r:system_server:s0 tcontext=u:r:system_server:s0 tclass=unix_stream_socket permissive=0
08-16 07:44:08.722  1055  1055 W Binder_3: type=1400 audit(0.0:25): avc: denied { ioctl } for path="socket:[15386]" dev="sockfs" ino=15386 ioctlcmd=7704 scontext=u:r:system_server:s0 tcontext=u:r:system_server:s0 tclass=unix_stream_socket permissive=0
08-16 07:44:08.757   896  1348 I OMXClient: Using client-side OMX mux.
08-16 07:44:08.759  1048  1349 I OMXClient: Using client-side OMX mux.
08-16 07:44:08.760   896  1348 E OMXMaster: A component of name 'OMX.qcom.audio.decoder.aac' already exists, ignoring this one.
08-16 07:44:08.761  1048  1349 E OMXMaster: A component of name 'OMX.qcom.audio.decoder.aac' already exists, ignoring this one.
08-16 07:44:08.818  1048  1048 D PhoneStatusBar: heads up is enabled
08-16 07:44:08.839   896   905 I art     : Background partial concurrent mark sweep GC freed 26657(1823KB) AllocSpace objects, 15(14MB) LOS objects, 33% free, 21MB/32MB, paused 552us total 101.233ms
08-16 07:44:08.874   896  1357 I OMXClient: Using client-side OMX mux.
08-16 07:44:08.876   896  1357 E OMXMaster: A component of name 'OMX.qcom.audio.decoder.aac' already exists, ignoring this one.
08-16 07:44:08.894   896   896 E LocSvc_afw: E/get_extension: Invalid interface passed in
08-16 07:44:08.922  1048  1048 D ViewRootImpl: changeCanvasOpacity: opaque=true
08-16 07:44:08.933  1315  1315 I Decoder : createOrResetDecoder
08-16 07:44:08.939  1315  1315 I Decoder : createOrResetDecoder
08-16 07:44:08.949   896   896 E LocSvc_afw: E/get_extension: Invalid interface passed in
08-16 07:44:08.956   896   915 D GpsLocationProvider: Reset GPS properties, previous size = 0
08-16 07:44:08.956   896   915 D GpsLocationProvider: GpsParamsResource: SUPL_HOST=supl.google.com
08-16 07:44:08.956   896   915 D GpsLocationProvider: GpsParamsResource: SUPL_PORT=7275
08-16 07:44:08.956   896   915 D GpsLocationProvider: GpsParamsResource: NTP_SERVER=north-america.pool.ntp.org
08-16 07:44:08.956   896   915 D GpsLocationProvider: GpsParamsResource: SUPL_VER=0x20000
08-16 07:44:08.956   896   915 D GpsLocationProvider: GpsParamsResource: SUPL_MODE=1
08-16 07:44:08.957   896   915 D GpsLocationProvider: GPS properties reloaded, size = 16
08-16 07:44:08.959   896   915 D GpsLocationProvider: GPS configuration:
08-16 07:44:08.959   896   915 D GpsLocationProvider:  #Wed Aug 16 07:44:08 EDT 2017
08-16 07:44:08.959   896   915 D GpsLocationProvider: SUPL_HOST=supl.google.com
08-16 07:44:08.959   896   915 D GpsLocationProvider: XTRA_SERVER_3=http\://xtra3.gpsonextra.net/xtra2.bin
08-16 07:44:08.959   896   915 D GpsLocationProvider: XTRA_SERVER_1=http\://xtra1.gpsonextra.net/xtra2.bin
08-16 07:44:08.959   896   915 D GpsLocationProvider: SUPL_PORT=7275
08-16 07:44:08.959   896   915 D GpsLocationProvider: DEBUG_LEVEL=2
08-16 07:44:08.959   896   915 D GpsLocationProvider: XTRA_SERVER_2=http\://xtra2.gpsonextra.net/xtra2.bin
08-16 07:44:08.959   896   915 D GpsLocationProvider: NMEA_PROVIDER=1
08-16 07:44:08.959   896   915 D GpsLocationProvider: CAPABILITIES=0x33
08-16 07:44:08.959   896   915 D GpsLocationProvider: SUPL_VER=0x20000
08-16 07:44:08.959   896   915 D GpsLocationProvider: ERR_ESTIMATE=0
08-16 07:44:08.959   896   915 D GpsLocationProvider: XTRA_SERVER_QUERY=0
08-16 07:44:08.959   896   915 D GpsLocationProvider: A_GLONASS_POS_PROTOCOL_SELECT=0
08-16 07:44:08.959   896   915 D GpsLocationProvider: INTERMEDIATE_POS=0
08-16 07:44:08.959   896   915 D GpsLocationProvider: LPP_PROFILE=0
08-16 07:44:08.959   896   915 D GpsLocationProvider: NTP_SERVER=time.gpsonextra.net
08-16 07:44:08.959   896   915 D GpsLocationProvider: SUPL_MODE=1
08-16 07:44:08.960   896   915 D GpsLocationProvider: final config = #Wed Aug 16 07:44:08 EDT 2017
08-16 07:44:08.960   896   915 D GpsLocationProvider: SUPL_HOST=supl.google.com
08-16 07:44:08.960   896   915 D GpsLocationProvider: XTRA_SERVER_3=http\://xtra3.gpsonextra.net/xtra2.bin
08-16 07:44:08.960   896   915 D GpsLocationProvider: XTRA_SERVER_1=http\://xtra1.gpsonextra.net/xtra2.bin
08-16 07:44:08.960   896   915 D GpsLocationProvider: SUPL_PORT=7275
08-16 07:44:08.960   896   915 D GpsLocationProvider: DEBUG_LEVEL=2
08-16 07:44:08.960   896   915 D GpsLocationProvider: XTRA_SERVER_2=http\://xtra2.gpsonextra.net/xtra2.bin
08-16 07:44:08.960   896   915 D GpsLocationProvider: NMEA_PROVIDER=1
08-16 07:44:08.960   896   915 D GpsLocationProvider: CAPABILITIES=0x33
08-16 07:44:08.960   896   915 D GpsLocationProvider: SUPL_VER=0x20000
08-16 07:44:08.960   896   915 D GpsLocationProvider: ERR_ESTIMATE=0
08-16 07:44:08.960   896   915 D GpsLocationProvider: XTRA_SERVER_QUERY=0
08-16 07:44:08.960   896   915 D GpsLocationProvider: A_GLONASS_POS_PROTOCOL_SELECT=0
08-16 07:44:08.960   896   915 D GpsLocationProvider: INTERMEDIATE_POS=0
08-16 07:44:08.960   896   915 D GpsLocationProvider: LPP_PROFILE=0
08-16 07:44:08.960   896   915 D GpsLocationProvider: NTP_SERVER=time.gpsonextra.net
08-16 07:44:08.960   896   915 D GpsLocationProvider: SUPL_MODE=1
08-16 07:44:08.969  1315  1315 I LatinIME: Hardware accelerated drawing: true
08-16 07:44:08.970  1048  1341 I Adreno-EGL: <qeglDrvAPI_eglInitialize:379>: QUALCOMM Build: 10/21/15, 369a2ea, I96aee987eb
08-16 07:44:08.972  1048  1341 I OpenGLRenderer: Initialized EGL, version 1.4
08-16 07:44:08.998   896  1000 D WifiService: New client listening to asynchronous messages
08-16 07:44:09.006   896  1366 V FlpHardwareProvider: Callback thread attached: 0xa0e9a920
08-16 07:44:09.006   896  1366 E Diag_Lib:  Diag_LSM_Init: Failed to open handle to diag driver, error = 2
08-16 07:44:09.015  1334  1334 W System  : ClassLoader referenced unknown path: /system/app/UserDictionaryProvider/lib/arm
08-16 07:44:09.017   896  1369 I OMXClient: Using client-side OMX mux.
08-16 07:44:09.018   896   896 E ActivityRecognitionHardware: Error hw_get_module: -2
